Archive member included to satisfy reference by file (symbol)

/Applications/ArmGNUToolchain/13.2.Rel1/arm-none-eabi/bin/../lib/gcc/arm-none-eabi/13.2.1/../../../../arm-none-eabi/lib/thumb/v7e-m+fp/hard/libc_nano.a(libc_a-exit.o)
                              /Applications/ArmGNUToolchain/13.2.Rel1/arm-none-eabi/bin/../lib/gcc/arm-none-eabi/13.2.1/../../../../arm-none-eabi/lib/thumb/v7e-m+fp/hard/crt0.o (exit)
/Applications/ArmGNUToolchain/13.2.Rel1/arm-none-eabi/bin/../lib/gcc/arm-none-eabi/13.2.1/../../../../arm-none-eabi/lib/thumb/v7e-m+fp/hard/libc_nano.a(libc_a-nano-vfprintf_float.o)
                              (_printf_float)
/Applications/ArmGNUToolchain/13.2.Rel1/arm-none-eabi/bin/../lib/gcc/arm-none-eabi/13.2.1/../../../../arm-none-eabi/lib/thumb/v7e-m+fp/hard/libc_nano.a(libc_a-nano-vfprintf_i.o)
                              /Applications/ArmGNUToolchain/13.2.Rel1/arm-none-eabi/bin/../lib/gcc/arm-none-eabi/13.2.1/../../../../arm-none-eabi/lib/thumb/v7e-m+fp/hard/libc_nano.a(libc_a-nano-vfprintf_float.o) (_printf_common)
/Applications/ArmGNUToolchain/13.2.Rel1/arm-none-eabi/bin/../lib/gcc/arm-none-eabi/13.2.1/../../../../arm-none-eabi/lib/thumb/v7e-m+fp/hard/libc_nano.a(libc_a-snprintf.o)
                              build/freertos.o (snprintf)
/Applications/ArmGNUToolchain/13.2.Rel1/arm-none-eabi/bin/../lib/gcc/arm-none-eabi/13.2.1/../../../../arm-none-eabi/lib/thumb/v7e-m+fp/hard/libc_nano.a(libc_a-findfp.o)
                              build/tasks.o (__sf)
/Applications/ArmGNUToolchain/13.2.Rel1/arm-none-eabi/bin/../lib/gcc/arm-none-eabi/13.2.1/../../../../arm-none-eabi/lib/thumb/v7e-m+fp/hard/libc_nano.a(libc_a-fwalk.o)
                              /Applications/ArmGNUToolchain/13.2.Rel1/arm-none-eabi/bin/../lib/gcc/arm-none-eabi/13.2.1/../../../../arm-none-eabi/lib/thumb/v7e-m+fp/hard/libc_nano.a(libc_a-findfp.o) (_fwalk_sglue)
/Applications/ArmGNUToolchain/13.2.Rel1/arm-none-eabi/bin/../lib/gcc/arm-none-eabi/13.2.1/../../../../arm-none-eabi/lib/thumb/v7e-m+fp/hard/libc_nano.a(libc_a-memset.o)
                              /Applications/ArmGNUToolchain/13.2.Rel1/arm-none-eabi/bin/../lib/gcc/arm-none-eabi/13.2.1/../../../../arm-none-eabi/lib/thumb/v7e-m+fp/hard/crt0.o (memset)
/Applications/ArmGNUToolchain/13.2.Rel1/arm-none-eabi/bin/../lib/gcc/arm-none-eabi/13.2.1/../../../../arm-none-eabi/lib/thumb/v7e-m+fp/hard/libc_nano.a(libc_a-localeconv.o)
                              /Applications/ArmGNUToolchain/13.2.Rel1/arm-none-eabi/bin/../lib/gcc/arm-none-eabi/13.2.1/../../../../arm-none-eabi/lib/thumb/v7e-m+fp/hard/libc_nano.a(libc_a-nano-vfprintf_float.o) (_localeconv_r)
/Applications/ArmGNUToolchain/13.2.Rel1/arm-none-eabi/bin/../lib/gcc/arm-none-eabi/13.2.1/../../../../arm-none-eabi/lib/thumb/v7e-m+fp/hard/libc_nano.a(libc_a-reent.o)
                              build/tasks.o (_reclaim_reent)
/Applications/ArmGNUToolchain/13.2.Rel1/arm-none-eabi/bin/../lib/gcc/arm-none-eabi/13.2.1/../../../../arm-none-eabi/lib/thumb/v7e-m+fp/hard/libc_nano.a(libc_a-impure.o)
                              build/tasks.o (_impure_ptr)
/Applications/ArmGNUToolchain/13.2.Rel1/arm-none-eabi/bin/../lib/gcc/arm-none-eabi/13.2.1/../../../../arm-none-eabi/lib/thumb/v7e-m+fp/hard/libc_nano.a(libc_a-errno.o)
                              build/sysmem.o (__errno)
/Applications/ArmGNUToolchain/13.2.Rel1/arm-none-eabi/bin/../lib/gcc/arm-none-eabi/13.2.1/../../../../arm-none-eabi/lib/thumb/v7e-m+fp/hard/libc_nano.a(libc_a-init.o)
                              /Applications/ArmGNUToolchain/13.2.Rel1/arm-none-eabi/bin/../lib/gcc/arm-none-eabi/13.2.1/../../../../arm-none-eabi/lib/thumb/v7e-m+fp/hard/crt0.o (__libc_init_array)
/Applications/ArmGNUToolchain/13.2.Rel1/arm-none-eabi/bin/../lib/gcc/arm-none-eabi/13.2.1/../../../../arm-none-eabi/lib/thumb/v7e-m+fp/hard/libc_nano.a(libc_a-lock.o)
                              /Applications/ArmGNUToolchain/13.2.Rel1/arm-none-eabi/bin/../lib/gcc/arm-none-eabi/13.2.1/../../../../arm-none-eabi/lib/thumb/v7e-m+fp/hard/libc_nano.a(libc_a-findfp.o) (__retarget_lock_init_recursive)
/Applications/ArmGNUToolchain/13.2.Rel1/arm-none-eabi/bin/../lib/gcc/arm-none-eabi/13.2.1/../../../../arm-none-eabi/lib/thumb/v7e-m+fp/hard/libc_nano.a(libc_a-memchr.o)
                              /Applications/ArmGNUToolchain/13.2.Rel1/arm-none-eabi/bin/../lib/gcc/arm-none-eabi/13.2.1/../../../../arm-none-eabi/lib/thumb/v7e-m+fp/hard/libc_nano.a(libc_a-nano-vfprintf_i.o) (memchr)
/Applications/ArmGNUToolchain/13.2.Rel1/arm-none-eabi/bin/../lib/gcc/arm-none-eabi/13.2.1/../../../../arm-none-eabi/lib/thumb/v7e-m+fp/hard/libc_nano.a(libc_a-memcpy-stub.o)
                              build/queue.o (memcpy)
/Applications/ArmGNUToolchain/13.2.Rel1/arm-none-eabi/bin/../lib/gcc/arm-none-eabi/13.2.1/../../../../arm-none-eabi/lib/thumb/v7e-m+fp/hard/libc_nano.a(libc_a-strlen.o)
                              build/freertos.o (strlen)
[...]
Memory Configuration

Name             Origin             Length             Attributes
RAM              0x20000000         0x00020000         xrw
FLASH            0x08000000         0x00080000         xr
*default*        0x00000000         0xffffffff

Linker script and memory map

LOAD /Applications/ArmGNUToolchain/13.2.Rel1/arm-none-eabi/bin/../lib/gcc/arm-none-eabi/13.2.1/thumb/v7e-m+fp/hard/crti.o
LOAD /Applications/ArmGNUToolchain/13.2.Rel1/arm-none-eabi/bin/../lib/gcc/arm-none-eabi/13.2.1/thumb/v7e-m+fp/hard/crtbegin.o
LOAD /Applications/ArmGNUToolchain/13.2.Rel1/arm-none-eabi/bin/../lib/gcc/arm-none-eabi/13.2.1/../../../../arm-none-eabi/lib/thumb/v7e-m+fp/hard/crt0.o
LOAD build/main.o
LOAD build/gpio.o
LOAD build/freertos.o
LOAD build/i2c.o
LOAD build/spi.o
LOAD build/tim.o
LOAD build/usart.o
LOAD build/stm32f4xx_it.o
LOAD build/stm32f4xx_hal_msp.o
LOAD build/stm32f4xx_hal_timebase_tim.o
LOAD build/usb_device.o
LOAD build/usbd_desc.o
LOAD build/usbd_cdc_if.o
LOAD build/usbd_conf.o
LOAD build/stm32f4xx_hal_pcd.o
LOAD build/stm32f4xx_hal_pcd_ex.o
LOAD build/stm32f4xx_ll_usb.o
LOAD build/stm32f4xx_hal_rcc.o
LOAD build/stm32f4xx_hal_rcc_ex.o
LOAD build/stm32f4xx_hal_flash.o
LOAD build/stm32f4xx_hal_flash_ex.o
LOAD build/stm32f4xx_hal_flash_ramfunc.o
LOAD build/stm32f4xx_hal_gpio.o
LOAD build/stm32f4xx_hal_dma_ex.o
LOAD build/stm32f4xx_hal_dma.o
LOAD build/stm32f4xx_hal_pwr.o
LOAD build/stm32f4xx_hal_pwr_ex.o
LOAD build/stm32f4xx_hal_cortex.o
LOAD build/stm32f4xx_hal.o
LOAD build/stm32f4xx_hal_exti.o
LOAD build/stm32f4xx_ll_rcc.o
LOAD build/stm32f4xx_ll_utils.o
LOAD build/stm32f4xx_ll_exti.o
LOAD build/stm32f4xx_hal_i2c.o
LOAD build/stm32f4xx_hal_i2c_ex.o
LOAD build/stm32f4xx_hal_spi.o
LOAD build/stm32f4xx_hal_tim.o
LOAD build/stm32f4xx_hal_tim_ex.o
LOAD build/stm32f4xx_ll_tim.o
LOAD build/stm32f4xx_ll_gpio.o
LOAD build/stm32f4xx_ll_dma.o
LOAD build/stm32f4xx_hal_uart.o
LOAD build/system_stm32f4xx.o
LOAD build/croutine.o
LOAD build/event_groups.o
LOAD build/list.o
LOAD build/queue.o
LOAD build/stream_buffer.o
LOAD build/tasks.o
LOAD build/timers.o
LOAD build/cmsis_os.o
LOAD build/heap_4.o
LOAD build/port.o
LOAD build/usbd_core.o
LOAD build/usbd_ctlreq.o
LOAD build/usbd_ioreq.o
LOAD build/usbd_cdc.o
LOAD build/sysmem.o
LOAD build/syscalls.o
LOAD build/baro_mpl3115a2.o
LOAD build/imu_mpu6050.o
LOAD build/SensorTask.o
LOAD build/startup_stm32f411xe.o
LOAD /Applications/ArmGNUToolchain/13.2.Rel1/arm-none-eabi/bin/../lib/gcc/arm-none-eabi/13.2.1/../../../../arm-none-eabi/lib/thumb/v7e-m+fp/hard/libc_nano.a
LOAD /Applications/ArmGNUToolchain/13.2.Rel1/arm-none-eabi/bin/../lib/gcc/arm-none-eabi/13.2.1/../../../../arm-none-eabi/lib/thumb/v7e-m+fp/hard/libm.a
LOAD /Applications/ArmGNUToolchain/13.2.Rel1/arm-none-eabi/bin/../lib/gcc/arm-none-eabi/13.2.1/../../../../arm-none-eabi/lib/thumb/v7e-m+fp/hard/libnosys.a
START GROUP
LOAD /Applications/ArmGNUToolchain/13.2.Rel1/arm-none-eabi/bin/../lib/gcc/arm-none-eabi/13.2.1/thumb/v7e-m+fp/hard/libgcc.a
LOAD /Applications/ArmGNUToolchain/13.2.Rel1/arm-none-eabi/bin/../lib/gcc/arm-none-eabi/13.2.1/../../../../arm-none-eabi/lib/thumb/v7e-m+fp/hard/libc_nano.a
END GROUP
START GROUP
LOAD /Applications/ArmGNUToolchain/13.2.Rel1/arm-none-eabi/bin/../lib/gcc/arm-none-eabi/13.2.1/thumb/v7e-m+fp/hard/libgcc.a
LOAD /Applications/ArmGNUToolchain/13.2.Rel1/arm-none-eabi/bin/../lib/gcc/arm-none-eabi/13.2.1/../../../../arm-none-eabi/lib/thumb/v7e-m+fp/hard/libc_nano.a
END GROUP
LOAD /Applications/ArmGNUToolchain/13.2.Rel1/arm-none-eabi/bin/../lib/gcc/arm-none-eabi/13.2.1/thumb/v7e-m+fp/hard/crtend.o
LOAD /Applications/ArmGNUToolchain/13.2.Rel1/arm-none-eabi/bin/../lib/gcc/arm-none-eabi/13.2.1/thumb/v7e-m+fp/hard/crtn.o
                0x20020000                        _estack = (ORIGIN (RAM) + LENGTH (RAM))
                0x00000200                        _Min_Heap_Size = 0x200
                0x00000400                        _Min_Stack_Size = 0x400

.isr_vector     0x08000000      0x198
                0x08000000                        . = ALIGN (0x4)
 *(.isr_vector)
 .isr_vector    0x08000000      0x198 build/startup_stm32f411xe.o
                0x08000000                g_pfnVectors
                0x08000198                        . = ALIGN (0x4)

.text           0x080001a0     0xb328
                0x080001a0                        . = ALIGN (0x4)
 *(.text)
 .text          0x080001a0       0xa0 /Applications/ArmGNUToolchain/13.2.Rel1/arm-none-eabi/bin/../lib/gcc/arm-none-eabi/13.2.1/../../../../arm-none-eabi/lib/thumb/v7e-m+fp/hard/libc_nano.a(libc_a-memchr.o)
                0x080001a0                memchr
 .text          0x08000240       0x10 /Applications/ArmGNUToolchain/13.2.Rel1/arm-none-eabi/bin/../lib/gcc/arm-none-eabi/13.2.1/../../../../arm-none-eabi/lib/thumb/v7e-m+fp/hard/libc_nano.a(libc_a-strlen.o)
                0x08000240                strlen
 .text          0x08000250      0x378 /Applications/ArmGNUToolchain/13.2.Rel1/arm-none-eabi/bin/../lib/gcc/arm-none-eabi/13.2.1/thumb/v7e-m+fp/hard/libgcc.a(_arm_addsubdf3.o)
                0x08000250                __aeabi_drsub
                0x08000258                __subdf3
                0x08000258                __aeabi_dsub
                0x0800025c                __aeabi_dadd
                0x0800025c                __adddf3
                0x080004d4                __aeabi_ui2d
                0x080004d4                __floatunsidf
                0x080004f4                __floatsidf
                0x080004f4                __aeabi_i2d
                0x08000518                __extendsfdf2
                0x08000518                __aeabi_f2d
                0x0800055c                __aeabi_ul2d
                0x0800055c                __floatundidf
                0x0800056c                __aeabi_l2d
                0x0800056c                __floatdidf
 .text          0x080005c8      0x424 /Applications/ArmGNUToolchain/13.2.Rel1/arm-none-eabi/bin/../lib/gcc/arm-none-eabi/13.2.1/thumb/v7e-m+fp/hard/libgcc.a(_arm_muldivdf3.o)
                0x080005c8                __aeabi_dmul
                0x080005c8                __muldf3
                0x0800081c                __aeabi_ddiv
                0x0800081c                __divdf3
 .text          0x080009ec      0x110 /Applications/ArmGNUToolchain/13.2.Rel1/arm-none-eabi/bin/../lib/gcc/arm-none-eabi/13.2.1/thumb/v7e-m+fp/hard/libgcc.a(_arm_cmpdf2.o)
                0x080009ec                __gedf2
                0x080009ec                __gtdf2
                0x080009f4                __ledf2
                0x080009f4                __ltdf2
                0x080009fc                __cmpdf2
                0x080009fc                __eqdf2
                0x080009fc                __nedf2
                0x08000a78                __aeabi_cdrcmple
                0x08000a88                __aeabi_cdcmple
                0x08000a88                __aeabi_cdcmpeq
                0x08000a98                __aeabi_dcmpeq
                0x08000aac                __aeabi_dcmplt
                0x08000ac0                __aeabi_dcmple
                0x08000ad4                __aeabi_dcmpge
                0x08000ae8                __aeabi_dcmpgt
 .text          0x08000afc       0x2c /Applications/ArmGNUToolchain/13.2.Rel1/arm-none-eabi/bin/../lib/gcc/arm-none-eabi/13.2.1/thumb/v7e-m+fp/hard/libgcc.a(_arm_unorddf2.o)
                0x08000afc                __aeabi_dcmpun
                0x08000afc                __unorddf2
 .text          0x08000b28       0x50 /Applications/ArmGNUToolchain/13.2.Rel1/arm-none-eabi/bin/../lib/gcc/arm-none-eabi/13.2.1/thumb/v7e-m+fp/hard/libgcc.a(_arm_fixdfsi.o)
                0x08000b28                __fixdfsi
                0x08000b28                __aeabi_d2iz
 .text          0x08000b78       0x30 /Applications/ArmGNUToolchain/13.2.Rel1/arm-none-eabi/bin/../lib/gcc/arm-none-eabi/13.2.1/thumb/v7e-m+fp/hard/libgcc.a(_aeabi_uldivmod.o)
                0x08000b78                __aeabi_uldivmod
 .text          0x08000ba8        0x4 /Applications/ArmGNUToolchain/13.2.Rel1/arm-none-eabi/bin/../lib/gcc/arm-none-eabi/13.2.1/thumb/v7e-m+fp/hard/libgcc.a(_dvmd_tls.o)
                0x08000ba8                __aeabi_ldiv0
                0x08000ba8                __aeabi_idiv0
 *(.text*)
 .text.deregister_tm_clones
                0x08000bac       0x1c /Applications/ArmGNUToolchain/13.2.Rel1/arm-none-eabi/bin/../lib/gcc/arm-none-eabi/13.2.1/thumb/v7e-m+fp/hard/crtbegin.o
 .text.register_tm_clones
                0x08000bc8       0x24 /Applications/ArmGNUToolchain/13.2.Rel1/arm-none-eabi/bin/../lib/gcc/arm-none-eabi/13.2.1/thumb/v7e-m+fp/hard/crtbegin.o
 .text.__do_global_dtors_aux
                0x08000bec       0x28 /Applications/ArmGNUToolchain/13.2.Rel1/arm-none-eabi/bin/../lib/gcc/arm-none-eabi/13.2.1/thumb/v7e-m+fp/hard/crtbegin.o
 .text.frame_dummy
                0x08000c14       0x24 /Applications/ArmGNUToolchain/13.2.Rel1/arm-none-eabi/bin/../lib/gcc/arm-none-eabi/13.2.1/thumb/v7e-m+fp/hard/crtbegin.o
 .text.HAL_TIM_PeriodElapsedCallback
                0x08000c38       0x18 build/main.o
                0x08000c38                HAL_TIM_PeriodElapsedCallback
 .text.Error_Handler
                0x08000c50        0x4 build/main.o
                0x08000c50                Error_Handler
 .text.SystemClock_Config
                0x08000c54       0xa4 build/main.o
                0x08000c54                SystemClock_Config
 .text.main     0x08000cf8       0x38 build/main.o
                0x08000cf8                main
 .text.MX_GPIO_Init
                0x08000d30       0xa0 build/gpio.o
                0x08000d30                MX_GPIO_Init
 .text.USBTask_Run
                0x08000dd0       0x78 build/freertos.o
                0x08000dd0                USBTask_Run
 .text.vApplicationStackOverflowHook
                0x08000e48        0x2 build/freertos.o
                0x08000e48                vApplicationStackOverflowHook
 *fill*         0x08000e4a        0x2 
 .text.vApplicationGetIdleTaskMemory
                0x08000e4c       0x18 build/freertos.o
                0x08000e4c                vApplicationGetIdleTaskMemory
 .text.vApplicationGetTimerTaskMemory
                0x08000e64       0x18 build/freertos.o
                0x08000e64                vApplicationGetTimerTaskMemory
 .text.MX_FREERTOS_Init
                0x08000e7c       0x34 build/freertos.o
                0x08000e7c                MX_FREERTOS_Init
 .text.MX_I2C1_Init
                0x08000eb0       0x3c build/i2c.o
                0x08000eb0                MX_I2C1_Init
 .text.MX_I2C2_Init
                0x08000eec       0x3c build/i2c.o
                0x08000eec                MX_I2C2_Init
 .text.HAL_I2C_MspInit
                0x08000f28       0xe4 build/i2c.o
                0x08000f28                HAL_I2C_MspInit
 .text.MX_SPI1_Init
                0x0800100c       0x40 build/spi.o
                0x0800100c                MX_SPI1_Init
 .text.HAL_SPI_MspInit
                0x0800104c       0x70 build/spi.o
                0x0800104c                HAL_SPI_MspInit
 .text.NVIC_EncodePriority
                0x080010bc       0x3e build/tim.o
 *fill*         0x080010fa        0x2 
 .text.LL_TIM_OC_DisableFast
                0x080010fc       0x68 build/tim.o
 .text.LL_TIM_IC_SetActiveInput
                0x08001164       0x70 build/tim.o
 .text.LL_TIM_IC_SetPrescaler
                0x080011d4       0x70 build/tim.o
 .text.LL_TIM_IC_SetFilter
                0x08001244       0x70 build/tim.o
 .text.MX_TIM1_Init
                0x080012b4      0x170 build/tim.o
                0x080012b4                MX_TIM1_Init
 .text.MX_TIM2_Init
                0x08001424       0xec build/tim.o
                0x08001424                MX_TIM2_Init
 .text.MX_TIM3_Init
                0x08001510      0x138 build/tim.o
                0x08001510                MX_TIM3_Init
 .text.MX_USART1_UART_Init
                0x08001648       0x34 build/usart.o
                0x08001648                MX_USART1_UART_Init
 .text.MX_USART2_UART_Init
                0x0800167c       0x34 build/usart.o
                0x0800167c                MX_USART2_UART_Init
 .text.HAL_UART_MspInit
                0x080016b0       0xc4 build/usart.o
                0x080016b0                HAL_UART_MspInit
 .text.NMI_Handler
                0x08001774        0x2 build/stm32f4xx_it.o
                0x08001774                NMI_Handler
 .text.HardFault_Handler
                0x08001776        0x2 build/stm32f4xx_it.o
                0x08001776                HardFault_Handler
 .text.MemManage_Handler
                0x08001778        0x2 build/stm32f4xx_it.o
                0x08001778                MemManage_Handler
 .text.BusFault_Handler
                0x0800177a        0x2 build/stm32f4xx_it.o
                0x0800177a                BusFault_Handler
 .text.UsageFault_Handler
                0x0800177c        0x2 build/stm32f4xx_it.o
                0x0800177c                UsageFault_Handler
 .text.DebugMon_Handler
                0x0800177e        0x2 build/stm32f4xx_it.o
                0x0800177e                DebugMon_Handler
 .text.TIM1_UP_TIM10_IRQHandler
                0x08001780        0x2 build/stm32f4xx_it.o
                0x08001780                TIM1_UP_TIM10_IRQHandler
 *fill*         0x08001782        0x2 
 .text.TIM1_TRG_COM_TIM11_IRQHandler
                0x08001784       0x10 build/stm32f4xx_it.o
                0x08001784                TIM1_TRG_COM_TIM11_IRQHandler
 .text.OTG_FS_IRQHandler
                0x08001794       0x10 build/stm32f4xx_it.o
                0x08001794                OTG_FS_IRQHandler
 .text.HAL_MspInit
                0x080017a4       0x44 build/stm32f4xx_hal_msp.o
                0x080017a4                HAL_MspInit
 .text.HAL_InitTick
                0x080017e8       0x94 build/stm32f4xx_hal_timebase_tim.o
                0x080017e8                HAL_InitTick
 .text.MX_USB_DEVICE_Init
                0x0800187c       0x54 build/usb_device.o
                0x0800187c                MX_USB_DEVICE_Init
 .text.USBD_FS_DeviceDescriptor
                0x080018d0        0xc build/usbd_desc.o
                0x080018d0                USBD_FS_DeviceDescriptor
 .text.USBD_FS_LangIDStrDescriptor
                0x080018dc        0xc build/usbd_desc.o
                0x080018dc                USBD_FS_LangIDStrDescriptor
 .text.IntToUnicode
                0x080018e8       0x46 build/usbd_desc.o
 *fill*         0x0800192e        0x2 
 .text.Get_SerialNum
                0x08001930       0x38 build/usbd_desc.o
 .text.USBD_FS_SerialStrDescriptor
                0x08001968       0x14 build/usbd_desc.o
                0x08001968                USBD_FS_SerialStrDescriptor
 .text.USBD_FS_ProductStrDescriptor
                0x0800197c       0x24 build/usbd_desc.o
                0x0800197c                USBD_FS_ProductStrDescriptor
 .text.USBD_FS_ManufacturerStrDescriptor
                0x080019a0       0x1c build/usbd_desc.o
                0x080019a0                USBD_FS_ManufacturerStrDescriptor
 .text.USBD_FS_ConfigStrDescriptor
                0x080019bc       0x24 build/usbd_desc.o
                0x080019bc                USBD_FS_ConfigStrDescriptor
 .text.USBD_FS_InterfaceStrDescriptor
                0x080019e0       0x24 build/usbd_desc.o
                0x080019e0                USBD_FS_InterfaceStrDescriptor
 .text.CDC_DeInit_FS
                0x08001a04        0x4 build/usbd_cdc_if.o
 .text.CDC_Control_FS
                0x08001a08        0x4 build/usbd_cdc_if.o
 .text.CDC_TransmitCplt_FS
                0x08001a0c        0x4 build/usbd_cdc_if.o
 .text.CDC_Receive_FS
                0x08001a10       0x1c build/usbd_cdc_if.o
 .text.CDC_Init_FS
                0x08001a2c       0x28 build/usbd_cdc_if.o
 .text.CDC_Transmit_FS
                0x08001a54       0x2c build/usbd_cdc_if.o
                0x08001a54                CDC_Transmit_FS
 .text.HAL_PCD_MspInit
                0x08001a80       0x84 build/usbd_conf.o
                0x08001a80                HAL_PCD_MspInit
 .text.HAL_PCD_SetupStageCallback
                0x08001b04       0x10 build/usbd_conf.o
                0x08001b04                HAL_PCD_SetupStageCallback
 .text.HAL_PCD_DataOutStageCallback
                0x08001b14       0x18 build/usbd_conf.o
                0x08001b14                HAL_PCD_DataOutStageCallback
 .text.HAL_PCD_DataInStageCallback
                0x08001b2c       0x16 build/usbd_conf.o
                0x08001b2c                HAL_PCD_DataInStageCallback
 .text.HAL_PCD_SOFCallback
                0x08001b42        0xc build/usbd_conf.o
                0x08001b42                HAL_PCD_SOFCallback
 .text.HAL_PCD_ResetCallback
                0x08001b4e       0x24 build/usbd_conf.o
                0x08001b4e                HAL_PCD_ResetCallback
 *fill*         0x08001b72        0x2 
 .text.HAL_PCD_SuspendCallback
                0x08001b74       0x30 build/usbd_conf.o
                0x08001b74                HAL_PCD_SuspendCallback
 .text.HAL_PCD_ResumeCallback
                0x08001ba4        0xc build/usbd_conf.o
                0x08001ba4                HAL_PCD_ResumeCallback
 .text.HAL_PCD_ISOOUTIncompleteCallback
                0x08001bb0        0xc build/usbd_conf.o
                0x08001bb0                HAL_PCD_ISOOUTIncompleteCallback
 .text.HAL_PCD_ISOINIncompleteCallback
                0x08001bbc        0xc build/usbd_conf.o
                0x08001bbc                HAL_PCD_ISOINIncompleteCallback
 .text.HAL_PCD_ConnectCallback
                0x08001bc8        0xc build/usbd_conf.o
                0x08001bc8                HAL_PCD_ConnectCallback
 .text.HAL_PCD_DisconnectCallback
                0x08001bd4        0xc build/usbd_conf.o
                0x08001bd4                HAL_PCD_DisconnectCallback
 .text.USBD_LL_Init
                0x08001be0       0x68 build/usbd_conf.o
                0x08001be0                USBD_LL_Init
 .text.USBD_LL_IsStallEP
                0x08001c48       0x2c build/usbd_conf.o
                0x08001c48                USBD_LL_IsStallEP
 .text.USBD_LL_GetRxDataSize
                0x08001c74        0xc build/usbd_conf.o
                0x08001c74                USBD_LL_GetRxDataSize
 .text.USBD_static_malloc
                0x08001c80        0x8 build/usbd_conf.o
                0x08001c80                USBD_static_malloc
 .text.USBD_static_free
                0x08001c88        0x2 build/usbd_conf.o
                0x08001c88                USBD_static_free
 .text.USBD_Get_USB_Status
                0x08001c8a       0x14 build/usbd_conf.o
                0x08001c8a                USBD_Get_USB_Status
 .text.USBD_LL_Start
                0x08001c9e       0x10 build/usbd_conf.o
                0x08001c9e                USBD_LL_Start
 .text.USBD_LL_OpenEP
                0x08001cae       0x16 build/usbd_conf.o
                0x08001cae                USBD_LL_OpenEP
 .text.USBD_LL_CloseEP
                0x08001cc4       0x10 build/usbd_conf.o
                0x08001cc4                USBD_LL_CloseEP
 .text.USBD_LL_StallEP
                0x08001cd4       0x10 build/usbd_conf.o
                0x08001cd4                USBD_LL_StallEP
 .text.USBD_LL_ClearStallEP
                0x08001ce4       0x10 build/usbd_conf.o
                0x08001ce4                USBD_LL_ClearStallEP
 .text.USBD_LL_SetUSBAddress
                0x08001cf4       0x10 build/usbd_conf.o
                0x08001cf4                USBD_LL_SetUSBAddress
 .text.USBD_LL_Transmit
                0x08001d04       0x10 build/usbd_conf.o
                0x08001d04                USBD_LL_Transmit
 .text.USBD_LL_PrepareReceive
                0x08001d14       0x10 build/usbd_conf.o
                0x08001d14                USBD_LL_PrepareReceive
 .text.PCD_WriteEmptyTxFifo
                0x08001d24       0xd0 build/stm32f4xx_hal_pcd.o
 .text.HAL_PCD_Init
                0x08001df4      0x102 build/stm32f4xx_hal_pcd.o
                0x08001df4                HAL_PCD_Init
 .text.HAL_PCD_Start
                0x08001ef6       0x44 build/stm32f4xx_hal_pcd.o
                0x08001ef6                HAL_PCD_Start
 *fill*         0x08001f3a        0x2 
 .text.PCD_EP_OutXfrComplete_int
                0x08001f3c      0x104 build/stm32f4xx_hal_pcd.o
 .text.PCD_EP_OutSetupPacket_int
                0x08002040       0x50 build/stm32f4xx_hal_pcd.o
 .text.HAL_PCD_SetAddress
                0x08002090       0x26 build/stm32f4xx_hal_pcd.o
                0x08002090                HAL_PCD_SetAddress
 .text.HAL_PCD_EP_Open
                0x080020b6       0x8c build/stm32f4xx_hal_pcd.o
                0x080020b6                HAL_PCD_EP_Open
 .text.HAL_PCD_EP_Close
                0x08002142       0x70 build/stm32f4xx_hal_pcd.o
                0x08002142                HAL_PCD_EP_Close
 .text.HAL_PCD_EP_Receive
                0x080021b2       0x4a build/stm32f4xx_hal_pcd.o
                0x080021b2                HAL_PCD_EP_Receive
 .text.HAL_PCD_EP_GetRxCount
                0x080021fc       0x12 build/stm32f4xx_hal_pcd.o
                0x080021fc                HAL_PCD_EP_GetRxCount
 .text.HAL_PCD_EP_Transmit
                0x0800220e       0x4a build/stm32f4xx_hal_pcd.o
                0x0800220e                HAL_PCD_EP_Transmit
 .text.HAL_PCD_EP_SetStall
                0x08002258       0x86 build/stm32f4xx_hal_pcd.o
                0x08002258                HAL_PCD_EP_SetStall
 .text.HAL_PCD_EP_ClrStall
                0x080022de       0x74 build/stm32f4xx_hal_pcd.o
                0x080022de                HAL_PCD_EP_ClrStall
 .text.HAL_PCD_EP_Abort
                0x08002352       0x34 build/stm32f4xx_hal_pcd.o
                0x08002352                HAL_PCD_EP_Abort
 .text.HAL_PCD_IRQHandler
                0x08002386      0x5be build/stm32f4xx_hal_pcd.o
                0x08002386                HAL_PCD_IRQHandler
 .text.HAL_PCDEx_SetTxFiFo
                0x08002944       0x4c build/stm32f4xx_hal_pcd_ex.o
                0x08002944                HAL_PCDEx_SetTxFiFo
 .text.HAL_PCDEx_SetRxFiFo
                0x08002990        0x8 build/stm32f4xx_hal_pcd_ex.o
                0x08002990                HAL_PCDEx_SetRxFiFo
 .text.HAL_PCDEx_LPM_Callback
                0x08002998        0x2 build/stm32f4xx_hal_pcd_ex.o
                0x08002998                HAL_PCDEx_LPM_Callback
 .text.USB_CoreReset
                0x0800299a       0x58 build/stm32f4xx_ll_usb.o
 .text.USB_CoreInit
                0x080029f2       0x92 build/stm32f4xx_ll_usb.o
                0x080029f2                USB_CoreInit
 .text.USB_SetTurnaroundTime
                0x08002a84       0xe4 build/stm32f4xx_ll_usb.o
                0x08002a84                USB_SetTurnaroundTime
 .text.USB_EnableGlobalInt
                0x08002b68        0xc build/stm32f4xx_ll_usb.o
                0x08002b68                USB_EnableGlobalInt
 .text.USB_DisableGlobalInt
                0x08002b74        0xc build/stm32f4xx_ll_usb.o
                0x08002b74                USB_DisableGlobalInt
 .text.USB_FlushTxFifo
                0x08002b80       0x4a build/stm32f4xx_ll_usb.o
                0x08002b80                USB_FlushTxFifo
 .text.USB_FlushRxFifo
                0x08002bca       0x46 build/stm32f4xx_ll_usb.o
                0x08002bca                USB_FlushRxFifo
 .text.USB_SetDevSpeed
                0x08002c10        0xe build/stm32f4xx_ll_usb.o
                0x08002c10                USB_SetDevSpeed
 *fill*         0x08002c1e        0x2 
 .text.USB_DevInit
                0x08002c20      0x194 build/stm32f4xx_ll_usb.o
                0x08002c20                USB_DevInit
 .text.USB_GetDevSpeed
                0x08002db4       0x22 build/stm32f4xx_ll_usb.o
                0x08002db4                USB_GetDevSpeed
 .text.USB_ActivateEndpoint
                0x08002dd6       0x9a build/stm32f4xx_ll_usb.o
                0x08002dd6                USB_ActivateEndpoint
 .text.USB_DeactivateEndpoint
                0x08002e70       0xe0 build/stm32f4xx_ll_usb.o
                0x08002e70                USB_DeactivateEndpoint
 .text.USB_EPStopXfer
                0x08002f50       0xbe build/stm32f4xx_ll_usb.o
                0x08002f50                USB_EPStopXfer
 .text.USB_WritePacket
                0x0800300e       0x2e build/stm32f4xx_ll_usb.o
                0x0800300e                USB_WritePacket
 .text.USB_EPStartXfer
                0x0800303c      0x244 build/stm32f4xx_ll_usb.o
                0x0800303c                USB_EPStartXfer
 .text.USB_ReadPacket
                0x08003280       0x46 build/stm32f4xx_ll_usb.o
                0x08003280                USB_ReadPacket
 .text.USB_EPSetStall
                0x080032c6       0x5a build/stm32f4xx_ll_usb.o
                0x080032c6                USB_EPSetStall
 .text.USB_EPClearStall
                0x08003320       0x5c build/stm32f4xx_ll_usb.o
                0x08003320                USB_EPClearStall
 .text.USB_SetDevAddress
                0x0800337c       0x20 build/stm32f4xx_ll_usb.o
                0x0800337c                USB_SetDevAddress
 .text.USB_DevConnect
                0x0800339c       0x1c build/stm32f4xx_ll_usb.o
                0x0800339c                USB_DevConnect
 .text.USB_DevDisconnect
                0x080033b8       0x1c build/stm32f4xx_ll_usb.o
                0x080033b8                USB_DevDisconnect
 .text.USB_ReadInterrupts
                0x080033d4        0x8 build/stm32f4xx_ll_usb.o
                0x080033d4                USB_ReadInterrupts
 .text.USB_ReadDevAllOutEpInterrupt
                0x080033dc       0x10 build/stm32f4xx_ll_usb.o
                0x080033dc                USB_ReadDevAllOutEpInterrupt
 .text.USB_ReadDevAllInEpInterrupt
                0x080033ec       0x10 build/stm32f4xx_ll_usb.o
                0x080033ec                USB_ReadDevAllInEpInterrupt
 .text.USB_ReadDevOutEPInterrupt
                0x080033fc       0x12 build/stm32f4xx_ll_usb.o
                0x080033fc                USB_ReadDevOutEPInterrupt
 .text.USB_ReadDevInEPInterrupt
                0x0800340e       0x24 build/stm32f4xx_ll_usb.o
                0x0800340e                USB_ReadDevInEPInterrupt
 .text.USB_GetMode
                0x08003432        0x8 build/stm32f4xx_ll_usb.o
                0x08003432                USB_GetMode
 .text.USB_SetCurrentMode
                0x0800343a       0x62 build/stm32f4xx_ll_usb.o
                0x0800343a                USB_SetCurrentMode
 .text.USB_ActivateSetup
                0x0800349c       0x1c build/stm32f4xx_ll_usb.o
                0x0800349c                USB_ActivateSetup
 .text.USB_EP0_OutStart
                0x080034b8       0x60 build/stm32f4xx_ll_usb.o
                0x080034b8                USB_EP0_OutStart
 .text.HAL_RCC_OscConfig
                0x08003518      0x3f8 build/stm32f4xx_hal_rcc.o
                0x08003518                HAL_RCC_OscConfig
 .text.HAL_RCC_GetSysClockFreq
                0x08003910       0xa8 build/stm32f4xx_hal_rcc.o
                0x08003910                HAL_RCC_GetSysClockFreq
 .text.HAL_RCC_ClockConfig
                0x080039b8      0x160 build/stm32f4xx_hal_rcc.o
                0x080039b8                HAL_RCC_ClockConfig
 .text.HAL_RCC_GetHCLKFreq
                0x08003b18        0xc build/stm32f4xx_hal_rcc.o
                0x08003b18                HAL_RCC_GetHCLKFreq
 .text.HAL_RCC_GetPCLK1Freq
                0x08003b24       0x20 build/stm32f4xx_hal_rcc.o
                0x08003b24                HAL_RCC_GetPCLK1Freq
 .text.HAL_RCC_GetPCLK2Freq
                0x08003b44       0x20 build/stm32f4xx_hal_rcc.o
                0x08003b44                HAL_RCC_GetPCLK2Freq
 .text.HAL_RCC_GetClockConfig
                0x08003b64       0x3c build/stm32f4xx_hal_rcc.o
                0x08003b64                HAL_RCC_GetClockConfig
 .text.HAL_GPIO_Init
                0x08003ba0      0x1c8 build/stm32f4xx_hal_gpio.o
                0x08003ba0                HAL_GPIO_Init
 .text.HAL_GPIO_WritePin
                0x08003d68        0xc build/stm32f4xx_hal_gpio.o
                0x08003d68                HAL_GPIO_WritePin
 .text.__NVIC_EnableIRQ
                0x08003d74       0x1c build/stm32f4xx_hal_cortex.o
 .text.__NVIC_SetPriority
                0x08003d90       0x28 build/stm32f4xx_hal_cortex.o
 .text.NVIC_EncodePriority
                0x08003db8       0x3e build/stm32f4xx_hal_cortex.o
 *fill*         0x08003df6        0x2 
 .text.HAL_NVIC_SetPriorityGrouping
                0x08003df8       0x24 build/stm32f4xx_hal_cortex.o
                0x08003df8                HAL_NVIC_SetPriorityGrouping
 .text.HAL_NVIC_SetPriority
                0x08003e1c       0x20 build/stm32f4xx_hal_cortex.o
                0x08003e1c                HAL_NVIC_SetPriority
 .text.HAL_NVIC_EnableIRQ
                0x08003e3c        0x8 build/stm32f4xx_hal_cortex.o
                0x08003e3c                HAL_NVIC_EnableIRQ
 .text.HAL_Init
                0x08003e44       0x34 build/stm32f4xx_hal.o
                0x08003e44                HAL_Init
 .text.HAL_IncTick
                0x08003e78       0x18 build/stm32f4xx_hal.o
                0x08003e78                HAL_IncTick
 .text.HAL_GetTick
                0x08003e90        0xc build/stm32f4xx_hal.o
                0x08003e90                HAL_GetTick
 .text.HAL_Delay
                0x08003e9c       0x28 build/stm32f4xx_hal.o
                0x08003e9c                HAL_Delay
 .text.I2C_IsAcknowledgeFailed
                0x08003ec4       0x32 build/stm32f4xx_hal_i2c.o
 .text.I2C_WaitOnFlagUntilTimeout
                0x08003ef6       0xaa build/stm32f4xx_hal_i2c.o
 .text.I2C_WaitOnMasterAddressFlagUntilTimeout
                0x08003fa0       0xd6 build/stm32f4xx_hal_i2c.o
 .text.I2C_WaitOnTXEFlagUntilTimeout
                0x08004076       0x5e build/stm32f4xx_hal_i2c.o
 .text.I2C_RequestMemoryWrite
                0x080040d4       0xd8 build/stm32f4xx_hal_i2c.o
 .text.I2C_RequestMemoryRead
                0x080041ac      0x154 build/stm32f4xx_hal_i2c.o
 .text.I2C_WaitOnBTFFlagUntilTimeout
                0x08004300       0x5e build/stm32f4xx_hal_i2c.o
 .text.I2C_WaitOnRXNEFlagUntilTimeout
                0x0800435e       0x78 build/stm32f4xx_hal_i2c.o
 *fill*         0x080043d6        0x2 
 .text.HAL_I2C_Init
                0x080043d8      0x1bc build/stm32f4xx_hal_i2c.o
                0x080043d8                HAL_I2C_Init
 .text.HAL_I2C_Mem_Write
                0x08004594      0x164 build/stm32f4xx_hal_i2c.o
                0x08004594                HAL_I2C_Mem_Write
 .text.HAL_I2C_Mem_Read
                0x080046f8      0x2f8 build/stm32f4xx_hal_i2c.o
                0x080046f8                HAL_I2C_Mem_Read
 .text.HAL_SPI_Init
                0x080049f0       0xbe build/stm32f4xx_hal_spi.o
                0x080049f0                HAL_SPI_Init
 .text.HAL_TIM_Base_MspInit
                0x08004aae        0x2 build/stm32f4xx_hal_tim.o
                0x08004aae                HAL_TIM_Base_MspInit
 .text.HAL_TIM_Base_Start_IT
                0x08004ab0       0x78 build/stm32f4xx_hal_tim.o
                0x08004ab0                HAL_TIM_Base_Start_IT
 .text.HAL_TIM_OC_DelayElapsedCallback
                0x08004b28        0x2 build/stm32f4xx_hal_tim.o
                0x08004b28                HAL_TIM_OC_DelayElapsedCallback
 .text.HAL_TIM_IC_CaptureCallback
                0x08004b2a        0x2 build/stm32f4xx_hal_tim.o
                0x08004b2a                HAL_TIM_IC_CaptureCallback
 .text.HAL_TIM_PWM_PulseFinishedCallback
                0x08004b2c        0x2 build/stm32f4xx_hal_tim.o
                0x08004b2c                HAL_TIM_PWM_PulseFinishedCallback
 .text.HAL_TIM_TriggerCallback
                0x08004b2e        0x2 build/stm32f4xx_hal_tim.o
                0x08004b2e                HAL_TIM_TriggerCallback
 .text.HAL_TIM_IRQHandler
                0x08004b30      0x15e build/stm32f4xx_hal_tim.o
                0x08004b30                HAL_TIM_IRQHandler
 *fill*         0x08004c8e        0x2 
 .text.TIM_Base_SetConfig
                0x08004c90       0xa4 build/stm32f4xx_hal_tim.o
                0x08004c90                TIM_Base_SetConfig
 .text.HAL_TIM_Base_Init
                0x08004d34       0x58 build/stm32f4xx_hal_tim.o
                0x08004d34                HAL_TIM_Base_Init
 .text.HAL_TIMEx_CommutCallback
                0x08004d8c        0x2 build/stm32f4xx_hal_tim_ex.o
                0x08004d8c                HAL_TIMEx_CommutCallback
 .text.HAL_TIMEx_BreakCallback
                0x08004d8e        0x2 build/stm32f4xx_hal_tim_ex.o
                0x08004d8e                HAL_TIMEx_BreakCallback
 .text.OC1Config
                0x08004d90       0x6c build/stm32f4xx_ll_tim.o
 .text.OC2Config
                0x08004dfc       0x74 build/stm32f4xx_ll_tim.o
 .text.OC3Config
                0x08004e70       0x70 build/stm32f4xx_ll_tim.o
 .text.OC4Config
                0x08004ee0       0x54 build/stm32f4xx_ll_tim.o
 .text.LL_TIM_Init
                0x08004f34       0x98 build/stm32f4xx_ll_tim.o
                0x08004f34                LL_TIM_Init
 .text.LL_TIM_OC_Init
                0x08004fcc       0x3c build/stm32f4xx_ll_tim.o
                0x08004fcc                LL_TIM_OC_Init
 .text.LL_GPIO_SetPinMode
                0x08005008       0x3c build/stm32f4xx_ll_gpio.o
 .text.LL_GPIO_SetPinSpeed
                0x08005044       0x3c build/stm32f4xx_ll_gpio.o
 .text.LL_GPIO_SetPinPull
                0x08005080       0x3c build/stm32f4xx_ll_gpio.o
 .text.LL_GPIO_SetAFPin_0_7
                0x080050bc       0x3c build/stm32f4xx_ll_gpio.o
 .text.LL_GPIO_SetAFPin_8_15
                0x080050f8       0x3e build/stm32f4xx_ll_gpio.o
 .text.LL_GPIO_Init
                0x08005136       0x92 build/stm32f4xx_ll_gpio.o
                0x08005136                LL_GPIO_Init
 .text.UART_SetConfig
                0x080051c8      0x110 build/stm32f4xx_hal_uart.o
 .text.HAL_UART_Init
                0x080052d8       0x60 build/stm32f4xx_hal_uart.o
                0x080052d8                HAL_UART_Init
 .text.SystemInit
                0x08005338       0x14 build/system_stm32f4xx.o
                0x08005338                SystemInit
 .text.vListInitialise
                0x0800534c       0x16 build/list.o
                0x0800534c                vListInitialise
 .text.vListInitialiseItem
                0x08005362        0x6 build/list.o
                0x08005362                vListInitialiseItem
 .text.vListInsertEnd
                0x08005368       0x16 build/list.o
                0x08005368                vListInsertEnd
 .text.vListInsert
                0x0800537e       0x32 build/list.o
                0x0800537e                vListInsert
 .text.uxListRemove
                0x080053b0       0x26 build/list.o
                0x080053b0                uxListRemove
 .text.prvIsQueueFull
                0x080053d6       0x1e build/queue.o
 .text.prvIsQueueEmpty
                0x080053f4       0x1a build/queue.o
 .text.prvCopyDataToQueue
                0x0800540e       0x76 build/queue.o
 .text.prvCopyDataFromQueue
                0x08005484       0x24 build/queue.o
 .text.prvUnlockQueue
                0x080054a8       0x6e build/queue.o
 .text.xQueueGenericReset
                0x08005516       0x84 build/queue.o
                0x08005516                xQueueGenericReset
 .text.prvInitialiseNewQueue
                0x0800559a       0x22 build/queue.o
 .text.xQueueGenericCreateStatic
                0x080055bc       0x94 build/queue.o
                0x080055bc                xQueueGenericCreateStatic
 .text.xQueueGenericCreate
                0x08005650       0x48 build/queue.o
                0x08005650                xQueueGenericCreate
 .text.xQueueGenericSend
                0x08005698      0x188 build/queue.o
                0x08005698                xQueueGenericSend
 .text.xQueueGenericSendFromISR
                0x08005820       0xce build/queue.o
                0x08005820                xQueueGenericSendFromISR
 .text.xQueueReceive
                0x080058ee      0x15e build/queue.o
                0x080058ee                xQueueReceive
 .text.vQueueAddToRegistry
                0x08005a4c       0x28 build/queue.o
                0x08005a4c                vQueueAddToRegistry
 .text.vQueueWaitForMessageRestricted
                0x08005a74       0x52 build/queue.o
                0x08005a74                vQueueWaitForMessageRestricted
 *fill*         0x08005ac6        0x2 
 .text.prvResetNextTaskUnblockTime
                0x08005ac8       0x2c build/tasks.o
 .text.prvInitialiseNewTask
                0x08005af4      0x104 build/tasks.o
 .text.prvInitialiseTaskLists
                0x08005bf8       0x68 build/tasks.o
 .text.prvAddNewTaskToReadyList
                0x08005c60       0xac build/tasks.o
 .text.prvDeleteTCB
                0x08005d0c       0x40 build/tasks.o
 .text.prvCheckTasksWaitingTermination
                0x08005d4c       0x4c build/tasks.o
 .text.prvIdleTask
                0x08005d98       0x28 build/tasks.o
 .text.prvAddCurrentTaskToDelayedList
                0x08005dc0       0x98 build/tasks.o
 .text.xTaskCreateStatic
                0x08005e58       0x7a build/tasks.o
                0x08005e58                xTaskCreateStatic
 .text.xTaskCreate
                0x08005ed2       0x66 build/tasks.o
                0x08005ed2                xTaskCreate
 .text.vTaskStartScheduler
                0x08005f38       0xac build/tasks.o
                0x08005f38                vTaskStartScheduler
 .text.vTaskSuspendAll
                0x08005fe4       0x10 build/tasks.o
                0x08005fe4                vTaskSuspendAll
 .text.xTaskGetTickCount
                0x08005ff4        0xc build/tasks.o
                0x08005ff4                xTaskGetTickCount
 .text.xTaskIncrementTick
                0x08006000      0x118 build/tasks.o
                0x08006000                xTaskIncrementTick
 .text.xTaskResumeAll
                0x08006118       0xf8 build/tasks.o
                0x08006118                xTaskResumeAll
 .text.vTaskDelay
                0x08006210       0x4c build/tasks.o
                0x08006210                vTaskDelay
 .text.vTaskSwitchContext
                0x0800625c       0xc0 build/tasks.o
                0x0800625c                vTaskSwitchContext
 .text.vTaskPlaceOnEventList
                0x0800631c       0x30 build/tasks.o
                0x0800631c                vTaskPlaceOnEventList
 .text.vTaskPlaceOnEventListRestricted
                0x0800634c       0x38 build/tasks.o
                0x0800634c                vTaskPlaceOnEventListRestricted
 .text.xTaskRemoveFromEventList
                0x08006384       0x8c build/tasks.o
                0x08006384                xTaskRemoveFromEventList
 .text.vTaskInternalSetTimeOutState
                0x08006410       0x18 build/tasks.o
                0x08006410                vTaskInternalSetTimeOutState
 .text.xTaskCheckForTimeOut
                0x08006428       0x84 build/tasks.o
                0x08006428                xTaskCheckForTimeOut
 .text.vTaskMissedYield
                0x080064ac        0xc build/tasks.o
                0x080064ac                vTaskMissedYield
 .text.xTaskGetSchedulerState
                0x080064b8       0x20 build/tasks.o
                0x080064b8                xTaskGetSchedulerState
 .text.xTaskPriorityDisinherit
                0x080064d8       0xb0 build/tasks.o
                0x080064d8                xTaskPriorityDisinherit
 .text.prvGetNextExpireTime
                0x08006588       0x20 build/timers.o
 .text.prvInsertTimerInActiveList
                0x080065a8       0x48 build/timers.o
 .text.prvCheckForValidListAndQueue
                0x080065f0       0x70 build/timers.o
 .text.xTimerCreateTimerTask
                0x08006660       0x64 build/timers.o
                0x08006660                xTimerCreateTimerTask
 .text.xTimerGenericCommand
                0x080066c4       0x6c build/timers.o
                0x080066c4                xTimerGenericCommand
 .text.prvSwitchTimerLists
                0x08006730       0x7c build/timers.o
 .text.prvSampleTimeNow
                0x080067ac       0x2c build/timers.o
 .text.prvProcessExpiredTimer
                0x080067d8       0x6c build/timers.o
 .text.prvProcessTimerOrBlockTask
                0x08006844       0x74 build/timers.o
 .text.prvProcessReceivedCommands
                0x080068b8       0xfc build/timers.o
 .text.prvTimerTask
                0x080069b4       0x16 build/timers.o
 .text.makeFreeRtosPriority
                0x080069ca        0xc build/cmsis_os.o
 .text.osKernelStart
                0x080069d6        0xa build/cmsis_os.o
                0x080069d6                osKernelStart
 .text.osThreadCreate
                0x080069e0       0x66 build/cmsis_os.o
                0x080069e0                osThreadCreate
 .text.osDelay  0x08006a46        0xe build/cmsis_os.o
                0x08006a46                osDelay
 .text.prvHeapInit
                0x08006a54       0x64 build/heap_4.o
 .text.prvInsertBlockIntoFreeList
                0x08006ab8       0x64 build/heap_4.o
 .text.pvPortMalloc
                0x08006b1c      0x104 build/heap_4.o
                0x08006b1c                pvPortMalloc
 .text.vPortFree
                0x08006c20       0x7c build/heap_4.o
                0x08006c20                vPortFree
 .text.prvTaskExitError
                0x08006c9c       0x40 build/port.o
 .text.prvPortStartFirstTask
                0x08006cdc       0x28 build/port.o
 .text.vPortEnableVFP
                0x08006d04       0x14 build/port.o
 .text.pxPortInitialiseStack
                0x08006d18       0x2c build/port.o
                0x08006d18                pxPortInitialiseStack
 *fill*         0x08006d44        0xc 
 .text.SVC_Handler
                0x08006d50       0x24 build/port.o
                0x08006d50                SVC_Handler
 .text.vPortEnterCritical
                0x08006d74       0x44 build/port.o
                0x08006d74                vPortEnterCritical
 .text.vPortExitCritical
                0x08006db8       0x2c build/port.o
                0x08006db8                vPortExitCritical
 *fill*         0x08006de4        0xc 
 .text.PendSV_Handler
                0x08006df0       0x64 build/port.o
                0x08006df0                PendSV_Handler
 .text.SysTick_Handler
                0x08006e54       0x2c build/port.o
                0x08006e54                SysTick_Handler
 .text.vPortSetupTimerInterrupt
                0x08006e80       0x28 build/port.o
                0x08006e80                vPortSetupTimerInterrupt
 .text.xPortStartScheduler
                0x08006ea8      0x118 build/port.o
                0x08006ea8                xPortStartScheduler
 .text.vPortValidateInterruptPriority
                0x08006fc0       0x5c build/port.o
                0x08006fc0                vPortValidateInterruptPriority
 .text.USBD_Init
                0x0800701c       0x2e build/usbd_core.o
                0x0800701c                USBD_Init
 .text.USBD_RegisterClass
                0x0800704a       0x34 build/usbd_core.o
                0x0800704a                USBD_RegisterClass
 .text.USBD_Start
                0x0800707e        0x8 build/usbd_core.o
                0x0800707e                USBD_Start
 .text.USBD_SetClassConfig
                0x08007086       0x12 build/usbd_core.o
                0x08007086                USBD_SetClassConfig
 .text.USBD_ClrClassConfig
                0x08007098       0x12 build/usbd_core.o
                0x08007098                USBD_ClrClassConfig
 .text.USBD_LL_SetupStage
                0x080070aa       0x58 build/usbd_core.o
                0x080070aa                USBD_LL_SetupStage
 .text.USBD_LL_Reset
                0x08007102       0x66 build/usbd_core.o
                0x08007102                USBD_LL_Reset
 .text.USBD_LL_SetSpeed
                0x08007168        0x6 build/usbd_core.o
                0x08007168                USBD_LL_SetSpeed
 .text.USBD_LL_Suspend
                0x0800716e       0x1e build/usbd_core.o
                0x0800716e                USBD_LL_Suspend
 .text.USBD_LL_Resume
                0x0800718c       0x1a build/usbd_core.o
                0x0800718c                USBD_LL_Resume
 .text.USBD_LL_SOF
                0x080071a6       0x22 build/usbd_core.o
                0x080071a6                USBD_LL_SOF
 .text.USBD_LL_IsoINIncomplete
                0x080071c8       0x2e build/usbd_core.o
                0x080071c8                USBD_LL_IsoINIncomplete
 .text.USBD_LL_IsoOUTIncomplete
                0x080071f6       0x2e build/usbd_core.o
                0x080071f6                USBD_LL_IsoOUTIncomplete
 .text.USBD_LL_DevConnected
                0x08007224        0x4 build/usbd_core.o
                0x08007224                USBD_LL_DevConnected
 .text.USBD_LL_DevDisconnected
                0x08007228       0x20 build/usbd_core.o
                0x08007228                USBD_LL_DevDisconnected
 .text.USBD_CoreFindIF
                0x08007248        0x4 build/usbd_core.o
                0x08007248                USBD_CoreFindIF
 .text.USBD_CoreFindEP
                0x0800724c        0x4 build/usbd_core.o
                0x0800724c                USBD_CoreFindEP
 .text.USBD_LL_DataOutStage
                0x08007250       0xca build/usbd_core.o
                0x08007250                USBD_LL_DataOutStage
 .text.USBD_LL_DataInStage
                0x0800731a       0xd8 build/usbd_core.o
                0x0800731a                USBD_LL_DataInStage
 .text.USBD_GetNextDesc
                0x080073f2        0xe build/usbd_core.o
                0x080073f2                USBD_GetNextDesc
 .text.USBD_GetEpDesc
                0x08007400       0x3e build/usbd_core.o
                0x08007400                USBD_GetEpDesc
 .text.USBD_GetLen
                0x0800743e       0x14 build/usbd_ctlreq.o
 .text.USBD_ParseSetupRequest
                0x08007452       0x28 build/usbd_ctlreq.o
                0x08007452                USBD_ParseSetupRequest
 .text.USBD_CtlError
                0x0800747a       0x14 build/usbd_ctlreq.o
                0x0800747a                USBD_CtlError
 .text.USBD_GetDescriptor
                0x0800748e      0x18a build/usbd_ctlreq.o
 .text.USBD_SetAddress
                0x08007618       0x50 build/usbd_ctlreq.o
 .text.USBD_SetConfig
                0x08007668       0xcc build/usbd_ctlreq.o
 .text.USBD_GetConfig
                0x08007734       0x40 build/usbd_ctlreq.o
 .text.USBD_GetStatus
                0x08007774       0x38 build/usbd_ctlreq.o
 .text.USBD_SetFeature
                0x080077ac       0x2a build/usbd_ctlreq.o
 .text.USBD_ClrFeature
                0x080077d6       0x26 build/usbd_ctlreq.o
 .text.USBD_StdDevReq
                0x080077fc       0x76 build/usbd_ctlreq.o
                0x080077fc                USBD_StdDevReq
 .text.USBD_StdItfReq
                0x08007872       0x84 build/usbd_ctlreq.o
                0x08007872                USBD_StdItfReq
 .text.USBD_StdEPReq
                0x080078f6      0x232 build/usbd_ctlreq.o
                0x080078f6                USBD_StdEPReq
 .text.USBD_GetString
                0x08007b28       0x46 build/usbd_ctlreq.o
                0x08007b28                USBD_GetString
 .text.USBD_CtlSendData
                0x08007b6e       0x1c build/usbd_ioreq.o
                0x08007b6e                USBD_CtlSendData
 .text.USBD_CtlContinueSendData
                0x08007b8a       0x10 build/usbd_ioreq.o
                0x08007b8a                USBD_CtlContinueSendData
 .text.USBD_CtlPrepareRx
                0x08007b9a       0x22 build/usbd_ioreq.o
                0x08007b9a                USBD_CtlPrepareRx
 .text.USBD_CtlContinueRx
                0x08007bbc       0x10 build/usbd_ioreq.o
                0x08007bbc                USBD_CtlContinueRx
 .text.USBD_CtlSendStatus
                0x08007bcc       0x16 build/usbd_ioreq.o
                0x08007bcc                USBD_CtlSendStatus
 .text.USBD_CtlReceiveStatus
                0x08007be2       0x16 build/usbd_ioreq.o
                0x08007be2                USBD_CtlReceiveStatus
 .text.USBD_CDC_EP0_RxReady
                0x08007bf8       0x40 build/usbd_cdc.o
 .text.USBD_CDC_GetDeviceQualifierDescriptor
                0x08007c38        0xc build/usbd_cdc.o
                0x08007c38                USBD_CDC_GetDeviceQualifierDescriptor
 .text.USBD_CDC_GetOtherSpeedCfgDesc
                0x08007c44       0x48 build/usbd_cdc.o
 .text.USBD_CDC_GetFSCfgDesc
                0x08007c8c       0x48 build/usbd_cdc.o
 .text.USBD_CDC_GetHSCfgDesc
                0x08007cd4       0x48 build/usbd_cdc.o
 .text.USBD_CDC_DataOut
                0x08007d1c       0x38 build/usbd_cdc.o
 .text.USBD_CDC_DataIn
                0x08007d54       0x7c build/usbd_cdc.o
 .text.USBD_CDC_Setup
                0x08007dd0      0x11a build/usbd_cdc.o
 .text.USBD_CDC_DeInit
                0x08007eea       0x64 build/usbd_cdc.o
 .text.USBD_CDC_Init
                0x08007f4e       0xee build/usbd_cdc.o
 .text.USBD_CDC_RegisterInterface
                0x0800803c       0x16 build/usbd_cdc.o
                0x0800803c                USBD_CDC_RegisterInterface
 .text.USBD_CDC_SetTxBuffer
                0x08008052       0x1c build/usbd_cdc.o
                0x08008052                USBD_CDC_SetTxBuffer
 .text.USBD_CDC_SetRxBuffer
                0x0800806e       0x18 build/usbd_cdc.o
                0x0800806e                USBD_CDC_SetRxBuffer
 .text.USBD_CDC_TransmitPacket
                0x08008086       0x36 build/usbd_cdc.o
                0x08008086                USBD_CDC_TransmitPacket
 .text.USBD_CDC_ReceivePacket
                0x080080bc       0x38 build/usbd_cdc.o
                0x080080bc                USBD_CDC_ReceivePacket
 .text._sbrk    0x080080f4       0x48 build/sysmem.o
                0x080080f4                _sbrk
 .text._getpid  0x0800813c        0x4 build/syscalls.o
                0x0800813c                _getpid
 .text._kill    0x08008140       0x10 build/syscalls.o
                0x08008140                _kill
 .text._exit    0x08008150        0xc build/syscalls.o
                0x08008150                _exit
 .text._read    0x0800815c       0x20 build/syscalls.o
                0x0800815c                _read
 .text._write   0x0800817c       0x1c build/syscalls.o
                0x0800817c                _write
 .text._close   0x08008198        0x6 build/syscalls.o
                0x08008198                _close
 .text._fstat   0x0800819e        0xa build/syscalls.o
                0x0800819e                _fstat
 .text._isatty  0x080081a8        0x4 build/syscalls.o
                0x080081a8                _isatty
 .text._lseek   0x080081ac        0x4 build/syscalls.o
                0x080081ac                _lseek
 .text.MPU6050_Init
                0x080081b0       0xb8 build/imu_mpu6050.o
                0x080081b0                MPU6050_Init
 .text.MPU6050_Read
                0x08008268      0x180 build/imu_mpu6050.o
                0x08008268                MPU6050_Read
 .text.SensorTask_Run
                0x080083e8       0x34 build/SensorTask.o
                0x080083e8                SensorTask_Run
 .text.SensorTask_Init
                0x0800841c       0x34 build/SensorTask.o
                0x0800841c                SensorTask_Init
 .text.SensorTask_GetIMU
                0x08008450       0x1c build/SensorTask.o
                0x08008450                SensorTask_GetIMU
 .text.Reset_Handler
                0x0800846c       0x50 build/startup_stm32f411xe.o
                0x0800846c                Reset_Handler
 .text.Default_Handler
                0x080084bc        0x2 build/startup_stm32f411xe.o
                0x080084bc                DMA1_Stream3_IRQHandler
                0x080084bc                EXTI2_IRQHandler
                0x080084bc                SPI4_IRQHandler
                0x080084bc                TIM1_CC_IRQHandler
                0x080084bc                DMA2_Stream5_IRQHandler
                0x080084bc                DMA1_Stream5_IRQHandler
                0x080084bc                PVD_IRQHandler
                0x080084bc                SDIO_IRQHandler
                0x080084bc                TAMP_STAMP_IRQHandler
                0x080084bc                EXTI3_IRQHandler
                0x080084bc                I2C3_ER_IRQHandler
                0x080084bc                EXTI0_IRQHandler
                0x080084bc                I2C2_EV_IRQHandler
                0x080084bc                DMA1_Stream2_IRQHandler
                0x080084bc                FPU_IRQHandler
                0x080084bc                DMA2_Stream2_IRQHandler
                0x080084bc                SPI1_IRQHandler
                0x080084bc                TIM1_BRK_TIM9_IRQHandler
                0x080084bc                DMA2_Stream3_IRQHandler
                0x080084bc                USART6_IRQHandler
                0x080084bc                DMA2_Stream0_IRQHandler
                0x080084bc                TIM4_IRQHandler
                0x080084bc                I2C1_EV_IRQHandler
                0x080084bc                DMA1_Stream6_IRQHandler
                0x080084bc                DMA1_Stream1_IRQHandler
                0x080084bc                TIM3_IRQHandler
                0x080084bc                RCC_IRQHandler
                0x080084bc                Default_Handler
                0x080084bc                EXTI15_10_IRQHandler
                0x080084bc                ADC_IRQHandler
                0x080084bc                DMA1_Stream7_IRQHandler
                0x080084bc                SPI5_IRQHandler
                0x080084bc                TIM5_IRQHandler
                0x080084bc                DMA2_Stream7_IRQHandler
                0x080084bc                I2C3_EV_IRQHandler
                0x080084bc                EXTI9_5_IRQHandler
                0x080084bc                RTC_WKUP_IRQHandler
                0x080084bc                SPI2_IRQHandler
                0x080084bc                DMA1_Stream0_IRQHandler
                0x080084bc                EXTI4_IRQHandler
                0x080084bc                WWDG_IRQHandler
                0x080084bc                TIM2_IRQHandler
                0x080084bc                OTG_FS_WKUP_IRQHandler
                0x080084bc                EXTI1_IRQHandler
                0x080084bc                USART2_IRQHandler
                0x080084bc                I2C2_ER_IRQHandler
                0x080084bc                DMA2_Stream1_IRQHandler
                0x080084bc                FLASH_IRQHandler
                0x080084bc                DMA2_Stream4_IRQHandler
                0x080084bc                USART1_IRQHandler
                0x080084bc                SPI3_IRQHandler
                0x080084bc                DMA1_Stream4_IRQHandler
                0x080084bc                I2C1_ER_IRQHandler
                0x080084bc                DMA2_Stream6_IRQHandler
                0x080084bc                RTC_Alarm_IRQHandler
 .text.__cvt    0x080084be       0xca /Applications/ArmGNUToolchain/13.2.Rel1/arm-none-eabi/bin/../lib/gcc/arm-none-eabi/13.2.1/../../../../arm-none-eabi/lib/thumb/v7e-m+fp/hard/libc_nano.a(libc_a-nano-vfprintf_float.o)
                0x080084be                __cvt
 .text.__exponent
                0x08008588       0x74 /Applications/ArmGNUToolchain/13.2.Rel1/arm-none-eabi/bin/../lib/gcc/arm-none-eabi/13.2.1/../../../../arm-none-eabi/lib/thumb/v7e-m+fp/hard/libc_nano.a(libc_a-nano-vfprintf_float.o)
                0x08008588                __exponent
 .text._printf_float
                0x080085fc      0x454 /Applications/ArmGNUToolchain/13.2.Rel1/arm-none-eabi/bin/../lib/gcc/arm-none-eabi/13.2.1/../../../../arm-none-eabi/lib/thumb/v7e-m+fp/hard/libc_nano.a(libc_a-nano-vfprintf_float.o)
                0x080085fc                _printf_float
 .text._printf_common
                0x08008a50       0xda /Applications/ArmGNUToolchain/13.2.Rel1/arm-none-eabi/bin/../lib/gcc/arm-none-eabi/13.2.1/../../../../arm-none-eabi/lib/thumb/v7e-m+fp/hard/libc_nano.a(libc_a-nano-vfprintf_i.o)
                0x08008a50                _printf_common
 *fill*         0x08008b2a        0x2 
 .text._printf_i
                0x08008b2c      0x23c /Applications/ArmGNUToolchain/13.2.Rel1/arm-none-eabi/bin/../lib/gcc/arm-none-eabi/13.2.1/../../../../arm-none-eabi/lib/thumb/v7e-m+fp/hard/libc_nano.a(libc_a-nano-vfprintf_i.o)
                0x08008b2c                _printf_i
 .text.snprintf
                0x08008d68       0x68 /Applications/ArmGNUToolchain/13.2.Rel1/arm-none-eabi/bin/../lib/gcc/arm-none-eabi/13.2.1/../../../../arm-none-eabi/lib/thumb/v7e-m+fp/hard/libc_nano.a(libc_a-snprintf.o)
                0x08008d68                snprintf
                0x08008d68                sniprintf
 .text.std      0x08008dd0       0x6c /Applications/ArmGNUToolchain/13.2.Rel1/arm-none-eabi/bin/../lib/gcc/arm-none-eabi/13.2.1/../../../../arm-none-eabi/lib/thumb/v7e-m+fp/hard/libc_nano.a(libc_a-findfp.o)
 .text.stdio_exit_handler
                0x08008e3c       0x18 /Applications/ArmGNUToolchain/13.2.Rel1/arm-none-eabi/bin/../lib/gcc/arm-none-eabi/13.2.1/../../../../arm-none-eabi/lib/thumb/v7e-m+fp/hard/libc_nano.a(libc_a-findfp.o)
 .text.cleanup_stdio
                0x08008e54       0x40 /Applications/ArmGNUToolchain/13.2.Rel1/arm-none-eabi/bin/../lib/gcc/arm-none-eabi/13.2.1/../../../../arm-none-eabi/lib/thumb/v7e-m+fp/hard/libc_nano.a(libc_a-findfp.o)
 .text.global_stdio_init.part.0
                0x08008e94       0x3c /Applications/ArmGNUToolchain/13.2.Rel1/arm-none-eabi/bin/../lib/gcc/arm-none-eabi/13.2.1/../../../../arm-none-eabi/lib/thumb/v7e-m+fp/hard/libc_nano.a(libc_a-findfp.o)
 .text.__sfp_lock_acquire
                0x08008ed0        0xc /Applications/ArmGNUToolchain/13.2.Rel1/arm-none-eabi/bin/../lib/gcc/arm-none-eabi/13.2.1/../../../../arm-none-eabi/lib/thumb/v7e-m+fp/hard/libc_nano.a(libc_a-findfp.o)
                0x08008ed0                __sfp_lock_acquire
 .text.__sfp_lock_release
                0x08008edc        0xc /Applications/ArmGNUToolchain/13.2.Rel1/arm-none-eabi/bin/../lib/gcc/arm-none-eabi/13.2.1/../../../../arm-none-eabi/lib/thumb/v7e-m+fp/hard/libc_nano.a(libc_a-findfp.o)
                0x08008edc                __sfp_lock_release
 .text.__sinit  0x08008ee8       0x30 /Applications/ArmGNUToolchain/13.2.Rel1/arm-none-eabi/bin/../lib/gcc/arm-none-eabi/13.2.1/../../../../arm-none-eabi/lib/thumb/v7e-m+fp/hard/libc_nano.a(libc_a-findfp.o)
                0x08008ee8                __sinit
 .text._fwalk_sglue
                0x08008f18       0x3c /Applications/ArmGNUToolchain/13.2.Rel1/arm-none-eabi/bin/../lib/gcc/arm-none-eabi/13.2.1/../../../../arm-none-eabi/lib/thumb/v7e-m+fp/hard/libc_nano.a(libc_a-fwalk.o)
                0x08008f18                _fwalk_sglue
 .text.memset   0x08008f54       0x10 /Applications/ArmGNUToolchain/13.2.Rel1/arm-none-eabi/bin/../lib/gcc/arm-none-eabi/13.2.1/../../../../arm-none-eabi/lib/thumb/v7e-m+fp/hard/libc_nano.a(libc_a-memset.o)
                0x08008f54                memset
 .text._localeconv_r
                0x08008f64        0x8 /Applications/ArmGNUToolchain/13.2.Rel1/arm-none-eabi/bin/../lib/gcc/arm-none-eabi/13.2.1/../../../../arm-none-eabi/lib/thumb/v7e-m+fp/hard/libc_nano.a(libc_a-localeconv.o)
                0x08008f64                _localeconv_r
 .text._reclaim_reent
                0x08008f6c       0xac /Applications/ArmGNUToolchain/13.2.Rel1/arm-none-eabi/bin/../lib/gcc/arm-none-eabi/13.2.1/../../../../arm-none-eabi/lib/thumb/v7e-m+fp/hard/libc_nano.a(libc_a-reent.o)
                0x08008f6c                _reclaim_reent
 .text.__errno  0x08009018        0xc /Applications/ArmGNUToolchain/13.2.Rel1/arm-none-eabi/bin/../lib/gcc/arm-none-eabi/13.2.1/../../../../arm-none-eabi/lib/thumb/v7e-m+fp/hard/libc_nano.a(libc_a-errno.o)
                0x08009018                __errno
 .text.__libc_init_array
                0x08009024       0x48 /Applications/ArmGNUToolchain/13.2.Rel1/arm-none-eabi/bin/../lib/gcc/arm-none-eabi/13.2.1/../../../../arm-none-eabi/lib/thumb/v7e-m+fp/hard/libc_nano.a(libc_a-init.o)
                0x08009024                __libc_init_array
 .text.__retarget_lock_init_recursive
                0x0800906c        0x2 /Applications/ArmGNUToolchain/13.2.Rel1/arm-none-eabi/bin/../lib/gcc/arm-none-eabi/13.2.1/../../../../arm-none-eabi/lib/thumb/v7e-m+fp/hard/libc_nano.a(libc_a-lock.o)
                0x0800906c                __retarget_lock_init_recursive
 .text.__retarget_lock_acquire_recursive
                0x0800906e        0x2 /Applications/ArmGNUToolchain/13.2.Rel1/arm-none-eabi/bin/../lib/gcc/arm-none-eabi/13.2.1/../../../../arm-none-eabi/lib/thumb/v7e-m+fp/hard/libc_nano.a(libc_a-lock.o)
                0x0800906e                __retarget_lock_acquire_recursive
 .text.__retarget_lock_release_recursive
                0x08009070        0x2 /Applications/ArmGNUToolchain/13.2.Rel1/arm-none-eabi/bin/../lib/gcc/arm-none-eabi/13.2.1/../../../../arm-none-eabi/lib/thumb/v7e-m+fp/hard/libc_nano.a(libc_a-lock.o)
                0x08009070                __retarget_lock_release_recursive
 .text.memcpy   0x08009072       0x1c /Applications/ArmGNUToolchain/13.2.Rel1/arm-none-eabi/bin/../lib/gcc/arm-none-eabi/13.2.1/../../../../arm-none-eabi/lib/thumb/v7e-m+fp/hard/libc_nano.a(libc_a-memcpy-stub.o)
                0x08009072                memcpy
 .text.quorem   0x0800908e      0x110 /Applications/ArmGNUToolchain/13.2.Rel1/arm-none-eabi/bin/../lib/gcc/arm-none-eabi/13.2.1/../../../../arm-none-eabi/lib/thumb/v7e-m+fp/hard/libc_nano.a(libc_a-dtoa.o)
 *fill*         0x0800919e        0x2 
 .text._dtoa_r  0x080091a0      0xb74 /Applications/ArmGNUToolchain/13.2.Rel1/arm-none-eabi/bin/../lib/gcc/arm-none-eabi/13.2.1/../../../../arm-none-eabi/lib/thumb/v7e-m+fp/hard/libc_nano.a(libc_a-dtoa.o)
                0x080091a0                _dtoa_r
 .text._free_r  0x08009d14       0x94 /Applications/ArmGNUToolchain/13.2.Rel1/arm-none-eabi/bin/../lib/gcc/arm-none-eabi/13.2.1/../../../../arm-none-eabi/lib/thumb/v7e-m+fp/hard/libc_nano.a(libc_a-freer.o)
                0x08009d14                _free_r
 .text.__ssputs_r
                0x08009da8       0xb6 /Applications/ArmGNUToolchain/13.2.Rel1/arm-none-eabi/bin/../lib/gcc/arm-none-eabi/13.2.1/../../../../arm-none-eabi/lib/thumb/v7e-m+fp/hard/libc_nano.a(libc_a-nano-svfprintf.o)
                0x08009da8                __ssputs_r
 *fill*         0x08009e5e        0x2 
 .text._svfprintf_r
                0x08009e60      0x1f8 /Applications/ArmGNUToolchain/13.2.Rel1/arm-none-eabi/bin/../lib/gcc/arm-none-eabi/13.2.1/../../../../arm-none-eabi/lib/thumb/v7e-m+fp/hard/libc_nano.a(libc_a-nano-svfprintf.o)
                0x08009e60                _svfprintf_r
                0x08009e60                _svfiprintf_r
 .text.malloc   0x0800a058       0x10 /Applications/ArmGNUToolchain/13.2.Rel1/arm-none-eabi/bin/../lib/gcc/arm-none-eabi/13.2.1/../../../../arm-none-eabi/lib/thumb/v7e-m+fp/hard/libc_nano.a(libc_a-malloc.o)
                0x0800a058                malloc
 .text.sbrk_aligned
                0x0800a068       0x44 /Applications/ArmGNUToolchain/13.2.Rel1/arm-none-eabi/bin/../lib/gcc/arm-none-eabi/13.2.1/../../../../arm-none-eabi/lib/thumb/v7e-m+fp/hard/libc_nano.a(libc_a-mallocr.o)
 .text._malloc_r
                0x0800a0ac      0x100 /Applications/ArmGNUToolchain/13.2.Rel1/arm-none-eabi/bin/../lib/gcc/arm-none-eabi/13.2.1/../../../../arm-none-eabi/lib/thumb/v7e-m+fp/hard/libc_nano.a(libc_a-mallocr.o)
                0x0800a0ac                _malloc_r
 .text.__sflush_r
                0x0800a1ac      0x108 /Applications/ArmGNUToolchain/13.2.Rel1/arm-none-eabi/bin/../lib/gcc/arm-none-eabi/13.2.1/../../../../arm-none-eabi/lib/thumb/v7e-m+fp/hard/libc_nano.a(libc_a-fflush.o)
                0x0800a1ac                __sflush_r
 .text._fflush_r
                0x0800a2b4       0x50 /Applications/ArmGNUToolchain/13.2.Rel1/arm-none-eabi/bin/../lib/gcc/arm-none-eabi/13.2.1/../../../../arm-none-eabi/lib/thumb/v7e-m+fp/hard/libc_nano.a(libc_a-fflush.o)
                0x0800a2b4                _fflush_r
 .text.__malloc_lock
                0x0800a304        0xc /Applications/ArmGNUToolchain/13.2.Rel1/arm-none-eabi/bin/../lib/gcc/arm-none-eabi/13.2.1/../../../../arm-none-eabi/lib/thumb/v7e-m+fp/hard/libc_nano.a(libc_a-mlock.o)
                0x0800a304                __malloc_lock
 .text.__malloc_unlock
                0x0800a310        0xc /Applications/ArmGNUToolchain/13.2.Rel1/arm-none-eabi/bin/../lib/gcc/arm-none-eabi/13.2.1/../../../../arm-none-eabi/lib/thumb/v7e-m+fp/hard/libc_nano.a(libc_a-mlock.o)
                0x0800a310                __malloc_unlock
 .text._Balloc  0x0800a31c       0x80 /Applications/ArmGNUToolchain/13.2.Rel1/arm-none-eabi/bin/../lib/gcc/arm-none-eabi/13.2.1/../../../../arm-none-eabi/lib/thumb/v7e-m+fp/hard/libc_nano.a(libc_a-mprec.o)
                0x0800a31c                _Balloc
 .text._Bfree   0x0800a39c       0x44 /Applications/ArmGNUToolchain/13.2.Rel1/arm-none-eabi/bin/../lib/gcc/arm-none-eabi/13.2.1/../../../../arm-none-eabi/lib/thumb/v7e-m+fp/hard/libc_nano.a(libc_a-mprec.o)
                0x0800a39c                _Bfree
 .text.__multadd
                0x0800a3e0       0x8c /Applications/ArmGNUToolchain/13.2.Rel1/arm-none-eabi/bin/../lib/gcc/arm-none-eabi/13.2.1/../../../../arm-none-eabi/lib/thumb/v7e-m+fp/hard/libc_nano.a(libc_a-mprec.o)
                0x0800a3e0                __multadd
 .text.__hi0bits
                0x0800a46c       0x3e /Applications/ArmGNUToolchain/13.2.Rel1/arm-none-eabi/bin/../lib/gcc/arm-none-eabi/13.2.1/../../../../arm-none-eabi/lib/thumb/v7e-m+fp/hard/libc_nano.a(libc_a-mprec.o)
                0x0800a46c                __hi0bits
 .text.__lo0bits
                0x0800a4aa       0x5a /Applications/ArmGNUToolchain/13.2.Rel1/arm-none-eabi/bin/../lib/gcc/arm-none-eabi/13.2.1/../../../../arm-none-eabi/lib/thumb/v7e-m+fp/hard/libc_nano.a(libc_a-mprec.o)
                0x0800a4aa                __lo0bits
 .text.__i2b    0x0800a504       0x2c /Applications/ArmGNUToolchain/13.2.Rel1/arm-none-eabi/bin/../lib/gcc/arm-none-eabi/13.2.1/../../../../arm-none-eabi/lib/thumb/v7e-m+fp/hard/libc_nano.a(libc_a-mprec.o)
                0x0800a504                __i2b
 .text.__multiply
                0x0800a530      0x144 /Applications/ArmGNUToolchain/13.2.Rel1/arm-none-eabi/bin/../lib/gcc/arm-none-eabi/13.2.1/../../../../arm-none-eabi/lib/thumb/v7e-m+fp/hard/libc_nano.a(libc_a-mprec.o)
                0x0800a530                __multiply
 .text.__pow5mult
                0x0800a674       0xb4 /Applications/ArmGNUToolchain/13.2.Rel1/arm-none-eabi/bin/../lib/gcc/arm-none-eabi/13.2.1/../../../../arm-none-eabi/lib/thumb/v7e-m+fp/hard/libc_nano.a(libc_a-mprec.o)
                0x0800a674                __pow5mult
 .text.__lshift
                0x0800a728       0xd8 /Applications/ArmGNUToolchain/13.2.Rel1/arm-none-eabi/bin/../lib/gcc/arm-none-eabi/13.2.1/../../../../arm-none-eabi/lib/thumb/v7e-m+fp/hard/libc_nano.a(libc_a-mprec.o)
                0x0800a728                __lshift
 .text.__mcmp   0x0800a800       0x36 /Applications/ArmGNUToolchain/13.2.Rel1/arm-none-eabi/bin/../lib/gcc/arm-none-eabi/13.2.1/../../../../arm-none-eabi/lib/thumb/v7e-m+fp/hard/libc_nano.a(libc_a-mprec.o)
                0x0800a800                __mcmp
 *fill*         0x0800a836        0x2 
 .text.__mdiff  0x0800a838      0x128 /Applications/ArmGNUToolchain/13.2.Rel1/arm-none-eabi/bin/../lib/gcc/arm-none-eabi/13.2.1/../../../../arm-none-eabi/lib/thumb/v7e-m+fp/hard/libc_nano.a(libc_a-mprec.o)
                0x0800a838                __mdiff
 .text.__d2b    0x0800a960       0xb0 /Applications/ArmGNUToolchain/13.2.Rel1/arm-none-eabi/bin/../lib/gcc/arm-none-eabi/13.2.1/../../../../arm-none-eabi/lib/thumb/v7e-m+fp/hard/libc_nano.a(libc_a-mprec.o)
                0x0800a960                __d2b
 .text.__sread  0x0800aa10       0x22 /Applications/ArmGNUToolchain/13.2.Rel1/arm-none-eabi/bin/../lib/gcc/arm-none-eabi/13.2.1/../../../../arm-none-eabi/lib/thumb/v7e-m+fp/hard/libc_nano.a(libc_a-stdio.o)
                0x0800aa10                __sread
 .text.__swrite
                0x0800aa32       0x38 /Applications/ArmGNUToolchain/13.2.Rel1/arm-none-eabi/bin/../lib/gcc/arm-none-eabi/13.2.1/../../../../arm-none-eabi/lib/thumb/v7e-m+fp/hard/libc_nano.a(libc_a-stdio.o)
                0x0800aa32                __swrite
 .text.__sseek  0x0800aa6a       0x24 /Applications/ArmGNUToolchain/13.2.Rel1/arm-none-eabi/bin/../lib/gcc/arm-none-eabi/13.2.1/../../../../arm-none-eabi/lib/thumb/v7e-m+fp/hard/libc_nano.a(libc_a-stdio.o)
                0x0800aa6a                __sseek
 .text.__sclose
                0x0800aa8e        0x8 /Applications/ArmGNUToolchain/13.2.Rel1/arm-none-eabi/bin/../lib/gcc/arm-none-eabi/13.2.1/../../../../arm-none-eabi/lib/thumb/v7e-m+fp/hard/libc_nano.a(libc_a-stdio.o)
                0x0800aa8e                __sclose
 .text._realloc_r
                0x0800aa96       0x5c /Applications/ArmGNUToolchain/13.2.Rel1/arm-none-eabi/bin/../lib/gcc/arm-none-eabi/13.2.1/../../../../arm-none-eabi/lib/thumb/v7e-m+fp/hard/libc_nano.a(libc_a-reallocr.o)
                0x0800aa96                _realloc_r
 .text.memmove  0x0800aaf2       0x34 /Applications/ArmGNUToolchain/13.2.Rel1/arm-none-eabi/bin/../lib/gcc/arm-none-eabi/13.2.1/../../../../arm-none-eabi/lib/thumb/v7e-m+fp/hard/libc_nano.a(libc_a-memmove.o)
                0x0800aaf2                memmove
 *fill*         0x0800ab26        0x2 
 .text._close_r
                0x0800ab28       0x20 /Applications/ArmGNUToolchain/13.2.Rel1/arm-none-eabi/bin/../lib/gcc/arm-none-eabi/13.2.1/../../../../arm-none-eabi/lib/thumb/v7e-m+fp/hard/libc_nano.a(libc_a-closer.o)
                0x0800ab28                _close_r
 .text._lseek_r
                0x0800ab48       0x24 /Applications/ArmGNUToolchain/13.2.Rel1/arm-none-eabi/bin/../lib/gcc/arm-none-eabi/13.2.1/../../../../arm-none-eabi/lib/thumb/v7e-m+fp/hard/libc_nano.a(libc_a-lseekr.o)
                0x0800ab48                _lseek_r
 .text._read_r  0x0800ab6c       0x24 /Applications/ArmGNUToolchain/13.2.Rel1/arm-none-eabi/bin/../lib/gcc/arm-none-eabi/13.2.1/../../../../arm-none-eabi/lib/thumb/v7e-m+fp/hard/libc_nano.a(libc_a-readr.o)
                0x0800ab6c                _read_r
 .text._sbrk_r  0x0800ab90       0x20 /Applications/ArmGNUToolchain/13.2.Rel1/arm-none-eabi/bin/../lib/gcc/arm-none-eabi/13.2.1/../../../../arm-none-eabi/lib/thumb/v7e-m+fp/hard/libc_nano.a(libc_a-sbrkr.o)
                0x0800ab90                _sbrk_r
 .text._write_r
                0x0800abb0       0x24 /Applications/ArmGNUToolchain/13.2.Rel1/arm-none-eabi/bin/../lib/gcc/arm-none-eabi/13.2.1/../../../../arm-none-eabi/lib/thumb/v7e-m+fp/hard/libc_nano.a(libc_a-writer.o)
                0x0800abb0                _write_r
 .text.__assert_func
                0x0800abd4       0x3c /Applications/ArmGNUToolchain/13.2.Rel1/arm-none-eabi/bin/../lib/gcc/arm-none-eabi/13.2.1/../../../../arm-none-eabi/lib/thumb/v7e-m+fp/hard/libc_nano.a(libc_a-assert.o)
                0x0800abd4                __assert_func
 .text._calloc_r
                0x0800ac10       0x28 /Applications/ArmGNUToolchain/13.2.Rel1/arm-none-eabi/bin/../lib/gcc/arm-none-eabi/13.2.1/../../../../arm-none-eabi/lib/thumb/v7e-m+fp/hard/libc_nano.a(libc_a-callocr.o)
                0x0800ac10                _calloc_r
 .text.__ascii_mbtowc
                0x0800ac38       0x24 /Applications/ArmGNUToolchain/13.2.Rel1/arm-none-eabi/bin/../lib/gcc/arm-none-eabi/13.2.1/../../../../arm-none-eabi/lib/thumb/v7e-m+fp/hard/libc_nano.a(libc_a-mbtowc_r.o)
                0x0800ac38                __ascii_mbtowc
 .text._malloc_usable_size_r
                0x0800ac5c       0x10 /Applications/ArmGNUToolchain/13.2.Rel1/arm-none-eabi/bin/../lib/gcc/arm-none-eabi/13.2.1/../../../../arm-none-eabi/lib/thumb/v7e-m+fp/hard/libc_nano.a(libc_a-msizer.o)
                0x0800ac5c                _malloc_usable_size_r
 .text.fprintf  0x0800ac6c       0x24 /Applications/ArmGNUToolchain/13.2.Rel1/arm-none-eabi/bin/../lib/gcc/arm-none-eabi/13.2.1/../../../../arm-none-eabi/lib/thumb/v7e-m+fp/hard/libc_nano.a(libc_a-fprintf.o)
                0x0800ac6c                fprintf
                0x0800ac6c                fiprintf
 .text.__ascii_wctomb
                0x0800ac90       0x1a /Applications/ArmGNUToolchain/13.2.Rel1/arm-none-eabi/bin/../lib/gcc/arm-none-eabi/13.2.1/../../../../arm-none-eabi/lib/thumb/v7e-m+fp/hard/libc_nano.a(libc_a-wctomb_r.o)
                0x0800ac90                __ascii_wctomb
 .text.abort    0x0800acaa        0xe /Applications/ArmGNUToolchain/13.2.Rel1/arm-none-eabi/bin/../lib/gcc/arm-none-eabi/13.2.1/../../../../arm-none-eabi/lib/thumb/v7e-m+fp/hard/libc_nano.a(libc_a-abort.o)
                0x0800acaa                abort
 .text.__sfputc_r
                0x0800acb8       0x2e /Applications/ArmGNUToolchain/13.2.Rel1/arm-none-eabi/bin/../lib/gcc/arm-none-eabi/13.2.1/../../../../arm-none-eabi/lib/thumb/v7e-m+fp/hard/libc_nano.a(libc_a-nano-vfprintf.o)
 .text.__sfputs_r
                0x0800ace6       0x24 /Applications/ArmGNUToolchain/13.2.Rel1/arm-none-eabi/bin/../lib/gcc/arm-none-eabi/13.2.1/../../../../arm-none-eabi/lib/thumb/v7e-m+fp/hard/libc_nano.a(libc_a-nano-vfprintf.o)
                0x0800ace6                __sfputs_r
 *fill*         0x0800ad0a        0x2 
 .text._vfprintf_r
                0x0800ad0c      0x230 /Applications/ArmGNUToolchain/13.2.Rel1/arm-none-eabi/bin/../lib/gcc/arm-none-eabi/13.2.1/../../../../arm-none-eabi/lib/thumb/v7e-m+fp/hard/libc_nano.a(libc_a-nano-vfprintf.o)
                0x0800ad0c                _vfiprintf_r
                0x0800ad0c                _vfprintf_r
 .text.__swbuf_r
                0x0800af3c       0x7c /Applications/ArmGNUToolchain/13.2.Rel1/arm-none-eabi/bin/../lib/gcc/arm-none-eabi/13.2.1/../../../../arm-none-eabi/lib/thumb/v7e-m+fp/hard/libc_nano.a(libc_a-wbuf.o)
                0x0800af3c                __swbuf_r
 .text.__swsetup_r
                0x0800afb8       0xac /Applications/ArmGNUToolchain/13.2.Rel1/arm-none-eabi/bin/../lib/gcc/arm-none-eabi/13.2.1/../../../../arm-none-eabi/lib/thumb/v7e-m+fp/hard/libc_nano.a(libc_a-wsetup.o)
                0x0800afb8                __swsetup_r
 .text.__swhatbuf_r
                0x0800b064       0x4c /Applications/ArmGNUToolchain/13.2.Rel1/arm-none-eabi/bin/../lib/gcc/arm-none-eabi/13.2.1/../../../../arm-none-eabi/lib/thumb/v7e-m+fp/hard/libc_nano.a(libc_a-makebuf.o)
                0x0800b064                __swhatbuf_r
 .text.__smakebuf_r
                0x0800b0b0       0x78 /Applications/ArmGNUToolchain/13.2.Rel1/arm-none-eabi/bin/../lib/gcc/arm-none-eabi/13.2.1/../../../../arm-none-eabi/lib/thumb/v7e-m+fp/hard/libc_nano.a(libc_a-makebuf.o)
                0x0800b0b0                __smakebuf_r
 .text._fstat_r
                0x0800b128       0x24 /Applications/ArmGNUToolchain/13.2.Rel1/arm-none-eabi/bin/../lib/gcc/arm-none-eabi/13.2.1/../../../../arm-none-eabi/lib/thumb/v7e-m+fp/hard/libc_nano.a(libc_a-fstatr.o)
                0x0800b128                _fstat_r
 .text._isatty_r
                0x0800b14c       0x20 /Applications/ArmGNUToolchain/13.2.Rel1/arm-none-eabi/bin/../lib/gcc/arm-none-eabi/13.2.1/../../../../arm-none-eabi/lib/thumb/v7e-m+fp/hard/libc_nano.a(libc_a-isattyr.o)
                0x0800b14c                _isatty_r
 .text._raise_r
                0x0800b16c       0x50 /Applications/ArmGNUToolchain/13.2.Rel1/arm-none-eabi/bin/../lib/gcc/arm-none-eabi/13.2.1/../../../../arm-none-eabi/lib/thumb/v7e-m+fp/hard/libc_nano.a(libc_a-signal.o)
                0x0800b16c                _raise_r
 .text.raise    0x0800b1bc       0x10 /Applications/ArmGNUToolchain/13.2.Rel1/arm-none-eabi/bin/../lib/gcc/arm-none-eabi/13.2.1/../../../../arm-none-eabi/lib/thumb/v7e-m+fp/hard/libc_nano.a(libc_a-signal.o)
                0x0800b1bc                raise
 .text._kill_r  0x0800b1cc       0x24 /Applications/ArmGNUToolchain/13.2.Rel1/arm-none-eabi/bin/../lib/gcc/arm-none-eabi/13.2.1/../../../../arm-none-eabi/lib/thumb/v7e-m+fp/hard/libc_nano.a(libc_a-signalr.o)
                0x0800b1cc                _kill_r
 .text._getpid_r
                0x0800b1f0        0x4 /Applications/ArmGNUToolchain/13.2.Rel1/arm-none-eabi/bin/../lib/gcc/arm-none-eabi/13.2.1/../../../../arm-none-eabi/lib/thumb/v7e-m+fp/hard/libc_nano.a(libc_a-signalr.o)
                0x0800b1f0                _getpid_r
 .text.__udivmoddi4
                0x0800b1f4      0x2bc /Applications/ArmGNUToolchain/13.2.Rel1/arm-none-eabi/bin/../lib/gcc/arm-none-eabi/13.2.1/thumb/v7e-m+fp/hard/libgcc.a(_udivmoddi4.o)
                0x0800b1f4                __udivmoddi4
 *(.glue_7)
 .glue_7        0x0800b4b0        0x0 linker stubs
 *(.glue_7t)
 .glue_7t       0x0800b4b0        0x0 linker stubs
 *(.eh_frame)
 .eh_frame      0x0800b4b0        0x0 /Applications/ArmGNUToolchain/13.2.Rel1/arm-none-eabi/bin/../lib/gcc/arm-none-eabi/13.2.1/thumb/v7e-m+fp/hard/crtbegin.o
 *(.init)
 .init          0x0800b4b0        0x4 /Applications/ArmGNUToolchain/13.2.Rel1/arm-none-eabi/bin/../lib/gcc/arm-none-eabi/13.2.1/thumb/v7e-m+fp/hard/crti.o
                0x0800b4b0                _init
 .init          0x0800b4b4        0x8 /Applications/ArmGNUToolchain/13.2.Rel1/arm-none-eabi/bin/../lib/gcc/arm-none-eabi/13.2.1/thumb/v7e-m+fp/hard/crtn.o
 *(.fini)
 .fini          0x0800b4bc        0x4 /Applications/ArmGNUToolchain/13.2.Rel1/arm-none-eabi/bin/../lib/gcc/arm-none-eabi/13.2.1/thumb/v7e-m+fp/hard/crti.o
                0x0800b4bc                _fini
 .fini          0x0800b4c0        0x8 /Applications/ArmGNUToolchain/13.2.Rel1/arm-none-eabi/bin/../lib/gcc/arm-none-eabi/13.2.1/thumb/v7e-m+fp/hard/crtn.o
                0x0800b4c8                        . = ALIGN (0x4)
                0x0800b4c8                        _etext = .

.vfp11_veneer   0x0800b4c8        0x0
 .vfp11_veneer  0x0800b4c8        0x0 linker stubs

.v4_bx          0x0800b4c8        0x0
 .v4_bx         0x0800b4c8        0x0 linker stubs

.iplt           0x0800b4c8        0x0
 .iplt          0x0800b4c8        0x0 /Applications/ArmGNUToolchain/13.2.Rel1/arm-none-eabi/bin/../lib/gcc/arm-none-eabi/13.2.1/thumb/v7e-m+fp/hard/crtbegin.o

.rodata         0x0800b4c8      0x4ac
                0x0800b4c8                        . = ALIGN (0x4)
 *(.rodata)
 .rodata        0x0800b4c8       0x1c build/freertos.o
 *(.rodata*)
 .rodata.USBTask_Run.str1.4
                0x0800b4e4       0xbb build/freertos.o
                                 0x54 (size before relaxing)
 .rodata.str1.4
                0x0800b59f        0x8 build/freertos.o
 *fill*         0x0800b59f        0x1 
 .rodata.SHIFT_TAB_ICxx
                0x0800b5a0        0x7 build/tim.o
 *fill*         0x0800b5a7        0x1 
 .rodata.SHIFT_TAB_OCxx
                0x0800b5a8        0x7 build/tim.o
 *fill*         0x0800b5af        0x1 
 .rodata.OFFSET_TAB_CCMRx
                0x0800b5b0        0x7 build/tim.o
 .rodata.USBD_FS_ProductStrDescriptor.str1.4
                0x0800b5b7        0xb build/usbd_desc.o
 .rodata.USBD_FS_ManufacturerStrDescriptor.str1.4
                0x0800b5b7       0x13 build/usbd_desc.o
 .rodata.USBD_FS_ConfigStrDescriptor.str1.4
                0x0800b5b7        0xb build/usbd_desc.o
 .rodata.USBD_FS_InterfaceStrDescriptor.str1.4
                0x0800b5b7        0xe build/usbd_desc.o
 *fill*         0x0800b5b7        0x1 
 .rodata.APBPrescTable
                0x0800b5b8        0x8 build/system_stm32f4xx.o
                0x0800b5b8                APBPrescTable
 .rodata.AHBPrescTable
                0x0800b5c0       0x10 build/system_stm32f4xx.o
                0x0800b5c0                AHBPrescTable
 .rodata.vTaskStartScheduler.str1.4
                0x0800b5d0        0x5 build/tasks.o
 .rodata.prvCheckForValidListAndQueue.str1.4
                0x0800b5d0        0x5 build/timers.o
 .rodata.xTimerCreateTimerTask.str1.4
                0x0800b5d0        0x8 build/timers.o
 .rodata.str1.4
                0x0800b5d0        0xb build/SensorTask.o
 .rodata.os_thread_def_SensorTask
                0x0800b5d0       0x1c build/SensorTask.o
                0x0800b5d0                os_thread_def_SensorTask
 .rodata._printf_float.str1.1
                0x0800b5ec      0x183 /Applications/ArmGNUToolchain/13.2.Rel1/arm-none-eabi/bin/../lib/gcc/arm-none-eabi/13.2.1/../../../../arm-none-eabi/lib/thumb/v7e-m+fp/hard/libc_nano.a(libc_a-nano-vfprintf_float.o)
                                 0x12 (size before relaxing)
 .rodata._printf_i.str1.1
                0x0800b76f       0x22 /Applications/ArmGNUToolchain/13.2.Rel1/arm-none-eabi/bin/../lib/gcc/arm-none-eabi/13.2.1/../../../../arm-none-eabi/lib/thumb/v7e-m+fp/hard/libc_nano.a(libc_a-nano-vfprintf_i.o)
 .rodata._dtoa_r.str1.1
                0x0800b76f       0x98 /Applications/ArmGNUToolchain/13.2.Rel1/arm-none-eabi/bin/../lib/gcc/arm-none-eabi/13.2.1/../../../../arm-none-eabi/lib/thumb/v7e-m+fp/hard/libc_nano.a(libc_a-dtoa.o)
 .rodata._svfprintf_r.str1.1
                0x0800b76f       0x11 /Applications/ArmGNUToolchain/13.2.Rel1/arm-none-eabi/bin/../lib/gcc/arm-none-eabi/13.2.1/../../../../arm-none-eabi/lib/thumb/v7e-m+fp/hard/libc_nano.a(libc_a-nano-svfprintf.o)
 .rodata._Balloc.str1.1
                0x0800b76f       0x79 /Applications/ArmGNUToolchain/13.2.Rel1/arm-none-eabi/bin/../lib/gcc/arm-none-eabi/13.2.1/../../../../arm-none-eabi/lib/thumb/v7e-m+fp/hard/libc_nano.a(libc_a-mprec.o)
 .rodata.__multadd.str1.1
                0x0800b76f       0x11 /Applications/ArmGNUToolchain/13.2.Rel1/arm-none-eabi/bin/../lib/gcc/arm-none-eabi/13.2.1/../../../../arm-none-eabi/lib/thumb/v7e-m+fp/hard/libc_nano.a(libc_a-mprec.o)
 *fill*         0x0800b76f        0x1 
 .rodata.p05.0  0x0800b770        0xc /Applications/ArmGNUToolchain/13.2.Rel1/arm-none-eabi/bin/../lib/gcc/arm-none-eabi/13.2.1/../../../../arm-none-eabi/lib/thumb/v7e-m+fp/hard/libc_nano.a(libc_a-mprec.o)
 *fill*         0x0800b77c        0x4 
 .rodata.__mprec_bigtens
                0x0800b780       0x28 /Applications/ArmGNUToolchain/13.2.Rel1/arm-none-eabi/bin/../lib/gcc/arm-none-eabi/13.2.1/../../../../arm-none-eabi/lib/thumb/v7e-m+fp/hard/libc_nano.a(libc_a-mprec.o)
                0x0800b780                __mprec_bigtens
 .rodata.__mprec_tens
                0x0800b7a8       0xc8 /Applications/ArmGNUToolchain/13.2.Rel1/arm-none-eabi/bin/../lib/gcc/arm-none-eabi/13.2.1/../../../../arm-none-eabi/lib/thumb/v7e-m+fp/hard/libc_nano.a(libc_a-mprec.o)
                0x0800b7a8                __mprec_tens
 .rodata._setlocale_r.str1.1
                0x0800b870        0x9 /Applications/ArmGNUToolchain/13.2.Rel1/arm-none-eabi/bin/../lib/gcc/arm-none-eabi/13.2.1/../../../../arm-none-eabi/lib/thumb/v7e-m+fp/hard/libc_nano.a(libc_a-locale.o)
 .rodata.str1.1
                0x0800b870        0x2 /Applications/ArmGNUToolchain/13.2.Rel1/arm-none-eabi/bin/../lib/gcc/arm-none-eabi/13.2.1/../../../../arm-none-eabi/lib/thumb/v7e-m+fp/hard/libc_nano.a(libc_a-locale.o)
 .rodata._ctype_
                0x0800b870      0x101 /Applications/ArmGNUToolchain/13.2.Rel1/arm-none-eabi/bin/../lib/gcc/arm-none-eabi/13.2.1/../../../../arm-none-eabi/lib/thumb/v7e-m+fp/hard/libc_nano.a(libc_a-ctype_.o)
                0x0800b870                _ctype_
 .rodata.__assert_func.str1.1
                0x0800b971       0x3d /Applications/ArmGNUToolchain/13.2.Rel1/arm-none-eabi/bin/../lib/gcc/arm-none-eabi/13.2.1/../../../../arm-none-eabi/lib/thumb/v7e-m+fp/hard/libc_nano.a(libc_a-assert.o)
 .rodata._vfprintf_r.str1.1
                0x0800b971       0x11 /Applications/ArmGNUToolchain/13.2.Rel1/arm-none-eabi/bin/../lib/gcc/arm-none-eabi/13.2.1/../../../../arm-none-eabi/lib/thumb/v7e-m+fp/hard/libc_nano.a(libc_a-nano-vfprintf.o)
                0x0800b9b0                        . = ALIGN (0x4)
 *fill*         0x0800b971        0x3 

.ARM.extab
 *(.ARM.extab* .gnu.linkonce.armextab.*)

.ARM            0x0800b974        0x8
                0x0800b974                        __exidx_start = .
 *(.ARM.exidx*)
 .ARM.exidx     0x0800b974        0x8 /Applications/ArmGNUToolchain/13.2.Rel1/arm-none-eabi/bin/../lib/gcc/arm-none-eabi/13.2.1/../../../../arm-none-eabi/lib/thumb/v7e-m+fp/hard/libc_nano.a(libc_a-memchr.o)
 .ARM.exidx     0x0800b97c        0x0 /Applications/ArmGNUToolchain/13.2.Rel1/arm-none-eabi/bin/../lib/gcc/arm-none-eabi/13.2.1/../../../../arm-none-eabi/lib/thumb/v7e-m+fp/hard/libc_nano.a(libc_a-strlen.o)
                                  0x8 (size before relaxing)
 .ARM.exidx.text.__udivmoddi4
                0x0800b97c        0x0 /Applications/ArmGNUToolchain/13.2.Rel1/arm-none-eabi/bin/../lib/gcc/arm-none-eabi/13.2.1/thumb/v7e-m+fp/hard/libgcc.a(_udivmoddi4.o)
                                  0x8 (size before relaxing)
                0x0800b97c                        __exidx_end = .

.rel.dyn        0x0800b97c        0x0
 .rel.iplt      0x0800b97c        0x0 /Applications/ArmGNUToolchain/13.2.Rel1/arm-none-eabi/bin/../lib/gcc/arm-none-eabi/13.2.1/thumb/v7e-m+fp/hard/crtbegin.o

.preinit_array  0x0800b97c        0x0
                0x0800b97c                        PROVIDE (__preinit_array_start = .)
 *(.preinit_array*)
                0x0800b97c                        PROVIDE (__preinit_array_end = .)

.init_array     0x0800b97c        0x4
                0x0800b97c                        PROVIDE (__init_array_start = .)
 *(SORT_BY_NAME(.init_array.*))
 *(.init_array*)
 .init_array    0x0800b97c        0x4 /Applications/ArmGNUToolchain/13.2.Rel1/arm-none-eabi/bin/../lib/gcc/arm-none-eabi/13.2.1/thumb/v7e-m+fp/hard/crtbegin.o
                0x0800b980                        PROVIDE (__init_array_end = .)

.fini_array     0x0800b980        0x4
                [!provide]                        PROVIDE (__fini_array_start = .)
 *(SORT_BY_NAME(.fini_array.*))
 *(.fini_array*)
 .fini_array    0x0800b980        0x4 /Applications/ArmGNUToolchain/13.2.Rel1/arm-none-eabi/bin/../lib/gcc/arm-none-eabi/13.2.1/thumb/v7e-m+fp/hard/crtbegin.o
                [!provide]                        PROVIDE (__fini_array_end = .)
                0x0800b984                        _sidata = LOADADDR (.data)

.data           0x20000000      0x2c4 load address 0x0800b984
                0x20000000                        . = ALIGN (0x4)
                0x20000000                        _sdata = .
 *(.data)
 *(.data*)
 .data.USBD_StringSerial
                0x20000000       0x1a build/usbd_desc.o
                0x20000000                USBD_StringSerial
 *fill*         0x2000001a        0x2 
 .data.USBD_LangIDDesc
                0x2000001c        0x4 build/usbd_desc.o
                0x2000001c                USBD_LangIDDesc
 .data.USBD_FS_DeviceDesc
                0x20000020       0x12 build/usbd_desc.o
                0x20000020                USBD_FS_DeviceDesc
 *fill*         0x20000032        0x2 
 .data.FS_Desc  0x20000034       0x1c build/usbd_desc.o
                0x20000034                FS_Desc
 .data.USBD_Interface_fops_FS
                0x20000050       0x14 build/usbd_cdc_if.o
                0x20000050                USBD_Interface_fops_FS
 .data.uwTickFreq
                0x20000064        0x1 build/stm32f4xx_hal.o
                0x20000064                uwTickFreq
 *fill*         0x20000065        0x3 
 .data.uwTickPrio
                0x20000068        0x4 build/stm32f4xx_hal.o
                0x20000068                uwTickPrio
 .data.SystemCoreClock
                0x2000006c        0x4 build/system_stm32f4xx.o
                0x2000006c                SystemCoreClock
 .data.uxCriticalNesting
                0x20000070        0x4 build/port.o
 .data.USBD_CDC_CfgDesc
                0x20000074       0x43 build/usbd_cdc.o
 *fill*         0x200000b7        0x1 
 .data.USBD_CDC
                0x200000b8       0x38 build/usbd_cdc.o
                0x200000b8                USBD_CDC
 .data.USBD_CDC_DeviceQualifierDesc
                0x200000f0        0xa build/usbd_cdc.o
 *fill*         0x200000fa        0x2 
 .data.__sglue  0x200000fc        0xc /Applications/ArmGNUToolchain/13.2.Rel1/arm-none-eabi/bin/../lib/gcc/arm-none-eabi/13.2.1/../../../../arm-none-eabi/lib/thumb/v7e-m+fp/hard/libc_nano.a(libc_a-findfp.o)
                0x200000fc                __sglue
 .data._impure_ptr
                0x20000108        0x4 /Applications/ArmGNUToolchain/13.2.Rel1/arm-none-eabi/bin/../lib/gcc/arm-none-eabi/13.2.1/../../../../arm-none-eabi/lib/thumb/v7e-m+fp/hard/libc_nano.a(libc_a-impure.o)
                0x20000108                _impure_ptr
 .data._impure_data
                0x2000010c       0x4c /Applications/ArmGNUToolchain/13.2.Rel1/arm-none-eabi/bin/../lib/gcc/arm-none-eabi/13.2.1/../../../../arm-none-eabi/lib/thumb/v7e-m+fp/hard/libc_nano.a(libc_a-impure.o)
                0x2000010c                _impure_data
 .data.__global_locale
                0x20000158      0x16c /Applications/ArmGNUToolchain/13.2.Rel1/arm-none-eabi/bin/../lib/gcc/arm-none-eabi/13.2.1/../../../../arm-none-eabi/lib/thumb/v7e-m+fp/hard/libc_nano.a(libc_a-locale.o)
                0x20000158                __global_locale
                0x200002c4                        . = ALIGN (0x4)
                0x200002c4                        _edata = .

.tm_clone_table
                0x200002c4        0x0 load address 0x0800bc48
 .tm_clone_table
                0x200002c4        0x0 /Applications/ArmGNUToolchain/13.2.Rel1/arm-none-eabi/bin/../lib/gcc/arm-none-eabi/13.2.1/thumb/v7e-m+fp/hard/crtbegin.o
 .tm_clone_table
                0x200002c4        0x0 /Applications/ArmGNUToolchain/13.2.Rel1/arm-none-eabi/bin/../lib/gcc/arm-none-eabi/13.2.1/thumb/v7e-m+fp/hard/crtend.o

.igot.plt       0x200002c4        0x0 load address 0x0800bc48
 .igot.plt      0x200002c4        0x0 /Applications/ArmGNUToolchain/13.2.Rel1/arm-none-eabi/bin/../lib/gcc/arm-none-eabi/13.2.1/thumb/v7e-m+fp/hard/crtbegin.o
                0x200002c4                        . = ALIGN (0x4)

.bss            0x200002c8     0x66e4 load address 0x0800bc48
                0x200002c8                        _sbss = .
                0x200002c8                        __bss_start__ = _sbss
 *(.bss)
 *(.bss*)
 .bss.completed.1
                0x200002c8        0x1 /Applications/ArmGNUToolchain/13.2.Rel1/arm-none-eabi/bin/../lib/gcc/arm-none-eabi/13.2.1/thumb/v7e-m+fp/hard/crtbegin.o
 *fill*         0x200002c9        0x3 
 .bss.object.0  0x200002cc       0x18 /Applications/ArmGNUToolchain/13.2.Rel1/arm-none-eabi/bin/../lib/gcc/arm-none-eabi/13.2.1/thumb/v7e-m+fp/hard/crtbegin.o
 .bss.xTimerStack
                0x200002e4      0x400 build/freertos.o
 *fill*         0x200006e4        0x4 
 .bss.xTimerTaskTCBBuffer
                0x200006e8      0x180 build/freertos.o
 .bss.xIdleStack
                0x20000868      0x200 build/freertos.o
 .bss.xIdleTaskTCBBuffer
                0x20000a68      0x180 build/freertos.o
 .bss.USBTaskHandle
                0x20000be8        0x4 build/freertos.o
                0x20000be8                USBTaskHandle
 .bss.hi2c2     0x20000bec       0x54 build/i2c.o
                0x20000bec                hi2c2
 .bss.hi2c1     0x20000c40       0x54 build/i2c.o
                0x20000c40                hi2c1
 .bss.hspi1     0x20000c94       0x58 build/spi.o
                0x20000c94                hspi1
 .bss.huart2    0x20000cec       0x48 build/usart.o
                0x20000cec                huart2
 .bss.huart1    0x20000d34       0x48 build/usart.o
                0x20000d34                huart1
 .bss.htim11    0x20000d7c       0x48 build/stm32f4xx_hal_timebase_tim.o
                0x20000d7c                htim11
 .bss.hUsbDeviceFS
                0x20000dc4      0x2dc build/usb_device.o
                0x20000dc4                hUsbDeviceFS
 .bss.USBD_StrDesc
                0x200010a0      0x200 build/usbd_desc.o
                0x200010a0                USBD_StrDesc
 .bss.UserTxBufferFS
                0x200012a0      0x800 build/usbd_cdc_if.o
                0x200012a0                UserTxBufferFS
 .bss.UserRxBufferFS
                0x20001aa0      0x800 build/usbd_cdc_if.o
                0x20001aa0                UserRxBufferFS
 .bss.mem.0     0x200022a0      0x220 build/usbd_conf.o
 .bss.hpcd_USB_OTG_FS
                0x200024c0      0x4e4 build/usbd_conf.o
                0x200024c0                hpcd_USB_OTG_FS
 .bss.uwTick    0x200029a4        0x4 build/stm32f4xx_hal.o
                0x200029a4                uwTick
 .bss.xQueueRegistry
                0x200029a8       0x40 build/queue.o
                0x200029a8                xQueueRegistry
 .bss.uxSchedulerSuspended
                0x200029e8        0x4 build/tasks.o
 .bss.xIdleTaskHandle
                0x200029ec        0x4 build/tasks.o
 .bss.xNextTaskUnblockTime
                0x200029f0        0x4 build/tasks.o
 .bss.uxTaskNumber
                0x200029f4        0x4 build/tasks.o
 .bss.xNumOfOverflows
                0x200029f8        0x4 build/tasks.o
 .bss.xYieldPending
                0x200029fc        0x4 build/tasks.o
 .bss.xPendedTicks
                0x20002a00        0x4 build/tasks.o
 .bss.xSchedulerRunning
                0x20002a04        0x4 build/tasks.o
 .bss.uxTopReadyPriority
                0x20002a08        0x4 build/tasks.o
 .bss.xTickCount
                0x20002a0c        0x4 build/tasks.o
 .bss.uxCurrentNumberOfTasks
                0x20002a10        0x4 build/tasks.o
 .bss.xSuspendedTaskList
                0x20002a14       0x14 build/tasks.o
 .bss.uxDeletedTasksWaitingCleanUp
                0x20002a28        0x4 build/tasks.o
 .bss.xTasksWaitingTermination
                0x20002a2c       0x14 build/tasks.o
 .bss.xPendingReadyList
                0x20002a40       0x14 build/tasks.o
 .bss.pxOverflowDelayedTaskList
                0x20002a54        0x4 build/tasks.o
 .bss.pxDelayedTaskList
                0x20002a58        0x4 build/tasks.o
 .bss.xDelayedTaskList2
                0x20002a5c       0x14 build/tasks.o
 .bss.xDelayedTaskList1
                0x20002a70       0x14 build/tasks.o
 .bss.pxReadyTasksLists
                0x20002a84       0x8c build/tasks.o
 .bss.pxCurrentTCB
                0x20002b10        0x4 build/tasks.o
                0x20002b10                pxCurrentTCB