Archive member included to satisfy reference by file (symbol)

/Applications/ArmGNUToolchain/13.2.Rel1/arm-none-eabi/bin/../lib/gcc/arm-none-eabi/13.2.1/../../../../arm-none-eabi/lib/thumb/v7e-m+fp/hard/libc_nano.a(libc_a-exit.o)
                              /Applications/ArmGNUToolchain/13.2.Rel1/arm-none-eabi/bin/../lib/gcc/arm-none-eabi/13.2.1/../../../../arm-none-eabi/lib/thumb/v7e-m+fp/hard/crt0.o (exit)
/Applications/ArmGNUToolchain/13.2.Rel1/arm-none-eabi/bin/../lib/gcc/arm-none-eabi/13.2.1/../../../../arm-none-eabi/lib/thumb/v7e-m+fp/hard/libc_nano.a(libc_a-nano-vfprintf_float.o)
                              (_printf_float)
/Applications/ArmGNUToolchain/13.2.Rel1/arm-none-eabi/bin/../lib/gcc/arm-none-eabi/13.2.1/../../../../arm-none-eabi/lib/thumb/v7e-m+fp/hard/libc_nano.a(libc_a-nano-vfprintf_i.o)
                              /Applications/ArmGNUToolchain/13.2.Rel1/arm-none-eabi/bin/../lib/gcc/arm-none-eabi/13.2.1/../../../../arm-none-eabi/lib/thumb/v7e-m+fp/hard/libc_nano.a(libc_a-nano-vfprintf_float.o) (_printf_common)
/Applications/ArmGNUToolchain/13.2.Rel1/arm-none-eabi/bin/../lib/gcc/arm-none-eabi/13.2.1/../../../../arm-none-eabi/lib/thumb/v7e-m+fp/hard/libc_nano.a(libc_a-snprintf.o)
                              build/freertos.o (snprintf)
/Applications/ArmGNUToolchain/13.2.Rel1/arm-none-eabi/bin/../lib/gcc/arm-none-eabi/13.2.1/../../../../arm-none-eabi/lib/thumb/v7e-m+fp/hard/libc_nano.a(libc_a-findfp.o)
                              build/tasks.o (__sf)
/Applications/ArmGNUToolchain/13.2.Rel1/arm-none-eabi/bin/../lib/gcc/arm-none-eabi/13.2.1/../../../../arm-none-eabi/lib/thumb/v7e-m+fp/hard/libc_nano.a(libc_a-fwalk.o)
                              /Applications/ArmGNUToolchain/13.2.Rel1/arm-none-eabi/bin/../lib/gcc/arm-none-eabi/13.2.1/../../../../arm-none-eabi/lib/thumb/v7e-m+fp/hard/libc_nano.a(libc_a-findfp.o) (_fwalk_sglue)
/Applications/ArmGNUToolchain/13.2.Rel1/arm-none-eabi/bin/../lib/gcc/arm-none-eabi/13.2.1/../../../../arm-none-eabi/lib/thumb/v7e-m+fp/hard/libc_nano.a(libc_a-memset.o)
                              /Applications/ArmGNUToolchain/13.2.Rel1/arm-none-eabi/bin/../lib/gcc/arm-none-eabi/13.2.1/../../../../arm-none-eabi/lib/thumb/v7e-m+fp/hard/crt0.o (memset)
/Applications/ArmGNUToolchain/13.2.Rel1/arm-none-eabi/bin/../lib/gcc/arm-none-eabi/13.2.1/../../../../arm-none-eabi/lib/thumb/v7e-m+fp/hard/libc_nano.a(libc_a-localeconv.o)
                              /Applications/ArmGNUToolchain/13.2.Rel1/arm-none-eabi/bin/../lib/gcc/arm-none-eabi/13.2.1/../../../../arm-none-eabi/lib/thumb/v7e-m+fp/hard/libc_nano.a(libc_a-nano-vfprintf_float.o) (_localeconv_r)
/Applications/ArmGNUToolchain/13.2.Rel1/arm-none-eabi/bin/../lib/gcc/arm-none-eabi/13.2.1/../../../../arm-none-eabi/lib/thumb/v7e-m+fp/hard/libc_nano.a(libc_a-reent.o)
                              build/tasks.o (_reclaim_reent)
/Applications/ArmGNUToolchain/13.2.Rel1/arm-none-eabi/bin/../lib/gcc/arm-none-eabi/13.2.1/../../../../arm-none-eabi/lib/thumb/v7e-m+fp/hard/libc_nano.a(libc_a-impure.o)
                              build/tasks.o (_impure_ptr)
/Applications/ArmGNUToolchain/13.2.Rel1/arm-none-eabi/bin/../lib/gcc/arm-none-eabi/13.2.1/../../../../arm-none-eabi/lib/thumb/v7e-m+fp/hard/libc_nano.a(libc_a-errno.o)
                              build/sysmem.o (__errno)
/Applications/ArmGNUToolchain/13.2.Rel1/arm-none-eabi/bin/../lib/gcc/arm-none-eabi/13.2.1/../../../../arm-none-eabi/lib/thumb/v7e-m+fp/hard/libc_nano.a(libc_a-init.o)
                              /Applications/ArmGNUToolchain/13.2.Rel1/arm-none-eabi/bin/../lib/gcc/arm-none-eabi/13.2.1/../../../../arm-none-eabi/lib/thumb/v7e-m+fp/hard/crt0.o (__libc_init_array)
/Applications/ArmGNUToolchain/13.2.Rel1/arm-none-eabi/bin/../lib/gcc/arm-none-eabi/13.2.1/../../../../arm-none-eabi/lib/thumb/v7e-m+fp/hard/libc_nano.a(libc_a-lock.o)
                              /Applications/ArmGNUToolchain/13.2.Rel1/arm-none-eabi/bin/../lib/gcc/arm-none-eabi/13.2.1/../../../../arm-none-eabi/lib/thumb/v7e-m+fp/hard/libc_nano.a(libc_a-findfp.o) (__retarget_lock_init_recursive)
/Applications/ArmGNUToolchain/13.2.Rel1/arm-none-eabi/bin/../lib/gcc/arm-none-eabi/13.2.1/../../../../arm-none-eabi/lib/thumb/v7e-m+fp/hard/libc_nano.a(libc_a-memchr.o)
                              /Applications/ArmGNUToolchain/13.2.Rel1/arm-none-eabi/bin/../lib/gcc/arm-none-eabi/13.2.1/../../../../arm-none-eabi/lib/thumb/v7e-m+fp/hard/libc_nano.a(libc_a-nano-vfprintf_i.o) (memchr)
/Applications/ArmGNUToolchain/13.2.Rel1/arm-none-eabi/bin/../lib/gcc/arm-none-eabi/13.2.1/../../../../arm-none-eabi/lib/thumb/v7e-m+fp/hard/libc_nano.a(libc_a-memcpy-stub.o)
                              build/queue.o (memcpy)
/Applications/ArmGNUToolchain/13.2.Rel1/arm-none-eabi/bin/../lib/gcc/arm-none-eabi/13.2.1/../../../../arm-none-eabi/lib/thumb/v7e-m+fp/hard/libc_nano.a(libc_a-strlen.o)
                              build/freertos.o (strlen)
[...]
Memory Configuration

Name             Origin             Length             Attributes
RAM              0x20000000         0x00020000         xrw
FLASH            0x08000000         0x00080000         xr
*default*        0x00000000         0xffffffff

Linker script and memory map

LOAD /Applications/ArmGNUToolchain/13.2.Rel1/arm-none-eabi/bin/../lib/gcc/arm-none-eabi/13.2.1/thumb/v7e-m+fp/hard/crti.o
LOAD /Applications/ArmGNUToolchain/13.2.Rel1/arm-none-eabi/bin/../lib/gcc/arm-none-eabi/13.2.1/thumb/v7e-m+fp/hard/crtbegin.o
LOAD /Applications/ArmGNUToolchain/13.2.Rel1/arm-none-eabi/bin/../lib/gcc/arm-none-eabi/13.2.1/../../../../arm-none-eabi/lib/thumb/v7e-m+fp/hard/crt0.o
LOAD build/main.o
LOAD build/gpio.o
LOAD build/freertos.o
LOAD build/i2c.o
LOAD build/spi.o
LOAD build/tim.o
LOAD build/usart.o
LOAD build/stm32f4xx_it.o
LOAD build/stm32f4xx_hal_msp.o
LOAD build/stm32f4xx_hal_timebase_tim.o
LOAD build/usb_device.o
LOAD build/usbd_desc.o
LOAD build/usbd_cdc_if.o
LOAD build/usbd_conf.o
LOAD build/stm32f4xx_hal_pcd.o
LOAD build/stm32f4xx_hal_pcd_ex.o
LOAD build/stm32f4xx_ll_usb.o
LOAD build/stm32f4xx_hal_rcc.o
LOAD build/stm32f4xx_hal_rcc_ex.o
LOAD build/stm32f4xx_hal_flash.o
LOAD build/stm32f4xx_hal_flash_ex.o
LOAD build/stm32f4xx_hal_flash_ramfunc.o
LOAD build/stm32f4xx_hal_gpio.o
LOAD build/stm32f4xx_hal_dma_ex.o
LOAD build/stm32f4xx_hal_dma.o
LOAD build/stm32f4xx_hal_pwr.o
LOAD build/stm32f4xx_hal_pwr_ex.o
LOAD build/stm32f4xx_hal_cortex.o
LOAD build/stm32f4xx_hal.o
LOAD build/stm32f4xx_hal_exti.o
LOAD build/stm32f4xx_ll_rcc.o
LOAD build/stm32f4xx_ll_utils.o
LOAD build/stm32f4xx_ll_exti.o
LOAD build/stm32f4xx_hal_i2c.o
LOAD build/stm32f4xx_hal_i2c_ex.o
LOAD build/stm32f4xx_hal_spi.o
LOAD build/stm32f4xx_hal_tim.o
LOAD build/stm32f4xx_hal_tim_ex.o
LOAD build/stm32f4xx_ll_tim.o
LOAD build/stm32f4xx_ll_gpio.o
LOAD build/stm32f4xx_ll_dma.o
LOAD build/stm32f4xx_hal_uart.o
LOAD build/system_stm32f4xx.o
LOAD build/croutine.o
LOAD build/event_groups.o
LOAD build/list.o
LOAD build/queue.o
LOAD build/stream_buffer.o
LOAD build/tasks.o
LOAD build/timers.o
LOAD build/cmsis_os.o
LOAD build/heap_4.o
LOAD build/port.o
LOAD build/usbd_core.o
LOAD build/usbd_ctlreq.o
LOAD build/usbd_ioreq.o
LOAD build/usbd_cdc.o
LOAD build/sysmem.o
LOAD build/syscalls.o
LOAD build/baro_mpl3115a2.o
LOAD build/imu_mpu6050.o
LOAD build/SensorTask.o
LOAD build/startup_stm32f411xe.o
LOAD /Applications/ArmGNUToolchain/13.2.Rel1/arm-none-eabi/bin/../lib/gcc/arm-none-eabi/13.2.1/../../../../arm-none-eabi/lib/thumb/v7e-m+fp/hard/libc_nano.a
LOAD /Applications/ArmGNUToolchain/13.2.Rel1/arm-none-eabi/bin/../lib/gcc/arm-none-eabi/13.2.1/../../../../arm-none-eabi/lib/thumb/v7e-m+fp/hard/libm.a
LOAD /Applications/ArmGNUToolchain/13.2.Rel1/arm-none-eabi/bin/../lib/gcc/arm-none-eabi/13.2.1/../../../../arm-none-eabi/lib/thumb/v7e-m+fp/hard/libnosys.a
START GROUP
LOAD /Applications/ArmGNUToolchain/13.2.Rel1/arm-none-eabi/bin/../lib/gcc/arm-none-eabi/13.2.1/thumb/v7e-m+fp/hard/libgcc.a
LOAD /Applications/ArmGNUToolchain/13.2.Rel1/arm-none-eabi/bin/../lib/gcc/arm-none-eabi/13.2.1/../../../../arm-none-eabi/lib/thumb/v7e-m+fp/hard/libc_nano.a
END GROUP
START GROUP
LOAD /Applications/ArmGNUToolchain/13.2.Rel1/arm-none-eabi/bin/../lib/gcc/arm-none-eabi/13.2.1/thumb/v7e-m+fp/hard/libgcc.a
LOAD /Applications/ArmGNUToolchain/13.2.Rel1/arm-none-eabi/bin/../lib/gcc/arm-none-eabi/13.2.1/../../../../arm-none-eabi/lib/thumb/v7e-m+fp/hard/libc_nano.a
END GROUP
LOAD /Applications/ArmGNUToolchain/13.2.Rel1/arm-none-eabi/bin/../lib/gcc/arm-none-eabi/13.2.1/thumb/v7e-m+fp/hard/crtend.o
LOAD /Applications/ArmGNUToolchain/13.2.Rel1/arm-none-eabi/bin/../lib/gcc/arm-none-eabi/13.2.1/thumb/v7e-m+fp/hard/crtn.o
                0x20020000                        _estack = (ORIGIN (RAM) + LENGTH (RAM))
                0x00000200                        _Min_Heap_Size = 0x200
                0x00000400                        _Min_Stack_Size = 0x400

.isr_vector     0x08000000      0x198
                0x08000000                        . = ALIGN (0x4)
 *(.isr_vector)
 .isr_vector    0x08000000      0x198 build/startup_stm32f411xe.o
                0x08000000                g_pfnVectors
                0x08000198                        . = ALIGN (0x4)

.text           0x080001a0     0xb6d0
                0x080001a0                        . = ALIGN (0x4)
 *(.text)
 .text          0x080001a0       0xa0 /Applications/ArmGNUToolchain/13.2.Rel1/arm-none-eabi/bin/../lib/gcc/arm-none-eabi/13.2.1/../../../../arm-none-eabi/lib/thumb/v7e-m+fp/hard/libc_nano.a(libc_a-memchr.o)
                0x080001a0                memchr
 .text          0x08000240       0x10 /Applications/ArmGNUToolchain/13.2.Rel1/arm-none-eabi/bin/../lib/gcc/arm-none-eabi/13.2.1/../../../../arm-none-eabi/lib/thumb/v7e-m+fp/hard/libc_nano.a(libc_a-strlen.o)
                0x08000240                strlen
 .text          0x08000250      0x378 /Applications/ArmGNUToolchain/13.2.Rel1/arm-none-eabi/bin/../lib/gcc/arm-none-eabi/13.2.1/thumb/v7e-m+fp/hard/libgcc.a(_arm_addsubdf3.o)
                0x08000250                __aeabi_drsub
                0x08000258                __subdf3
                0x08000258                __aeabi_dsub
                0x0800025c                __aeabi_dadd
                0x0800025c                __adddf3
                0x080004d4                __aeabi_ui2d
                0x080004d4                __floatunsidf
                0x080004f4                __floatsidf
                0x080004f4                __aeabi_i2d
                0x08000518                __extendsfdf2
                0x08000518                __aeabi_f2d
                0x0800055c                __aeabi_ul2d
                0x0800055c                __floatundidf
                0x0800056c                __aeabi_l2d
                0x0800056c                __floatdidf
 .text          0x080005c8      0x424 /Applications/ArmGNUToolchain/13.2.Rel1/arm-none-eabi/bin/../lib/gcc/arm-none-eabi/13.2.1/thumb/v7e-m+fp/hard/libgcc.a(_arm_muldivdf3.o)
                0x080005c8                __aeabi_dmul
                0x080005c8                __muldf3
                0x0800081c                __aeabi_ddiv
                0x0800081c                __divdf3
 .text          0x080009ec      0x110 /Applications/ArmGNUToolchain/13.2.Rel1/arm-none-eabi/bin/../lib/gcc/arm-none-eabi/13.2.1/thumb/v7e-m+fp/hard/libgcc.a(_arm_cmpdf2.o)
                0x080009ec                __gedf2
                0x080009ec                __gtdf2
                0x080009f4                __ledf2
                0x080009f4                __ltdf2
                0x080009fc                __cmpdf2
                0x080009fc                __eqdf2
                0x080009fc                __nedf2
                0x08000a78                __aeabi_cdrcmple
                0x08000a88                __aeabi_cdcmple
                0x08000a88                __aeabi_cdcmpeq
                0x08000a98                __aeabi_dcmpeq
                0x08000aac                __aeabi_dcmplt
                0x08000ac0                __aeabi_dcmple
                0x08000ad4                __aeabi_dcmpge
                0x08000ae8                __aeabi_dcmpgt
 .text          0x08000afc       0x2c /Applications/ArmGNUToolchain/13.2.Rel1/arm-none-eabi/bin/../lib/gcc/arm-none-eabi/13.2.1/thumb/v7e-m+fp/hard/libgcc.a(_arm_unorddf2.o)
                0x08000afc                __aeabi_dcmpun
                0x08000afc                __unorddf2
 .text          0x08000b28       0x50 /Applications/ArmGNUToolchain/13.2.Rel1/arm-none-eabi/bin/../lib/gcc/arm-none-eabi/13.2.1/thumb/v7e-m+fp/hard/libgcc.a(_arm_fixdfsi.o)
                0x08000b28                __fixdfsi
                0x08000b28                __aeabi_d2iz
 .text          0x08000b78       0x30 /Applications/ArmGNUToolchain/13.2.Rel1/arm-none-eabi/bin/../lib/gcc/arm-none-eabi/13.2.1/thumb/v7e-m+fp/hard/libgcc.a(_aeabi_uldivmod.o)
                0x08000b78                __aeabi_uldivmod
 .text          0x08000ba8        0x4 /Applications/ArmGNUToolchain/13.2.Rel1/arm-none-eabi/bin/../lib/gcc/arm-none-eabi/13.2.1/thumb/v7e-m+fp/hard/libgcc.a(_dvmd_tls.o)
                0x08000ba8                __aeabi_ldiv0
                0x08000ba8                __aeabi_idiv0
 *(.text*)
 .text.deregister_tm_clones
                0x08000bac       0x1c /Applications/ArmGNUToolchain/13.2.Rel1/arm-none-eabi/bin/../lib/gcc/arm-none-eabi/13.2.1/thumb/v7e-m+fp/hard/crtbegin.o
 .text.register_tm_clones
                0x08000bc8       0x24 /Applications/ArmGNUToolchain/13.2.Rel1/arm-none-eabi/bin/../lib/gcc/arm-none-eabi/13.2.1/thumb/v7e-m+fp/hard/crtbegin.o
 .text.__do_global_dtors_aux
                0x08000bec       0x28 /Applications/ArmGNUToolchain/13.2.Rel1/arm-none-eabi/bin/../lib/gcc/arm-none-eabi/13.2.1/thumb/v7e-m+fp/hard/crtbegin.o
 .text.frame_dummy
                0x08000c14       0x24 /Applications/ArmGNUToolchain/13.2.Rel1/arm-none-eabi/bin/../lib/gcc/arm-none-eabi/13.2.1/thumb/v7e-m+fp/hard/crtbegin.o
 .text.HAL_TIM_PeriodElapsedCallback
                0x08000c38       0x18 build/main.o
                0x08000c38                HAL_TIM_PeriodElapsedCallback
 .text.Error_Handler
                0x08000c50        0x4 build/main.o
                0x08000c50                Error_Handler
 .text.SystemClock_Config
                0x08000c54       0xa4 build/main.o
                0x08000c54                SystemClock_Config
 .text.main     0x08000cf8       0x38 build/main.o
                0x08000cf8                main
 .text.MX_GPIO_Init
                0x08000d30       0xa0 build/gpio.o
                0x08000d30                MX_GPIO_Init
 .text.USBTask_Run
                0x08000dd0       0x70 build/freertos.o
                0x08000dd0                USBTask_Run
 .text.vApplicationStackOverflowHook
                0x08000e40        0x2 build/freertos.o
                0x08000e40                vApplicationStackOverflowHook
 *fill*         0x08000e42        0x2 
 .text.vApplicationGetIdleTaskMemory
                0x08000e44       0x18 build/freertos.o
                0x08000e44                vApplicationGetIdleTaskMemory
 .text.vApplicationGetTimerTaskMemory
                0x08000e5c       0x18 build/freertos.o
                0x08000e5c                vApplicationGetTimerTaskMemory
 .text.MX_FREERTOS_Init
                0x08000e74       0x34 build/freertos.o
                0x08000e74                MX_FREERTOS_Init
 .text.MX_I2C1_Init
                0x08000ea8       0x3c build/i2c.o
                0x08000ea8                MX_I2C1_Init
 .text.MX_I2C2_Init
                0x08000ee4       0x3c build/i2c.o
                0x08000ee4                MX_I2C2_Init
 .text.HAL_I2C_MspInit
                0x08000f20       0xe4 build/i2c.o
                0x08000f20                HAL_I2C_MspInit
 .text.MX_SPI1_Init
                0x08001004       0x40 build/spi.o
                0x08001004                MX_SPI1_Init
 .text.HAL_SPI_MspInit
                0x08001044       0x70 build/spi.o
                0x08001044                HAL_SPI_MspInit
 .text.NVIC_EncodePriority
                0x080010b4       0x3e build/tim.o
 *fill*         0x080010f2        0x2 
 .text.LL_TIM_OC_DisableFast
                0x080010f4       0x68 build/tim.o
 .text.LL_TIM_IC_SetActiveInput
                0x0800115c       0x70 build/tim.o
 .text.LL_TIM_IC_SetPrescaler
                0x080011cc       0x70 build/tim.o
 .text.LL_TIM_IC_SetFilter
                0x0800123c       0x70 build/tim.o
 .text.MX_TIM1_Init
                0x080012ac      0x170 build/tim.o
                0x080012ac                MX_TIM1_Init
 .text.MX_TIM2_Init
                0x0800141c       0xec build/tim.o
                0x0800141c                MX_TIM2_Init
 .text.MX_TIM3_Init
                0x08001508      0x138 build/tim.o
                0x08001508                MX_TIM3_Init
 .text.MX_USART1_UART_Init
                0x08001640       0x34 build/usart.o
                0x08001640                MX_USART1_UART_Init
 .text.MX_USART2_UART_Init
                0x08001674       0x34 build/usart.o
                0x08001674                MX_USART2_UART_Init
 .text.HAL_UART_MspInit
                0x080016a8       0xc4 build/usart.o
                0x080016a8                HAL_UART_MspInit
 .text.NMI_Handler
                0x0800176c        0x2 build/stm32f4xx_it.o
                0x0800176c                NMI_Handler
 .text.HardFault_Handler
                0x0800176e        0x2 build/stm32f4xx_it.o
                0x0800176e                HardFault_Handler
 .text.MemManage_Handler
                0x08001770        0x2 build/stm32f4xx_it.o
                0x08001770                MemManage_Handler
 .text.BusFault_Handler
                0x08001772        0x2 build/stm32f4xx_it.o
                0x08001772                BusFault_Handler
 .text.UsageFault_Handler
                0x08001774        0x2 build/stm32f4xx_it.o
                0x08001774                UsageFault_Handler
 .text.DebugMon_Handler
                0x08001776        0x2 build/stm32f4xx_it.o
                0x08001776                DebugMon_Handler
 .text.TIM1_UP_TIM10_IRQHandler
                0x08001778        0x2 build/stm32f4xx_it.o
                0x08001778                TIM1_UP_TIM10_IRQHandler
 *fill*         0x0800177a        0x2 
 .text.TIM1_TRG_COM_TIM11_IRQHandler
                0x0800177c       0x10 build/stm32f4xx_it.o
                0x0800177c                TIM1_TRG_COM_TIM11_IRQHandler
 .text.OTG_FS_IRQHandler
                0x0800178c       0x10 build/stm32f4xx_it.o
                0x0800178c                OTG_FS_IRQHandler
 .text.HAL_MspInit
                0x0800179c       0x44 build/stm32f4xx_hal_msp.o
                0x0800179c                HAL_MspInit
 .text.HAL_InitTick
                0x080017e0       0x94 build/stm32f4xx_hal_timebase_tim.o
                0x080017e0                HAL_InitTick
 .text.MX_USB_DEVICE_Init
                0x08001874       0x54 build/usb_device.o
                0x08001874                MX_USB_DEVICE_Init
 .text.USBD_FS_DeviceDescriptor
                0x080018c8        0xc build/usbd_desc.o
                0x080018c8                USBD_FS_DeviceDescriptor
 .text.USBD_FS_LangIDStrDescriptor
                0x080018d4        0xc build/usbd_desc.o
                0x080018d4                USBD_FS_LangIDStrDescriptor
 .text.IntToUnicode
                0x080018e0       0x46 build/usbd_desc.o
 *fill*         0x08001926        0x2 
 .text.Get_SerialNum
                0x08001928       0x38 build/usbd_desc.o
 .text.USBD_FS_SerialStrDescriptor
                0x08001960       0x14 build/usbd_desc.o
                0x08001960                USBD_FS_SerialStrDescriptor
 .text.USBD_FS_ProductStrDescriptor
                0x08001974       0x24 build/usbd_desc.o
                0x08001974                USBD_FS_ProductStrDescriptor
 .text.USBD_FS_ManufacturerStrDescriptor
                0x08001998       0x1c build/usbd_desc.o
                0x08001998                USBD_FS_ManufacturerStrDescriptor
 .text.USBD_FS_ConfigStrDescriptor
                0x080019b4       0x24 build/usbd_desc.o
                0x080019b4                USBD_FS_ConfigStrDescriptor
 .text.USBD_FS_InterfaceStrDescriptor
                0x080019d8       0x24 build/usbd_desc.o
                0x080019d8                USBD_FS_InterfaceStrDescriptor
 .text.CDC_DeInit_FS
                0x080019fc        0x4 build/usbd_cdc_if.o
 .text.CDC_Control_FS
                0x08001a00        0x4 build/usbd_cdc_if.o
 .text.CDC_TransmitCplt_FS
                0x08001a04        0x4 build/usbd_cdc_if.o
 .text.CDC_Receive_FS
                0x08001a08       0x1c build/usbd_cdc_if.o
 .text.CDC_Init_FS
                0x08001a24       0x28 build/usbd_cdc_if.o
 .text.CDC_Transmit_FS
                0x08001a4c       0x2c build/usbd_cdc_if.o
                0x08001a4c                CDC_Transmit_FS
 .text.HAL_PCD_MspInit
                0x08001a78       0x84 build/usbd_conf.o
                0x08001a78                HAL_PCD_MspInit
 .text.HAL_PCD_SetupStageCallback
                0x08001afc       0x10 build/usbd_conf.o
                0x08001afc                HAL_PCD_SetupStageCallback
 .text.HAL_PCD_DataOutStageCallback
                0x08001b0c       0x18 build/usbd_conf.o
                0x08001b0c                HAL_PCD_DataOutStageCallback
 .text.HAL_PCD_DataInStageCallback
                0x08001b24       0x16 build/usbd_conf.o
                0x08001b24                HAL_PCD_DataInStageCallback
 .text.HAL_PCD_SOFCallback
                0x08001b3a        0xc build/usbd_conf.o
                0x08001b3a                HAL_PCD_SOFCallback
 .text.HAL_PCD_ResetCallback
                0x08001b46       0x24 build/usbd_conf.o
                0x08001b46                HAL_PCD_ResetCallback
 *fill*         0x08001b6a        0x2 
 .text.HAL_PCD_SuspendCallback
                0x08001b6c       0x30 build/usbd_conf.o
                0x08001b6c                HAL_PCD_SuspendCallback
 .text.HAL_PCD_ResumeCallback
                0x08001b9c        0xc build/usbd_conf.o
                0x08001b9c                HAL_PCD_ResumeCallback
 .text.HAL_PCD_ISOOUTIncompleteCallback
                0x08001ba8        0xc build/usbd_conf.o
                0x08001ba8                HAL_PCD_ISOOUTIncompleteCallback
 .text.HAL_PCD_ISOINIncompleteCallback
                0x08001bb4        0xc build/usbd_conf.o
                0x08001bb4                HAL_PCD_ISOINIncompleteCallback
 .text.HAL_PCD_ConnectCallback
                0x08001bc0        0xc build/usbd_conf.o
                0x08001bc0                HAL_PCD_ConnectCallback
 .text.HAL_PCD_DisconnectCallback
                0x08001bcc        0xc build/usbd_conf.o
                0x08001bcc                HAL_PCD_DisconnectCallback
 .text.USBD_LL_Init
                0x08001bd8       0x68 build/usbd_conf.o
                0x08001bd8                USBD_LL_Init
 .text.USBD_LL_IsStallEP
                0x08001c40       0x2c build/usbd_conf.o
                0x08001c40                USBD_LL_IsStallEP
 .text.USBD_LL_GetRxDataSize
                0x08001c6c        0xc build/usbd_conf.o
                0x08001c6c                USBD_LL_GetRxDataSize
 .text.USBD_static_malloc
                0x08001c78        0x8 build/usbd_conf.o
                0x08001c78                USBD_static_malloc
 .text.USBD_static_free
                0x08001c80        0x2 build/usbd_conf.o
                0x08001c80                USBD_static_free
 .text.USBD_Get_USB_Status
                0x08001c82       0x14 build/usbd_conf.o
                0x08001c82                USBD_Get_USB_Status
 .text.USBD_LL_Start
                0x08001c96       0x10 build/usbd_conf.o
                0x08001c96                USBD_LL_Start
 .text.USBD_LL_OpenEP
                0x08001ca6       0x16 build/usbd_conf.o
                0x08001ca6                USBD_LL_OpenEP
 .text.USBD_LL_CloseEP
                0x08001cbc       0x10 build/usbd_conf.o
                0x08001cbc                USBD_LL_CloseEP
 .text.USBD_LL_StallEP
                0x08001ccc       0x10 build/usbd_conf.o
                0x08001ccc                USBD_LL_StallEP
 .text.USBD_LL_ClearStallEP
                0x08001cdc       0x10 build/usbd_conf.o
                0x08001cdc                USBD_LL_ClearStallEP
 .text.USBD_LL_SetUSBAddress
                0x08001cec       0x10 build/usbd_conf.o
                0x08001cec                USBD_LL_SetUSBAddress
 .text.USBD_LL_Transmit
                0x08001cfc       0x10 build/usbd_conf.o
                0x08001cfc                USBD_LL_Transmit
 .text.USBD_LL_PrepareReceive
                0x08001d0c       0x10 build/usbd_conf.o
                0x08001d0c                USBD_LL_PrepareReceive
 .text.PCD_WriteEmptyTxFifo
                0x08001d1c       0xd0 build/stm32f4xx_hal_pcd.o
 .text.HAL_PCD_Init
                0x08001dec      0x102 build/stm32f4xx_hal_pcd.o
                0x08001dec                HAL_PCD_Init
 .text.HAL_PCD_Start
                0x08001eee       0x44 build/stm32f4xx_hal_pcd.o
                0x08001eee                HAL_PCD_Start
 *fill*         0x08001f32        0x2 
 .text.PCD_EP_OutXfrComplete_int
                0x08001f34      0x104 build/stm32f4xx_hal_pcd.o
 .text.PCD_EP_OutSetupPacket_int
                0x08002038       0x50 build/stm32f4xx_hal_pcd.o
 .text.HAL_PCD_SetAddress
                0x08002088       0x26 build/stm32f4xx_hal_pcd.o
                0x08002088                HAL_PCD_SetAddress
 .text.HAL_PCD_EP_Open
                0x080020ae       0x8c build/stm32f4xx_hal_pcd.o
                0x080020ae                HAL_PCD_EP_Open
 .text.HAL_PCD_EP_Close
                0x0800213a       0x70 build/stm32f4xx_hal_pcd.o
                0x0800213a                HAL_PCD_EP_Close
 .text.HAL_PCD_EP_Receive
                0x080021aa       0x4a build/stm32f4xx_hal_pcd.o
                0x080021aa                HAL_PCD_EP_Receive
 .text.HAL_PCD_EP_GetRxCount
                0x080021f4       0x12 build/stm32f4xx_hal_pcd.o
                0x080021f4                HAL_PCD_EP_GetRxCount
 .text.HAL_PCD_EP_Transmit
                0x08002206       0x4a build/stm32f4xx_hal_pcd.o
                0x08002206                HAL_PCD_EP_Transmit
 .text.HAL_PCD_EP_SetStall
                0x08002250       0x86 build/stm32f4xx_hal_pcd.o
                0x08002250                HAL_PCD_EP_SetStall
 .text.HAL_PCD_EP_ClrStall
                0x080022d6       0x74 build/stm32f4xx_hal_pcd.o
                0x080022d6                HAL_PCD_EP_ClrStall
 .text.HAL_PCD_EP_Abort
                0x0800234a       0x34 build/stm32f4xx_hal_pcd.o
                0x0800234a                HAL_PCD_EP_Abort
 .text.HAL_PCD_IRQHandler
                0x0800237e      0x5be build/stm32f4xx_hal_pcd.o
                0x0800237e                HAL_PCD_IRQHandler
 .text.HAL_PCDEx_SetTxFiFo
                0x0800293c       0x4c build/stm32f4xx_hal_pcd_ex.o
                0x0800293c                HAL_PCDEx_SetTxFiFo
 .text.HAL_PCDEx_SetRxFiFo
                0x08002988        0x8 build/stm32f4xx_hal_pcd_ex.o
                0x08002988                HAL_PCDEx_SetRxFiFo
 .text.HAL_PCDEx_LPM_Callback
                0x08002990        0x2 build/stm32f4xx_hal_pcd_ex.o
                0x08002990                HAL_PCDEx_LPM_Callback
 .text.USB_CoreReset
                0x08002992       0x58 build/stm32f4xx_ll_usb.o
 .text.USB_CoreInit
                0x080029ea       0x92 build/stm32f4xx_ll_usb.o
                0x080029ea                USB_CoreInit
 .text.USB_SetTurnaroundTime
                0x08002a7c       0xe4 build/stm32f4xx_ll_usb.o
                0x08002a7c                USB_SetTurnaroundTime
 .text.USB_EnableGlobalInt
                0x08002b60        0xc build/stm32f4xx_ll_usb.o
                0x08002b60                USB_EnableGlobalInt
 .text.USB_DisableGlobalInt
                0x08002b6c        0xc build/stm32f4xx_ll_usb.o
                0x08002b6c                USB_DisableGlobalInt
 .text.USB_FlushTxFifo
                0x08002b78       0x4a build/stm32f4xx_ll_usb.o
                0x08002b78                USB_FlushTxFifo
 .text.USB_FlushRxFifo
                0x08002bc2       0x46 build/stm32f4xx_ll_usb.o
                0x08002bc2                USB_FlushRxFifo
 .text.USB_SetDevSpeed
                0x08002c08        0xe build/stm32f4xx_ll_usb.o
                0x08002c08                USB_SetDevSpeed
 *fill*         0x08002c16        0x2 
 .text.USB_DevInit
                0x08002c18      0x194 build/stm32f4xx_ll_usb.o
                0x08002c18                USB_DevInit
 .text.USB_GetDevSpeed
                0x08002dac       0x22 build/stm32f4xx_ll_usb.o
                0x08002dac                USB_GetDevSpeed
 .text.USB_ActivateEndpoint
                0x08002dce       0x9a build/stm32f4xx_ll_usb.o
                0x08002dce                USB_ActivateEndpoint
 .text.USB_DeactivateEndpoint
                0x08002e68       0xe0 build/stm32f4xx_ll_usb.o
                0x08002e68                USB_DeactivateEndpoint
 .text.USB_EPStopXfer
                0x08002f48       0xbe build/stm32f4xx_ll_usb.o
                0x08002f48                USB_EPStopXfer
 .text.USB_WritePacket
                0x08003006       0x2e build/stm32f4xx_ll_usb.o
                0x08003006                USB_WritePacket
 .text.USB_EPStartXfer
                0x08003034      0x244 build/stm32f4xx_ll_usb.o
                0x08003034                USB_EPStartXfer
 .text.USB_ReadPacket
                0x08003278       0x46 build/stm32f4xx_ll_usb.o
                0x08003278                USB_ReadPacket
 .text.USB_EPSetStall
                0x080032be       0x5a build/stm32f4xx_ll_usb.o
                0x080032be                USB_EPSetStall
 .text.USB_EPClearStall
                0x08003318       0x5c build/stm32f4xx_ll_usb.o
                0x08003318                USB_EPClearStall
 .text.USB_SetDevAddress
                0x08003374       0x20 build/stm32f4xx_ll_usb.o
                0x08003374                USB_SetDevAddress
 .text.USB_DevConnect
                0x08003394       0x1c build/stm32f4xx_ll_usb.o
                0x08003394                USB_DevConnect
 .text.USB_DevDisconnect
                0x080033b0       0x1c build/stm32f4xx_ll_usb.o
                0x080033b0                USB_DevDisconnect
 .text.USB_ReadInterrupts
                0x080033cc        0x8 build/stm32f4xx_ll_usb.o
                0x080033cc                USB_ReadInterrupts
 .text.USB_ReadDevAllOutEpInterrupt
                0x080033d4       0x10 build/stm32f4xx_ll_usb.o
                0x080033d4                USB_ReadDevAllOutEpInterrupt
 .text.USB_ReadDevAllInEpInterrupt
                0x080033e4       0x10 build/stm32f4xx_ll_usb.o
                0x080033e4                USB_ReadDevAllInEpInterrupt
 .text.USB_ReadDevOutEPInterrupt
                0x080033f4       0x12 build/stm32f4xx_ll_usb.o
                0x080033f4                USB_ReadDevOutEPInterrupt
 .text.USB_ReadDevInEPInterrupt
                0x08003406       0x24 build/stm32f4xx_ll_usb.o
                0x08003406                USB_ReadDevInEPInterrupt
 .text.USB_GetMode
                0x0800342a        0x8 build/stm32f4xx_ll_usb.o
                0x0800342a                USB_GetMode
 .text.USB_SetCurrentMode
                0x08003432       0x62 build/stm32f4xx_ll_usb.o
                0x08003432                USB_SetCurrentMode
 .text.USB_ActivateSetup
                0x08003494       0x1c build/stm32f4xx_ll_usb.o
                0x08003494                USB_ActivateSetup
 .text.USB_EP0_OutStart
                0x080034b0       0x60 build/stm32f4xx_ll_usb.o
                0x080034b0                USB_EP0_OutStart
 .text.HAL_RCC_OscConfig
                0x08003510      0x3f8 build/stm32f4xx_hal_rcc.o
                0x08003510                HAL_RCC_OscConfig
 .text.HAL_RCC_GetSysClockFreq
                0x08003908       0xa8 build/stm32f4xx_hal_rcc.o
                0x08003908                HAL_RCC_GetSysClockFreq
 .text.HAL_RCC_ClockConfig
                0x080039b0      0x160 build/stm32f4xx_hal_rcc.o
                0x080039b0                HAL_RCC_ClockConfig
 .text.HAL_RCC_GetHCLKFreq
                0x08003b10        0xc build/stm32f4xx_hal_rcc.o
                0x08003b10                HAL_RCC_GetHCLKFreq
 .text.HAL_RCC_GetPCLK1Freq
                0x08003b1c       0x20 build/stm32f4xx_hal_rcc.o
                0x08003b1c                HAL_RCC_GetPCLK1Freq
 .text.HAL_RCC_GetPCLK2Freq
                0x08003b3c       0x20 build/stm32f4xx_hal_rcc.o
                0x08003b3c                HAL_RCC_GetPCLK2Freq
 .text.HAL_RCC_GetClockConfig
                0x08003b5c       0x3c build/stm32f4xx_hal_rcc.o
                0x08003b5c                HAL_RCC_GetClockConfig
 .text.HAL_GPIO_Init
                0x08003b98      0x1c8 build/stm32f4xx_hal_gpio.o
                0x08003b98                HAL_GPIO_Init
 .text.HAL_GPIO_WritePin
                0x08003d60        0xc build/stm32f4xx_hal_gpio.o
                0x08003d60                HAL_GPIO_WritePin
 .text.__NVIC_EnableIRQ
                0x08003d6c       0x1c build/stm32f4xx_hal_cortex.o
 .text.__NVIC_SetPriority
                0x08003d88       0x28 build/stm32f4xx_hal_cortex.o
 .text.NVIC_EncodePriority
                0x08003db0       0x3e build/stm32f4xx_hal_cortex.o
 *fill*         0x08003dee        0x2 
 .text.HAL_NVIC_SetPriorityGrouping
                0x08003df0       0x24 build/stm32f4xx_hal_cortex.o
                0x08003df0                HAL_NVIC_SetPriorityGrouping
 .text.HAL_NVIC_SetPriority
                0x08003e14       0x20 build/stm32f4xx_hal_cortex.o
                0x08003e14                HAL_NVIC_SetPriority
 .text.HAL_NVIC_EnableIRQ
                0x08003e34        0x8 build/stm32f4xx_hal_cortex.o
                0x08003e34                HAL_NVIC_EnableIRQ
 .text.HAL_Init
                0x08003e3c       0x34 build/stm32f4xx_hal.o
                0x08003e3c                HAL_Init
 .text.HAL_IncTick
                0x08003e70       0x18 build/stm32f4xx_hal.o
                0x08003e70                HAL_IncTick
 .text.HAL_GetTick
                0x08003e88        0xc build/stm32f4xx_hal.o
                0x08003e88                HAL_GetTick
 .text.HAL_Delay
                0x08003e94       0x28 build/stm32f4xx_hal.o
                0x08003e94                HAL_Delay
 .text.I2C_IsAcknowledgeFailed
                0x08003ebc       0x32 build/stm32f4xx_hal_i2c.o
 .text.I2C_WaitOnFlagUntilTimeout
                0x08003eee       0xaa build/stm32f4xx_hal_i2c.o
 .text.I2C_WaitOnMasterAddressFlagUntilTimeout
                0x08003f98       0xd6 build/stm32f4xx_hal_i2c.o
 .text.I2C_WaitOnTXEFlagUntilTimeout
                0x0800406e       0x5e build/stm32f4xx_hal_i2c.o
 .text.I2C_RequestMemoryWrite
                0x080040cc       0xd8 build/stm32f4xx_hal_i2c.o
 .text.I2C_RequestMemoryRead
                0x080041a4      0x154 build/stm32f4xx_hal_i2c.o
 .text.I2C_WaitOnBTFFlagUntilTimeout
                0x080042f8       0x5e build/stm32f4xx_hal_i2c.o
 .text.I2C_WaitOnRXNEFlagUntilTimeout
                0x08004356       0x78 build/stm32f4xx_hal_i2c.o
 *fill*         0x080043ce        0x2 
 .text.HAL_I2C_Init
                0x080043d0      0x1bc build/stm32f4xx_hal_i2c.o
                0x080043d0                HAL_I2C_Init
 .text.HAL_I2C_Mem_Write
                0x0800458c      0x164 build/stm32f4xx_hal_i2c.o
                0x0800458c                HAL_I2C_Mem_Write
 .text.HAL_I2C_Mem_Read
                0x080046f0      0x2f8 build/stm32f4xx_hal_i2c.o
                0x080046f0                HAL_I2C_Mem_Read
 .text.HAL_SPI_Init
                0x080049e8       0xbe build/stm32f4xx_hal_spi.o
                0x080049e8                HAL_SPI_Init
 .text.HAL_TIM_Base_MspInit
                0x08004aa6        0x2 build/stm32f4xx_hal_tim.o
                0x08004aa6                HAL_TIM_Base_MspInit
 .text.HAL_TIM_Base_Start_IT
                0x08004aa8       0x78 build/stm32f4xx_hal_tim.o
                0x08004aa8                HAL_TIM_Base_Start_IT
 .text.HAL_TIM_OC_DelayElapsedCallback
                0x08004b20        0x2 build/stm32f4xx_hal_tim.o
                0x08004b20                HAL_TIM_OC_DelayElapsedCallback
 .text.HAL_TIM_IC_CaptureCallback
                0x08004b22        0x2 build/stm32f4xx_hal_tim.o
                0x08004b22                HAL_TIM_IC_CaptureCallback
 .text.HAL_TIM_PWM_PulseFinishedCallback
                0x08004b24        0x2 build/stm32f4xx_hal_tim.o
                0x08004b24                HAL_TIM_PWM_PulseFinishedCallback
 .text.HAL_TIM_TriggerCallback
                0x08004b26        0x2 build/stm32f4xx_hal_tim.o
                0x08004b26                HAL_TIM_TriggerCallback
 .text.HAL_TIM_IRQHandler
                0x08004b28      0x15e build/stm32f4xx_hal_tim.o
                0x08004b28                HAL_TIM_IRQHandler
 *fill*         0x08004c86        0x2 
 .text.TIM_Base_SetConfig
                0x08004c88       0xa4 build/stm32f4xx_hal_tim.o
                0x08004c88                TIM_Base_SetConfig
 .text.HAL_TIM_Base_Init
                0x08004d2c       0x58 build/stm32f4xx_hal_tim.o
                0x08004d2c                HAL_TIM_Base_Init
 .text.HAL_TIMEx_CommutCallback
                0x08004d84        0x2 build/stm32f4xx_hal_tim_ex.o
                0x08004d84                HAL_TIMEx_CommutCallback
 .text.HAL_TIMEx_BreakCallback
                0x08004d86        0x2 build/stm32f4xx_hal_tim_ex.o
                0x08004d86                HAL_TIMEx_BreakCallback
 .text.OC1Config
                0x08004d88       0x6c build/stm32f4xx_ll_tim.o
 .text.OC2Config
                0x08004df4       0x74 build/stm32f4xx_ll_tim.o
 .text.OC3Config
                0x08004e68       0x70 build/stm32f4xx_ll_tim.o
 .text.OC4Config
                0x08004ed8       0x54 build/stm32f4xx_ll_tim.o
 .text.LL_TIM_Init
                0x08004f2c       0x98 build/stm32f4xx_ll_tim.o
                0x08004f2c                LL_TIM_Init
 .text.LL_TIM_OC_Init
                0x08004fc4       0x3c build/stm32f4xx_ll_tim.o
                0x08004fc4                LL_TIM_OC_Init
 .text.LL_GPIO_SetPinMode
                0x08005000       0x3c build/stm32f4xx_ll_gpio.o
 .text.LL_GPIO_SetPinSpeed
                0x0800503c       0x3c build/stm32f4xx_ll_gpio.o
 .text.LL_GPIO_SetPinPull
                0x08005078       0x3c build/stm32f4xx_ll_gpio.o
 .text.LL_GPIO_SetAFPin_0_7
                0x080050b4       0x3c build/stm32f4xx_ll_gpio.o
 .text.LL_GPIO_SetAFPin_8_15
                0x080050f0       0x3e build/stm32f4xx_ll_gpio.o
 .text.LL_GPIO_Init
                0x0800512e       0x92 build/stm32f4xx_ll_gpio.o
                0x0800512e                LL_GPIO_Init
 .text.UART_SetConfig
                0x080051c0      0x110 build/stm32f4xx_hal_uart.o
 .text.HAL_UART_Init
                0x080052d0       0x60 build/stm32f4xx_hal_uart.o
                0x080052d0                HAL_UART_Init
 .text.SystemInit
                0x08005330       0x14 build/system_stm32f4xx.o
                0x08005330                SystemInit
 .text.vListInitialise
                0x08005344       0x16 build/list.o
                0x08005344                vListInitialise
 .text.vListInitialiseItem
                0x0800535a        0x6 build/list.o
                0x0800535a                vListInitialiseItem
 .text.vListInsertEnd
                0x08005360       0x16 build/list.o
                0x08005360                vListInsertEnd
 .text.vListInsert
                0x08005376       0x32 build/list.o
                0x08005376                vListInsert
 .text.uxListRemove
                0x080053a8       0x26 build/list.o
                0x080053a8                uxListRemove
 .text.prvGetDisinheritPriorityAfterTimeout
                0x080053ce       0x10 build/queue.o
 .text.prvIsQueueFull
                0x080053de       0x1e build/queue.o
 .text.prvIsQueueEmpty
                0x080053fc       0x1a build/queue.o
 .text.prvCopyDataToQueue
                0x08005416       0x76 build/queue.o
 .text.prvCopyDataFromQueue
                0x0800548c       0x24 build/queue.o
 .text.prvUnlockQueue
                0x080054b0       0x6e build/queue.o
 .text.xQueueGenericReset
                0x0800551e       0x84 build/queue.o
                0x0800551e                xQueueGenericReset
 .text.prvInitialiseNewQueue
                0x080055a2       0x22 build/queue.o
 .text.xQueueGenericCreateStatic
                0x080055c4       0x94 build/queue.o
                0x080055c4                xQueueGenericCreateStatic
 .text.xQueueGenericCreate
                0x08005658       0x48 build/queue.o
                0x08005658                xQueueGenericCreate
 .text.xQueueGenericSend
                0x080056a0      0x188 build/queue.o
                0x080056a0                xQueueGenericSend
 .text.prvInitialiseMutex
                0x08005828       0x18 build/queue.o
 .text.xQueueCreateMutex
                0x08005840       0x16 build/queue.o
                0x08005840                xQueueCreateMutex
 .text.xQueueGenericSendFromISR
                0x08005856       0xce build/queue.o
                0x08005856                xQueueGenericSendFromISR
 .text.xQueueReceive
                0x08005924      0x15e build/queue.o
                0x08005924                xQueueReceive
 .text.xQueueSemaphoreTake
                0x08005a82      0x1a6 build/queue.o
                0x08005a82                xQueueSemaphoreTake
 .text.vQueueAddToRegistry
                0x08005c28       0x28 build/queue.o
                0x08005c28                vQueueAddToRegistry
 .text.vQueueWaitForMessageRestricted
                0x08005c50       0x52 build/queue.o
                0x08005c50                vQueueWaitForMessageRestricted
 *fill*         0x08005ca2        0x2 
 .text.prvResetNextTaskUnblockTime
                0x08005ca4       0x2c build/tasks.o
 .text.prvInitialiseNewTask
                0x08005cd0      0x104 build/tasks.o
 .text.prvInitialiseTaskLists
                0x08005dd4       0x68 build/tasks.o
 .text.prvAddNewTaskToReadyList
                0x08005e3c       0xac build/tasks.o
 .text.prvDeleteTCB
                0x08005ee8       0x40 build/tasks.o
 .text.prvCheckTasksWaitingTermination
                0x08005f28       0x4c build/tasks.o
 .text.prvIdleTask
                0x08005f74       0x28 build/tasks.o
 .text.prvAddCurrentTaskToDelayedList
                0x08005f9c       0x98 build/tasks.o
 .text.xTaskCreateStatic
                0x08006034       0x7a build/tasks.o
                0x08006034                xTaskCreateStatic
 .text.xTaskCreate
                0x080060ae       0x66 build/tasks.o
                0x080060ae                xTaskCreate
 .text.vTaskStartScheduler
                0x08006114       0xac build/tasks.o
                0x08006114                vTaskStartScheduler
 .text.vTaskSuspendAll
                0x080061c0       0x10 build/tasks.o
                0x080061c0                vTaskSuspendAll
 .text.xTaskGetTickCount
                0x080061d0        0xc build/tasks.o
                0x080061d0                xTaskGetTickCount
 .text.xTaskIncrementTick
                0x080061dc      0x118 build/tasks.o
                0x080061dc                xTaskIncrementTick
 .text.xTaskResumeAll
                0x080062f4       0xf8 build/tasks.o
                0x080062f4                xTaskResumeAll
 .text.vTaskDelay
                0x080063ec       0x4c build/tasks.o
                0x080063ec                vTaskDelay
 .text.vTaskSwitchContext
                0x08006438       0xc0 build/tasks.o
                0x08006438                vTaskSwitchContext
 .text.vTaskPlaceOnEventList
                0x080064f8       0x30 build/tasks.o
                0x080064f8                vTaskPlaceOnEventList
 .text.vTaskPlaceOnEventListRestricted
                0x08006528       0x38 build/tasks.o
                0x08006528                vTaskPlaceOnEventListRestricted
 .text.xTaskRemoveFromEventList
                0x08006560       0x8c build/tasks.o
                0x08006560                xTaskRemoveFromEventList
 .text.vTaskInternalSetTimeOutState
                0x080065ec       0x18 build/tasks.o
                0x080065ec                vTaskInternalSetTimeOutState
 .text.xTaskCheckForTimeOut
                0x08006604       0x84 build/tasks.o
                0x08006604                xTaskCheckForTimeOut
 .text.vTaskMissedYield
                0x08006688        0xc build/tasks.o
                0x08006688                vTaskMissedYield
 .text.xTaskGetSchedulerState
                0x08006694       0x20 build/tasks.o
                0x08006694                xTaskGetSchedulerState
 .text.xTaskPriorityInherit
                0x080066b4       0xac build/tasks.o
                0x080066b4                xTaskPriorityInherit
 .text.xTaskPriorityDisinherit
                0x08006760       0xb0 build/tasks.o
                0x08006760                xTaskPriorityDisinherit
 .text.vTaskPriorityDisinheritAfterTimeout
                0x08006810       0xb4 build/tasks.o
                0x08006810                vTaskPriorityDisinheritAfterTimeout
 .text.pvTaskIncrementMutexHeldCount
                0x080068c4       0x1c build/tasks.o
                0x080068c4                pvTaskIncrementMutexHeldCount
 .text.prvGetNextExpireTime
                0x080068e0       0x20 build/timers.o
 .text.prvInsertTimerInActiveList
                0x08006900       0x48 build/timers.o
 .text.prvCheckForValidListAndQueue
                0x08006948       0x70 build/timers.o
 .text.xTimerCreateTimerTask
                0x080069b8       0x64 build/timers.o
                0x080069b8                xTimerCreateTimerTask
 .text.xTimerGenericCommand
                0x08006a1c       0x6c build/timers.o
                0x08006a1c                xTimerGenericCommand
 .text.prvSwitchTimerLists
                0x08006a88       0x7c build/timers.o
 .text.prvSampleTimeNow
                0x08006b04       0x2c build/timers.o
 .text.prvProcessExpiredTimer
                0x08006b30       0x6c build/timers.o
 .text.prvProcessTimerOrBlockTask
                0x08006b9c       0x74 build/timers.o
 .text.prvProcessReceivedCommands
                0x08006c10       0xfc build/timers.o
 .text.prvTimerTask
                0x08006d0c       0x16 build/timers.o
 .text.makeFreeRtosPriority
                0x08006d22        0xc build/cmsis_os.o
 .text.osKernelStart
                0x08006d2e        0xa build/cmsis_os.o
                0x08006d2e                osKernelStart
 .text.osThreadCreate
                0x08006d38       0x66 build/cmsis_os.o
                0x08006d38                osThreadCreate
 .text.osDelay  0x08006d9e        0xe build/cmsis_os.o
                0x08006d9e                osDelay
 .text.prvHeapInit
                0x08006dac       0x64 build/heap_4.o
 .text.prvInsertBlockIntoFreeList
                0x08006e10       0x64 build/heap_4.o
 .text.pvPortMalloc
                0x08006e74      0x104 build/heap_4.o
                0x08006e74                pvPortMalloc
 .text.vPortFree
                0x08006f78       0x7c build/heap_4.o
                0x08006f78                vPortFree
 .text.prvTaskExitError
                0x08006ff4       0x40 build/port.o
 .text.prvPortStartFirstTask
                0x08007034       0x28 build/port.o
 .text.vPortEnableVFP
                0x0800705c       0x14 build/port.o
 .text.pxPortInitialiseStack
                0x08007070       0x2c build/port.o
                0x08007070                pxPortInitialiseStack
 *fill*         0x0800709c        0x4 
 .text.SVC_Handler
                0x080070a0       0x24 build/port.o
                0x080070a0                SVC_Handler
 .text.vPortEnterCritical
                0x080070c4       0x44 build/port.o
                0x080070c4                vPortEnterCritical
 .text.vPortExitCritical
                0x08007108       0x2c build/port.o
                0x08007108                vPortExitCritical
 *fill*         0x08007134        0xc 
 .text.PendSV_Handler
                0x08007140       0x64 build/port.o
                0x08007140                PendSV_Handler
 .text.SysTick_Handler
                0x080071a4       0x2c build/port.o
                0x080071a4                SysTick_Handler
 .text.vPortSetupTimerInterrupt
                0x080071d0       0x28 build/port.o
                0x080071d0                vPortSetupTimerInterrupt
 .text.xPortStartScheduler
                0x080071f8      0x118 build/port.o
                0x080071f8                xPortStartScheduler
 .text.vPortValidateInterruptPriority
                0x08007310       0x5c build/port.o
                0x08007310                vPortValidateInterruptPriority
 .text.USBD_Init
                0x0800736c       0x2e build/usbd_core.o
                0x0800736c                USBD_Init
 .text.USBD_RegisterClass
                0x0800739a       0x34 build/usbd_core.o
                0x0800739a                USBD_RegisterClass
 .text.USBD_Start
                0x080073ce        0x8 build/usbd_core.o
                0x080073ce                USBD_Start
 .text.USBD_SetClassConfig
                0x080073d6       0x12 build/usbd_core.o
                0x080073d6                USBD_SetClassConfig
 .text.USBD_ClrClassConfig
                0x080073e8       0x12 build/usbd_core.o
                0x080073e8                USBD_ClrClassConfig
 .text.USBD_LL_SetupStage
                0x080073fa       0x58 build/usbd_core.o
                0x080073fa                USBD_LL_SetupStage
 .text.USBD_LL_Reset
                0x08007452       0x66 build/usbd_core.o
                0x08007452                USBD_LL_Reset
 .text.USBD_LL_SetSpeed
                0x080074b8        0x6 build/usbd_core.o
                0x080074b8                USBD_LL_SetSpeed
 .text.USBD_LL_Suspend
                0x080074be       0x1e build/usbd_core.o
                0x080074be                USBD_LL_Suspend
 .text.USBD_LL_Resume
                0x080074dc       0x1a build/usbd_core.o
                0x080074dc                USBD_LL_Resume
 .text.USBD_LL_SOF
                0x080074f6       0x22 build/usbd_core.o
                0x080074f6                USBD_LL_SOF
 .text.USBD_LL_IsoINIncomplete
                0x08007518       0x2e build/usbd_core.o
                0x08007518                USBD_LL_IsoINIncomplete
 .text.USBD_LL_IsoOUTIncomplete
                0x08007546       0x2e build/usbd_core.o
                0x08007546                USBD_LL_IsoOUTIncomplete
 .text.USBD_LL_DevConnected
                0x08007574        0x4 build/usbd_core.o
                0x08007574                USBD_LL_DevConnected
 .text.USBD_LL_DevDisconnected
                0x08007578       0x20 build/usbd_core.o
                0x08007578                USBD_LL_DevDisconnected
 .text.USBD_CoreFindIF
                0x08007598        0x4 build/usbd_core.o
                0x08007598                USBD_CoreFindIF
 .text.USBD_CoreFindEP
                0x0800759c        0x4 build/usbd_core.o
                0x0800759c                USBD_CoreFindEP
 .text.USBD_LL_DataOutStage
                0x080075a0       0xca build/usbd_core.o
                0x080075a0                USBD_LL_DataOutStage
 .text.USBD_LL_DataInStage
                0x0800766a       0xd8 build/usbd_core.o
                0x0800766a                USBD_LL_DataInStage
 .text.USBD_GetNextDesc
                0x08007742        0xe build/usbd_core.o
                0x08007742                USBD_GetNextDesc
 .text.USBD_GetEpDesc
                0x08007750       0x3e build/usbd_core.o
                0x08007750                USBD_GetEpDesc
 .text.USBD_GetLen
                0x0800778e       0x14 build/usbd_ctlreq.o
 .text.USBD_ParseSetupRequest
                0x080077a2       0x28 build/usbd_ctlreq.o
                0x080077a2                USBD_ParseSetupRequest
 .text.USBD_CtlError
                0x080077ca       0x14 build/usbd_ctlreq.o
                0x080077ca                USBD_CtlError
 .text.USBD_GetDescriptor
                0x080077de      0x18a build/usbd_ctlreq.o
 .text.USBD_SetAddress
                0x08007968       0x50 build/usbd_ctlreq.o
 .text.USBD_SetConfig
                0x080079b8       0xcc build/usbd_ctlreq.o
 .text.USBD_GetConfig
                0x08007a84       0x40 build/usbd_ctlreq.o
 .text.USBD_GetStatus
                0x08007ac4       0x38 build/usbd_ctlreq.o
 .text.USBD_SetFeature
                0x08007afc       0x2a build/usbd_ctlreq.o
 .text.USBD_ClrFeature
                0x08007b26       0x26 build/usbd_ctlreq.o
 .text.USBD_StdDevReq
                0x08007b4c       0x76 build/usbd_ctlreq.o
                0x08007b4c                USBD_StdDevReq
 .text.USBD_StdItfReq
                0x08007bc2       0x84 build/usbd_ctlreq.o
                0x08007bc2                USBD_StdItfReq
 .text.USBD_StdEPReq
                0x08007c46      0x232 build/usbd_ctlreq.o
                0x08007c46                USBD_StdEPReq
 .text.USBD_GetString
                0x08007e78       0x46 build/usbd_ctlreq.o
                0x08007e78                USBD_GetString
 .text.USBD_CtlSendData
                0x08007ebe       0x1c build/usbd_ioreq.o
                0x08007ebe                USBD_CtlSendData
 .text.USBD_CtlContinueSendData
                0x08007eda       0x10 build/usbd_ioreq.o
                0x08007eda                USBD_CtlContinueSendData
 .text.USBD_CtlPrepareRx
                0x08007eea       0x22 build/usbd_ioreq.o
                0x08007eea                USBD_CtlPrepareRx
 .text.USBD_CtlContinueRx
                0x08007f0c       0x10 build/usbd_ioreq.o
                0x08007f0c                USBD_CtlContinueRx
 .text.USBD_CtlSendStatus
                0x08007f1c       0x16 build/usbd_ioreq.o
                0x08007f1c                USBD_CtlSendStatus
 .text.USBD_CtlReceiveStatus
                0x08007f32       0x16 build/usbd_ioreq.o
                0x08007f32                USBD_CtlReceiveStatus
 .text.USBD_CDC_EP0_RxReady
                0x08007f48       0x40 build/usbd_cdc.o
 .text.USBD_CDC_GetDeviceQualifierDescriptor
                0x08007f88        0xc build/usbd_cdc.o
                0x08007f88                USBD_CDC_GetDeviceQualifierDescriptor
 .text.USBD_CDC_GetOtherSpeedCfgDesc
                0x08007f94       0x48 build/usbd_cdc.o
 .text.USBD_CDC_GetFSCfgDesc
                0x08007fdc       0x48 build/usbd_cdc.o
 .text.USBD_CDC_GetHSCfgDesc
                0x08008024       0x48 build/usbd_cdc.o
 .text.USBD_CDC_DataOut
                0x0800806c       0x38 build/usbd_cdc.o
 .text.USBD_CDC_DataIn
                0x080080a4       0x7c build/usbd_cdc.o
 .text.USBD_CDC_Setup
                0x08008120      0x11a build/usbd_cdc.o
 .text.USBD_CDC_DeInit
                0x0800823a       0x64 build/usbd_cdc.o
 .text.USBD_CDC_Init
                0x0800829e       0xee build/usbd_cdc.o
 .text.USBD_CDC_RegisterInterface
                0x0800838c       0x16 build/usbd_cdc.o
                0x0800838c                USBD_CDC_RegisterInterface
 .text.USBD_CDC_SetTxBuffer
                0x080083a2       0x1c build/usbd_cdc.o
                0x080083a2                USBD_CDC_SetTxBuffer
 .text.USBD_CDC_SetRxBuffer
                0x080083be       0x18 build/usbd_cdc.o
                0x080083be                USBD_CDC_SetRxBuffer
 .text.USBD_CDC_TransmitPacket
                0x080083d6       0x36 build/usbd_cdc.o
                0x080083d6                USBD_CDC_TransmitPacket
 .text.USBD_CDC_ReceivePacket
                0x0800840c       0x38 build/usbd_cdc.o
                0x0800840c                USBD_CDC_ReceivePacket
 .text._sbrk    0x08008444       0x48 build/sysmem.o
                0x08008444                _sbrk
 .text._getpid  0x0800848c        0x4 build/syscalls.o
                0x0800848c                _getpid
 .text._kill    0x08008490       0x10 build/syscalls.o
                0x08008490                _kill
 .text._exit    0x080084a0        0xc build/syscalls.o
                0x080084a0                _exit
 .text._read    0x080084ac       0x20 build/syscalls.o
                0x080084ac                _read
 .text._write   0x080084cc       0x1c build/syscalls.o
                0x080084cc                _write
 .text._close   0x080084e8        0x6 build/syscalls.o
                0x080084e8                _close
 .text._fstat   0x080084ee        0xa build/syscalls.o
                0x080084ee                _fstat
 .text._isatty  0x080084f8        0x4 build/syscalls.o
                0x080084f8                _isatty
 .text._lseek   0x080084fc        0x4 build/syscalls.o
                0x080084fc                _lseek
 .text.MPU6050_Init
                0x08008500       0xb8 build/imu_mpu6050.o
                0x08008500                MPU6050_Init
 .text.MPU6050_Read
                0x080085b8      0x180 build/imu_mpu6050.o
                0x080085b8                MPU6050_Read
 .text.SensorTask_Run
                0x08008738       0x64 build/SensorTask.o
                0x08008738                SensorTask_Run
 .text.SensorTask_Init
                0x0800879c       0x30 build/SensorTask.o
                0x0800879c                SensorTask_Init
 .text.SensorTask_GetIMU
                0x080087cc       0x44 build/SensorTask.o
                0x080087cc                SensorTask_GetIMU
 .text.Reset_Handler
                0x08008810       0x50 build/startup_stm32f411xe.o
                0x08008810                Reset_Handler
 .text.Default_Handler
                0x08008860        0x2 build/startup_stm32f411xe.o
                0x08008860                DMA1_Stream3_IRQHandler
                0x08008860                EXTI2_IRQHandler
                0x08008860                SPI4_IRQHandler
                0x08008860                TIM1_CC_IRQHandler
                0x08008860                DMA2_Stream5_IRQHandler
                0x08008860                DMA1_Stream5_IRQHandler
                0x08008860                PVD_IRQHandler
                0x08008860                SDIO_IRQHandler
                0x08008860                TAMP_STAMP_IRQHandler
                0x08008860                EXTI3_IRQHandler
                0x08008860                I2C3_ER_IRQHandler
                0x08008860                EXTI0_IRQHandler
                0x08008860                I2C2_EV_IRQHandler
                0x08008860                DMA1_Stream2_IRQHandler
                0x08008860                FPU_IRQHandler
                0x08008860                DMA2_Stream2_IRQHandler
                0x08008860                SPI1_IRQHandler
                0x08008860                TIM1_BRK_TIM9_IRQHandler
                0x08008860                DMA2_Stream3_IRQHandler
                0x08008860                USART6_IRQHandler
                0x08008860                DMA2_Stream0_IRQHandler
                0x08008860                TIM4_IRQHandler
                0x08008860                I2C1_EV_IRQHandler
                0x08008860                DMA1_Stream6_IRQHandler
                0x08008860                DMA1_Stream1_IRQHandler
                0x08008860                TIM3_IRQHandler
                0x08008860                RCC_IRQHandler
                0x08008860                Default_Handler
                0x08008860                EXTI15_10_IRQHandler
                0x08008860                ADC_IRQHandler
                0x08008860                DMA1_Stream7_IRQHandler
                0x08008860                SPI5_IRQHandler
                0x08008860                TIM5_IRQHandler
                0x08008860                DMA2_Stream7_IRQHandler
                0x08008860                I2C3_EV_IRQHandler
                0x08008860                EXTI9_5_IRQHandler
                0x08008860                RTC_WKUP_IRQHandler
                0x08008860                SPI2_IRQHandler
                0x08008860                DMA1_Stream0_IRQHandler
                0x08008860                EXTI4_IRQHandler
                0x08008860                WWDG_IRQHandler
                0x08008860                TIM2_IRQHandler
                0x08008860                OTG_FS_WKUP_IRQHandler
                0x08008860                EXTI1_IRQHandler
                0x08008860                USART2_IRQHandler
                0x08008860                I2C2_ER_IRQHandler
                0x08008860                DMA2_Stream1_IRQHandler
                0x08008860                FLASH_IRQHandler
                0x08008860                DMA2_Stream4_IRQHandler
                0x08008860                USART1_IRQHandler
                0x08008860                SPI3_IRQHandler
                0x08008860                DMA1_Stream4_IRQHandler
                0x08008860                I2C1_ER_IRQHandler
                0x08008860                DMA2_Stream6_IRQHandler
                0x08008860                RTC_Alarm_IRQHandler
 .text.__cvt    0x08008862       0xca /Applications/ArmGNUToolchain/13.2.Rel1/arm-none-eabi/bin/../lib/gcc/arm-none-eabi/13.2.1/../../../../arm-none-eabi/lib/thumb/v7e-m+fp/hard/libc_nano.a(libc_a-nano-vfprintf_float.o)
                0x08008862                __cvt
 .text.__exponent
                0x0800892c       0x74 /Applications/ArmGNUToolchain/13.2.Rel1/arm-none-eabi/bin/../lib/gcc/arm-none-eabi/13.2.1/../../../../arm-none-eabi/lib/thumb/v7e-m+fp/hard/libc_nano.a(libc_a-nano-vfprintf_float.o)
                0x0800892c                __exponent
 .text._printf_float
                0x080089a0      0x454 /Applications/ArmGNUToolchain/13.2.Rel1/arm-none-eabi/bin/../lib/gcc/arm-none-eabi/13.2.1/../../../../arm-none-eabi/lib/thumb/v7e-m+fp/hard/libc_nano.a(libc_a-nano-vfprintf_float.o)
                0x080089a0                _printf_float
 .text._printf_common
                0x08008df4       0xda /Applications/ArmGNUToolchain/13.2.Rel1/arm-none-eabi/bin/../lib/gcc/arm-none-eabi/13.2.1/../../../../arm-none-eabi/lib/thumb/v7e-m+fp/hard/libc_nano.a(libc_a-nano-vfprintf_i.o)
                0x08008df4                _printf_common
 *fill*         0x08008ece        0x2 
 .text._printf_i
                0x08008ed0      0x23c /Applications/ArmGNUToolchain/13.2.Rel1/arm-none-eabi/bin/../lib/gcc/arm-none-eabi/13.2.1/../../../../arm-none-eabi/lib/thumb/v7e-m+fp/hard/libc_nano.a(libc_a-nano-vfprintf_i.o)
                0x08008ed0                _printf_i
 .text.snprintf
                0x0800910c       0x68 /Applications/ArmGNUToolchain/13.2.Rel1/arm-none-eabi/bin/../lib/gcc/arm-none-eabi/13.2.1/../../../../arm-none-eabi/lib/thumb/v7e-m+fp/hard/libc_nano.a(libc_a-snprintf.o)
                0x0800910c                snprintf
                0x0800910c                sniprintf
 .text.std      0x08009174       0x6c /Applications/ArmGNUToolchain/13.2.Rel1/arm-none-eabi/bin/../lib/gcc/arm-none-eabi/13.2.1/../../../../arm-none-eabi/lib/thumb/v7e-m+fp/hard/libc_nano.a(libc_a-findfp.o)
 .text.stdio_exit_handler
                0x080091e0       0x18 /Applications/ArmGNUToolchain/13.2.Rel1/arm-none-eabi/bin/../lib/gcc/arm-none-eabi/13.2.1/../../../../arm-none-eabi/lib/thumb/v7e-m+fp/hard/libc_nano.a(libc_a-findfp.o)
 .text.cleanup_stdio
                0x080091f8       0x40 /Applications/ArmGNUToolchain/13.2.Rel1/arm-none-eabi/bin/../lib/gcc/arm-none-eabi/13.2.1/../../../../arm-none-eabi/lib/thumb/v7e-m+fp/hard/libc_nano.a(libc_a-findfp.o)
 .text.global_stdio_init.part.0
                0x08009238       0x3c /Applications/ArmGNUToolchain/13.2.Rel1/arm-none-eabi/bin/../lib/gcc/arm-none-eabi/13.2.1/../../../../arm-none-eabi/lib/thumb/v7e-m+fp/hard/libc_nano.a(libc_a-findfp.o)
 .text.__sfp_lock_acquire
                0x08009274        0xc /Applications/ArmGNUToolchain/13.2.Rel1/arm-none-eabi/bin/../lib/gcc/arm-none-eabi/13.2.1/../../../../arm-none-eabi/lib/thumb/v7e-m+fp/hard/libc_nano.a(libc_a-findfp.o)
                0x08009274                __sfp_lock_acquire
 .text.__sfp_lock_release
                0x08009280        0xc /Applications/ArmGNUToolchain/13.2.Rel1/arm-none-eabi/bin/../lib/gcc/arm-none-eabi/13.2.1/../../../../arm-none-eabi/lib/thumb/v7e-m+fp/hard/libc_nano.a(libc_a-findfp.o)
                0x08009280                __sfp_lock_release
 .text.__sinit  0x0800928c       0x30 /Applications/ArmGNUToolchain/13.2.Rel1/arm-none-eabi/bin/../lib/gcc/arm-none-eabi/13.2.1/../../../../arm-none-eabi/lib/thumb/v7e-m+fp/hard/libc_nano.a(libc_a-findfp.o)
                0x0800928c                __sinit
 .text._fwalk_sglue
                0x080092bc       0x3c /Applications/ArmGNUToolchain/13.2.Rel1/arm-none-eabi/bin/../lib/gcc/arm-none-eabi/13.2.1/../../../../arm-none-eabi/lib/thumb/v7e-m+fp/hard/libc_nano.a(libc_a-fwalk.o)
                0x080092bc                _fwalk_sglue
 .text.memset   0x080092f8       0x10 /Applications/ArmGNUToolchain/13.2.Rel1/arm-none-eabi/bin/../lib/gcc/arm-none-eabi/13.2.1/../../../../arm-none-eabi/lib/thumb/v7e-m+fp/hard/libc_nano.a(libc_a-memset.o)
                0x080092f8                memset
 .text._localeconv_r
                0x08009308        0x8 /Applications/ArmGNUToolchain/13.2.Rel1/arm-none-eabi/bin/../lib/gcc/arm-none-eabi/13.2.1/../../../../arm-none-eabi/lib/thumb/v7e-m+fp/hard/libc_nano.a(libc_a-localeconv.o)
                0x08009308                _localeconv_r
 .text._reclaim_reent
                0x08009310       0xac /Applications/ArmGNUToolchain/13.2.Rel1/arm-none-eabi/bin/../lib/gcc/arm-none-eabi/13.2.1/../../../../arm-none-eabi/lib/thumb/v7e-m+fp/hard/libc_nano.a(libc_a-reent.o)
                0x08009310                _reclaim_reent
 .text.__errno  0x080093bc        0xc /Applications/ArmGNUToolchain/13.2.Rel1/arm-none-eabi/bin/../lib/gcc/arm-none-eabi/13.2.1/../../../../arm-none-eabi/lib/thumb/v7e-m+fp/hard/libc_nano.a(libc_a-errno.o)
                0x080093bc                __errno
 .text.__libc_init_array
                0x080093c8       0x48 /Applications/ArmGNUToolchain/13.2.Rel1/arm-none-eabi/bin/../lib/gcc/arm-none-eabi/13.2.1/../../../../arm-none-eabi/lib/thumb/v7e-m+fp/hard/libc_nano.a(libc_a-init.o)
                0x080093c8                __libc_init_array
 .text.__retarget_lock_init_recursive
                0x08009410        0x2 /Applications/ArmGNUToolchain/13.2.Rel1/arm-none-eabi/bin/../lib/gcc/arm-none-eabi/13.2.1/../../../../arm-none-eabi/lib/thumb/v7e-m+fp/hard/libc_nano.a(libc_a-lock.o)
                0x08009410                __retarget_lock_init_recursive
 .text.__retarget_lock_acquire_recursive
                0x08009412        0x2 /Applications/ArmGNUToolchain/13.2.Rel1/arm-none-eabi/bin/../lib/gcc/arm-none-eabi/13.2.1/../../../../arm-none-eabi/lib/thumb/v7e-m+fp/hard/libc_nano.a(libc_a-lock.o)
                0x08009412                __retarget_lock_acquire_recursive
 .text.__retarget_lock_release_recursive
                0x08009414        0x2 /Applications/ArmGNUToolchain/13.2.Rel1/arm-none-eabi/bin/../lib/gcc/arm-none-eabi/13.2.1/../../../../arm-none-eabi/lib/thumb/v7e-m+fp/hard/libc_nano.a(libc_a-lock.o)
                0x08009414                __retarget_lock_release_recursive
 .text.memcpy   0x08009416       0x1c /Applications/ArmGNUToolchain/13.2.Rel1/arm-none-eabi/bin/../lib/gcc/arm-none-eabi/13.2.1/../../../../arm-none-eabi/lib/thumb/v7e-m+fp/hard/libc_nano.a(libc_a-memcpy-stub.o)
                0x08009416                memcpy
 .text.quorem   0x08009432      0x110 /Applications/ArmGNUToolchain/13.2.Rel1/arm-none-eabi/bin/../lib/gcc/arm-none-eabi/13.2.1/../../../../arm-none-eabi/lib/thumb/v7e-m+fp/hard/libc_nano.a(libc_a-dtoa.o)
 *fill*         0x08009542        0x6 
 .text._dtoa_r  0x08009548      0xb74 /Applications/ArmGNUToolchain/13.2.Rel1/arm-none-eabi/bin/../lib/gcc/arm-none-eabi/13.2.1/../../../../arm-none-eabi/lib/thumb/v7e-m+fp/hard/libc_nano.a(libc_a-dtoa.o)
                0x08009548                _dtoa_r
 .text._free_r  0x0800a0bc       0x94 /Applications/ArmGNUToolchain/13.2.Rel1/arm-none-eabi/bin/../lib/gcc/arm-none-eabi/13.2.1/../../../../arm-none-eabi/lib/thumb/v7e-m+fp/hard/libc_nano.a(libc_a-freer.o)
                0x0800a0bc                _free_r
 .text.__ssputs_r
                0x0800a150       0xb6 /Applications/ArmGNUToolchain/13.2.Rel1/arm-none-eabi/bin/../lib/gcc/arm-none-eabi/13.2.1/../../../../arm-none-eabi/lib/thumb/v7e-m+fp/hard/libc_nano.a(libc_a-nano-svfprintf.o)
                0x0800a150                __ssputs_r
 *fill*         0x0800a206        0x2 
 .text._svfprintf_r
                0x0800a208      0x1f8 /Applications/ArmGNUToolchain/13.2.Rel1/arm-none-eabi/bin/../lib/gcc/arm-none-eabi/13.2.1/../../../../arm-none-eabi/lib/thumb/v7e-m+fp/hard/libc_nano.a(libc_a-nano-svfprintf.o)
                0x0800a208                _svfprintf_r
                0x0800a208                _svfiprintf_r
 .text.malloc   0x0800a400       0x10 /Applications/ArmGNUToolchain/13.2.Rel1/arm-none-eabi/bin/../lib/gcc/arm-none-eabi/13.2.1/../../../../arm-none-eabi/lib/thumb/v7e-m+fp/hard/libc_nano.a(libc_a-malloc.o)
                0x0800a400                malloc
 .text.sbrk_aligned
                0x0800a410       0x44 /Applications/ArmGNUToolchain/13.2.Rel1/arm-none-eabi/bin/../lib/gcc/arm-none-eabi/13.2.1/../../../../arm-none-eabi/lib/thumb/v7e-m+fp/hard/libc_nano.a(libc_a-mallocr.o)
 .text._malloc_r
                0x0800a454      0x100 /Applications/ArmGNUToolchain/13.2.Rel1/arm-none-eabi/bin/../lib/gcc/arm-none-eabi/13.2.1/../../../../arm-none-eabi/lib/thumb/v7e-m+fp/hard/libc_nano.a(libc_a-mallocr.o)
                0x0800a454                _malloc_r
 .text.__sflush_r
                0x0800a554      0x108 /Applications/ArmGNUToolchain/13.2.Rel1/arm-none-eabi/bin/../lib/gcc/arm-none-eabi/13.2.1/../../../../arm-none-eabi/lib/thumb/v7e-m+fp/hard/libc_nano.a(libc_a-fflush.o)
                0x0800a554                __sflush_r
 .text._fflush_r
                0x0800a65c       0x50 /Applications/ArmGNUToolchain/13.2.Rel1/arm-none-eabi/bin/../lib/gcc/arm-none-eabi/13.2.1/../../../../arm-none-eabi/lib/thumb/v7e-m+fp/hard/libc_nano.a(libc_a-fflush.o)
                0x0800a65c                _fflush_r
 .text.__malloc_lock
                0x0800a6ac        0xc /Applications/ArmGNUToolchain/13.2.Rel1/arm-none-eabi/bin/../lib/gcc/arm-none-eabi/13.2.1/../../../../arm-none-eabi/lib/thumb/v7e-m+fp/hard/libc_nano.a(libc_a-mlock.o)
                0x0800a6ac                __malloc_lock
 .text.__malloc_unlock
                0x0800a6b8        0xc /Applications/ArmGNUToolchain/13.2.Rel1/arm-none-eabi/bin/../lib/gcc/arm-none-eabi/13.2.1/../../../../arm-none-eabi/lib/thumb/v7e-m+fp/hard/libc_nano.a(libc_a-mlock.o)
                0x0800a6b8                __malloc_unlock
 .text._Balloc  0x0800a6c4       0x80 /Applications/ArmGNUToolchain/13.2.Rel1/arm-none-eabi/bin/../lib/gcc/arm-none-eabi/13.2.1/../../../../arm-none-eabi/lib/thumb/v7e-m+fp/hard/libc_nano.a(libc_a-mprec.o)
                0x0800a6c4                _Balloc
 .text._Bfree   0x0800a744       0x44 /Applications/ArmGNUToolchain/13.2.Rel1/arm-none-eabi/bin/../lib/gcc/arm-none-eabi/13.2.1/../../../../arm-none-eabi/lib/thumb/v7e-m+fp/hard/libc_nano.a(libc_a-mprec.o)
                0x0800a744                _Bfree
 .text.__multadd
                0x0800a788       0x8c /Applications/ArmGNUToolchain/13.2.Rel1/arm-none-eabi/bin/../lib/gcc/arm-none-eabi/13.2.1/../../../../arm-none-eabi/lib/thumb/v7e-m+fp/hard/libc_nano.a(libc_a-mprec.o)
                0x0800a788                __multadd
 .text.__hi0bits
                0x0800a814       0x3e /Applications/ArmGNUToolchain/13.2.Rel1/arm-none-eabi/bin/../lib/gcc/arm-none-eabi/13.2.1/../../../../arm-none-eabi/lib/thumb/v7e-m+fp/hard/libc_nano.a(libc_a-mprec.o)
                0x0800a814                __hi0bits
 .text.__lo0bits
                0x0800a852       0x5a /Applications/ArmGNUToolchain/13.2.Rel1/arm-none-eabi/bin/../lib/gcc/arm-none-eabi/13.2.1/../../../../arm-none-eabi/lib/thumb/v7e-m+fp/hard/libc_nano.a(libc_a-mprec.o)
                0x0800a852                __lo0bits
 .text.__i2b    0x0800a8ac       0x2c /Applications/ArmGNUToolchain/13.2.Rel1/arm-none-eabi/bin/../lib/gcc/arm-none-eabi/13.2.1/../../../../arm-none-eabi/lib/thumb/v7e-m+fp/hard/libc_nano.a(libc_a-mprec.o)
                0x0800a8ac                __i2b
 .text.__multiply
                0x0800a8d8      0x144 /Applications/ArmGNUToolchain/13.2.Rel1/arm-none-eabi/bin/../lib/gcc/arm-none-eabi/13.2.1/../../../../arm-none-eabi/lib/thumb/v7e-m+fp/hard/libc_nano.a(libc_a-mprec.o)
                0x0800a8d8                __multiply
 .text.__pow5mult
                0x0800aa1c       0xb4 /Applications/ArmGNUToolchain/13.2.Rel1/arm-none-eabi/bin/../lib/gcc/arm-none-eabi/13.2.1/../../../../arm-none-eabi/lib/thumb/v7e-m+fp/hard/libc_nano.a(libc_a-mprec.o)
                0x0800aa1c                __pow5mult
 .text.__lshift
                0x0800aad0       0xd8 /Applications/ArmGNUToolchain/13.2.Rel1/arm-none-eabi/bin/../lib/gcc/arm-none-eabi/13.2.1/../../../../arm-none-eabi/lib/thumb/v7e-m+fp/hard/libc_nano.a(libc_a-mprec.o)
                0x0800aad0                __lshift
 .text.__mcmp   0x0800aba8       0x36 /Applications/ArmGNUToolchain/13.2.Rel1/arm-none-eabi/bin/../lib/gcc/arm-none-eabi/13.2.1/../../../../arm-none-eabi/lib/thumb/v7e-m+fp/hard/libc_nano.a(libc_a-mprec.o)
                0x0800aba8                __mcmp
 *fill*         0x0800abde        0x2 
 .text.__mdiff  0x0800abe0      0x128 /Applications/ArmGNUToolchain/13.2.Rel1/arm-none-eabi/bin/../lib/gcc/arm-none-eabi/13.2.1/../../../../arm-none-eabi/lib/thumb/v7e-m+fp/hard/libc_nano.a(libc_a-mprec.o)
                0x0800abe0                __mdiff
 .text.__d2b    0x0800ad08       0xb0 /Applications/ArmGNUToolchain/13.2.Rel1/arm-none-eabi/bin/../lib/gcc/arm-none-eabi/13.2.1/../../../../arm-none-eabi/lib/thumb/v7e-m+fp/hard/libc_nano.a(libc_a-mprec.o)
                0x0800ad08                __d2b
 .text.__sread  0x0800adb8       0x22 /Applications/ArmGNUToolchain/13.2.Rel1/arm-none-eabi/bin/../lib/gcc/arm-none-eabi/13.2.1/../../../../arm-none-eabi/lib/thumb/v7e-m+fp/hard/libc_nano.a(libc_a-stdio.o)
                0x0800adb8                __sread
 .text.__swrite
                0x0800adda       0x38 /Applications/ArmGNUToolchain/13.2.Rel1/arm-none-eabi/bin/../lib/gcc/arm-none-eabi/13.2.1/../../../../arm-none-eabi/lib/thumb/v7e-m+fp/hard/libc_nano.a(libc_a-stdio.o)
                0x0800adda                __swrite
 .text.__sseek  0x0800ae12       0x24 /Applications/ArmGNUToolchain/13.2.Rel1/arm-none-eabi/bin/../lib/gcc/arm-none-eabi/13.2.1/../../../../arm-none-eabi/lib/thumb/v7e-m+fp/hard/libc_nano.a(libc_a-stdio.o)
                0x0800ae12                __sseek
 .text.__sclose
                0x0800ae36        0x8 /Applications/ArmGNUToolchain/13.2.Rel1/arm-none-eabi/bin/../lib/gcc/arm-none-eabi/13.2.1/../../../../arm-none-eabi/lib/thumb/v7e-m+fp/hard/libc_nano.a(libc_a-stdio.o)
                0x0800ae36                __sclose
 .text._realloc_r
                0x0800ae3e       0x5c /Applications/ArmGNUToolchain/13.2.Rel1/arm-none-eabi/bin/../lib/gcc/arm-none-eabi/13.2.1/../../../../arm-none-eabi/lib/thumb/v7e-m+fp/hard/libc_nano.a(libc_a-reallocr.o)
                0x0800ae3e                _realloc_r
 .text.memmove  0x0800ae9a       0x34 /Applications/ArmGNUToolchain/13.2.Rel1/arm-none-eabi/bin/../lib/gcc/arm-none-eabi/13.2.1/../../../../arm-none-eabi/lib/thumb/v7e-m+fp/hard/libc_nano.a(libc_a-memmove.o)
                0x0800ae9a                memmove
 *fill*         0x0800aece        0x2 
 .text._close_r
                0x0800aed0       0x20 /Applications/ArmGNUToolchain/13.2.Rel1/arm-none-eabi/bin/../lib/gcc/arm-none-eabi/13.2.1/../../../../arm-none-eabi/lib/thumb/v7e-m+fp/hard/libc_nano.a(libc_a-closer.o)
                0x0800aed0                _close_r
 .text._lseek_r
                0x0800aef0       0x24 /Applications/ArmGNUToolchain/13.2.Rel1/arm-none-eabi/bin/../lib/gcc/arm-none-eabi/13.2.1/../../../../arm-none-eabi/lib/thumb/v7e-m+fp/hard/libc_nano.a(libc_a-lseekr.o)
                0x0800aef0                _lseek_r
 .text._read_r  0x0800af14       0x24 /Applications/ArmGNUToolchain/13.2.Rel1/arm-none-eabi/bin/../lib/gcc/arm-none-eabi/13.2.1/../../../../arm-none-eabi/lib/thumb/v7e-m+fp/hard/libc_nano.a(libc_a-readr.o)
                0x0800af14                _read_r
 .text._sbrk_r  0x0800af38       0x20 /Applications/ArmGNUToolchain/13.2.Rel1/arm-none-eabi/bin/../lib/gcc/arm-none-eabi/13.2.1/../../../../arm-none-eabi/lib/thumb/v7e-m+fp/hard/libc_nano.a(libc_a-sbrkr.o)
                0x0800af38                _sbrk_r
 .text._write_r
                0x0800af58       0x24 /Applications/ArmGNUToolchain/13.2.Rel1/arm-none-eabi/bin/../lib/gcc/arm-none-eabi/13.2.1/../../../../arm-none-eabi/lib/thumb/v7e-m+fp/hard/libc_nano.a(libc_a-writer.o)
                0x0800af58                _write_r
 .text.__assert_func
                0x0800af7c       0x3c /Applications/ArmGNUToolchain/13.2.Rel1/arm-none-eabi/bin/../lib/gcc/arm-none-eabi/13.2.1/../../../../arm-none-eabi/lib/thumb/v7e-m+fp/hard/libc_nano.a(libc_a-assert.o)
                0x0800af7c                __assert_func
 .text._calloc_r
                0x0800afb8       0x28 /Applications/ArmGNUToolchain/13.2.Rel1/arm-none-eabi/bin/../lib/gcc/arm-none-eabi/13.2.1/../../../../arm-none-eabi/lib/thumb/v7e-m+fp/hard/libc_nano.a(libc_a-callocr.o)
                0x0800afb8                _calloc_r
 .text.__ascii_mbtowc
                0x0800afe0       0x24 /Applications/ArmGNUToolchain/13.2.Rel1/arm-none-eabi/bin/../lib/gcc/arm-none-eabi/13.2.1/../../../../arm-none-eabi/lib/thumb/v7e-m+fp/hard/libc_nano.a(libc_a-mbtowc_r.o)
                0x0800afe0                __ascii_mbtowc
 .text._malloc_usable_size_r
                0x0800b004       0x10 /Applications/ArmGNUToolchain/13.2.Rel1/arm-none-eabi/bin/../lib/gcc/arm-none-eabi/13.2.1/../../../../arm-none-eabi/lib/thumb/v7e-m+fp/hard/libc_nano.a(libc_a-msizer.o)
                0x0800b004                _malloc_usable_size_r
 .text.fprintf  0x0800b014       0x24 /Applications/ArmGNUToolchain/13.2.Rel1/arm-none-eabi/bin/../lib/gcc/arm-none-eabi/13.2.1/../../../../arm-none-eabi/lib/thumb/v7e-m+fp/hard/libc_nano.a(libc_a-fprintf.o)
                0x0800b014                fprintf
                0x0800b014                fiprintf
 .text.__ascii_wctomb
                0x0800b038       0x1a /Applications/ArmGNUToolchain/13.2.Rel1/arm-none-eabi/bin/../lib/gcc/arm-none-eabi/13.2.1/../../../../arm-none-eabi/lib/thumb/v7e-m+fp/hard/libc_nano.a(libc_a-wctomb_r.o)
                0x0800b038                __ascii_wctomb
 .text.abort    0x0800b052        0xe /Applications/ArmGNUToolchain/13.2.Rel1/arm-none-eabi/bin/../lib/gcc/arm-none-eabi/13.2.1/../../../../arm-none-eabi/lib/thumb/v7e-m+fp/hard/libc_nano.a(libc_a-abort.o)
                0x0800b052                abort
 .text.__sfputc_r
                0x0800b060       0x2e /Applications/ArmGNUToolchain/13.2.Rel1/arm-none-eabi/bin/../lib/gcc/arm-none-eabi/13.2.1/../../../../arm-none-eabi/lib/thumb/v7e-m+fp/hard/libc_nano.a(libc_a-nano-vfprintf.o)
 .text.__sfputs_r
                0x0800b08e       0x24 /Applications/ArmGNUToolchain/13.2.Rel1/arm-none-eabi/bin/../lib/gcc/arm-none-eabi/13.2.1/../../../../arm-none-eabi/lib/thumb/v7e-m+fp/hard/libc_nano.a(libc_a-nano-vfprintf.o)
                0x0800b08e                __sfputs_r
 *fill*         0x0800b0b2        0x2 
 .text._vfprintf_r
                0x0800b0b4      0x230 /Applications/ArmGNUToolchain/13.2.Rel1/arm-none-eabi/bin/../lib/gcc/arm-none-eabi/13.2.1/../../../../arm-none-eabi/lib/thumb/v7e-m+fp/hard/libc_nano.a(libc_a-nano-vfprintf.o)
                0x0800b0b4                _vfiprintf_r
                0x0800b0b4                _vfprintf_r
 .text.__swbuf_r
                0x0800b2e4       0x7c /Applications/ArmGNUToolchain/13.2.Rel1/arm-none-eabi/bin/../lib/gcc/arm-none-eabi/13.2.1/../../../../arm-none-eabi/lib/thumb/v7e-m+fp/hard/libc_nano.a(libc_a-wbuf.o)
                0x0800b2e4                __swbuf_r
 .text.__swsetup_r
                0x0800b360       0xac /Applications/ArmGNUToolchain/13.2.Rel1/arm-none-eabi/bin/../lib/gcc/arm-none-eabi/13.2.1/../../../../arm-none-eabi/lib/thumb/v7e-m+fp/hard/libc_nano.a(libc_a-wsetup.o)
                0x0800b360                __swsetup_r
 .text.__swhatbuf_r
                0x0800b40c       0x4c /Applications/ArmGNUToolchain/13.2.Rel1/arm-none-eabi/bin/../lib/gcc/arm-none-eabi/13.2.1/../../../../arm-none-eabi/lib/thumb/v7e-m+fp/hard/libc_nano.a(libc_a-makebuf.o)
                0x0800b40c                __swhatbuf_r
 .text.__smakebuf_r
                0x0800b458       0x78 /Applications/ArmGNUToolchain/13.2.Rel1/arm-none-eabi/bin/../lib/gcc/arm-none-eabi/13.2.1/../../../../arm-none-eabi/lib/thumb/v7e-m+fp/hard/libc_nano.a(libc_a-makebuf.o)
                0x0800b458                __smakebuf_r
 .text._fstat_r
                0x0800b4d0       0x24 /Applications/ArmGNUToolchain/13.2.Rel1/arm-none-eabi/bin/../lib/gcc/arm-none-eabi/13.2.1/../../../../arm-none-eabi/lib/thumb/v7e-m+fp/hard/libc_nano.a(libc_a-fstatr.o)
                0x0800b4d0                _fstat_r
 .text._isatty_r
                0x0800b4f4       0x20 /Applications/ArmGNUToolchain/13.2.Rel1/arm-none-eabi/bin/../lib/gcc/arm-none-eabi/13.2.1/../../../../arm-none-eabi/lib/thumb/v7e-m+fp/hard/libc_nano.a(libc_a-isattyr.o)
                0x0800b4f4                _isatty_r
 .text._raise_r
                0x0800b514       0x50 /Applications/ArmGNUToolchain/13.2.Rel1/arm-none-eabi/bin/../lib/gcc/arm-none-eabi/13.2.1/../../../../arm-none-eabi/lib/thumb/v7e-m+fp/hard/libc_nano.a(libc_a-signal.o)
                0x0800b514                _raise_r
 .text.raise    0x0800b564       0x10 /Applications/ArmGNUToolchain/13.2.Rel1/arm-none-eabi/bin/../lib/gcc/arm-none-eabi/13.2.1/../../../../arm-none-eabi/lib/thumb/v7e-m+fp/hard/libc_nano.a(libc_a-signal.o)
                0x0800b564                raise
 .text._kill_r  0x0800b574       0x24 /Applications/ArmGNUToolchain/13.2.Rel1/arm-none-eabi/bin/../lib/gcc/arm-none-eabi/13.2.1/../../../../arm-none-eabi/lib/thumb/v7e-m+fp/hard/libc_nano.a(libc_a-signalr.o)
                0x0800b574                _kill_r
 .text._getpid_r
                0x0800b598        0x4 /Applications/ArmGNUToolchain/13.2.Rel1/arm-none-eabi/bin/../lib/gcc/arm-none-eabi/13.2.1/../../../../arm-none-eabi/lib/thumb/v7e-m+fp/hard/libc_nano.a(libc_a-signalr.o)
                0x0800b598                _getpid_r
 .text.__udivmoddi4
                0x0800b59c      0x2bc /Applications/ArmGNUToolchain/13.2.Rel1/arm-none-eabi/bin/../lib/gcc/arm-none-eabi/13.2.1/thumb/v7e-m+fp/hard/libgcc.a(_udivmoddi4.o)
                0x0800b59c                __udivmoddi4
 *(.glue_7)
 .glue_7        0x0800b858        0x0 linker stubs
 *(.glue_7t)
 .glue_7t       0x0800b858        0x0 linker stubs
 *(.eh_frame)
 .eh_frame      0x0800b858        0x0 /Applications/ArmGNUToolchain/13.2.Rel1/arm-none-eabi/bin/../lib/gcc/arm-none-eabi/13.2.1/thumb/v7e-m+fp/hard/crtbegin.o
 *(.init)
 .init          0x0800b858        0x4 /Applications/ArmGNUToolchain/13.2.Rel1/arm-none-eabi/bin/../lib/gcc/arm-none-eabi/13.2.1/thumb/v7e-m+fp/hard/crti.o
                0x0800b858                _init
 .init          0x0800b85c        0x8 /Applications/ArmGNUToolchain/13.2.Rel1/arm-none-eabi/bin/../lib/gcc/arm-none-eabi/13.2.1/thumb/v7e-m+fp/hard/crtn.o
 *(.fini)
 .fini          0x0800b864        0x4 /Applications/ArmGNUToolchain/13.2.Rel1/arm-none-eabi/bin/../lib/gcc/arm-none-eabi/13.2.1/thumb/v7e-m+fp/hard/crti.o
                0x0800b864                _fini
 .fini          0x0800b868        0x8 /Applications/ArmGNUToolchain/13.2.Rel1/arm-none-eabi/bin/../lib/gcc/arm-none-eabi/13.2.1/thumb/v7e-m+fp/hard/crtn.o
                0x0800b870                        . = ALIGN (0x4)
                0x0800b870                        _etext = .

.vfp11_veneer   0x0800b870        0x0
 .vfp11_veneer  0x0800b870        0x0 linker stubs

.v4_bx          0x0800b870        0x0
 .v4_bx         0x0800b870        0x0 linker stubs

.iplt           0x0800b870        0x0
 .iplt          0x0800b870        0x0 /Applications/ArmGNUToolchain/13.2.Rel1/arm-none-eabi/bin/../lib/gcc/arm-none-eabi/13.2.1/thumb/v7e-m+fp/hard/crtbegin.o

.rodata         0x0800b870      0x4ac
                0x0800b870                        . = ALIGN (0x4)
 *(.rodata)
 .rodata        0x0800b870       0x1c build/freertos.o
 *(.rodata*)
 .rodata.USBTask_Run.str1.4
                0x0800b88c       0xbb build/freertos.o
                                 0x54 (size before relaxing)
 .rodata.str1.4
                0x0800b947        0x8 build/freertos.o
 *fill*         0x0800b947        0x1 
 .rodata.SHIFT_TAB_ICxx
                0x0800b948        0x7 build/tim.o
 *fill*         0x0800b94f        0x1 
 .rodata.SHIFT_TAB_OCxx
                0x0800b950        0x7 build/tim.o
 *fill*         0x0800b957        0x1 
 .rodata.OFFSET_TAB_CCMRx
                0x0800b958        0x7 build/tim.o
 .rodata.USBD_FS_ProductStrDescriptor.str1.4
                0x0800b95f        0xb build/usbd_desc.o
 .rodata.USBD_FS_ManufacturerStrDescriptor.str1.4
                0x0800b95f       0x13 build/usbd_desc.o
 .rodata.USBD_FS_ConfigStrDescriptor.str1.4
                0x0800b95f        0xb build/usbd_desc.o
 .rodata.USBD_FS_InterfaceStrDescriptor.str1.4
                0x0800b95f        0xe build/usbd_desc.o
 *fill*         0x0800b95f        0x1 
 .rodata.APBPrescTable
                0x0800b960        0x8 build/system_stm32f4xx.o
                0x0800b960                APBPrescTable
 .rodata.AHBPrescTable
                0x0800b968       0x10 build/system_stm32f4xx.o
                0x0800b968                AHBPrescTable
 .rodata.vTaskStartScheduler.str1.4
                0x0800b978        0x5 build/tasks.o
 .rodata.prvCheckForValidListAndQueue.str1.4
                0x0800b978        0x5 build/timers.o
 .rodata.xTimerCreateTimerTask.str1.4
                0x0800b978        0x8 build/timers.o
 .rodata.str1.4
                0x0800b978        0xb build/SensorTask.o
 .rodata.os_thread_def_SensorTask
                0x0800b978       0x1c build/SensorTask.o
                0x0800b978                os_thread_def_SensorTask
 .rodata._printf_float.str1.1
                0x0800b994      0x183 /Applications/ArmGNUToolchain/13.2.Rel1/arm-none-eabi/bin/../lib/gcc/arm-none-eabi/13.2.1/../../../../arm-none-eabi/lib/thumb/v7e-m+fp/hard/libc_nano.a(libc_a-nano-vfprintf_float.o)
                                 0x12 (size before relaxing)
 .rodata._printf_i.str1.1
                0x0800bb17       0x22 /Applications/ArmGNUToolchain/13.2.Rel1/arm-none-eabi/bin/../lib/gcc/arm-none-eabi/13.2.1/../../../../arm-none-eabi/lib/thumb/v7e-m+fp/hard/libc_nano.a(libc_a-nano-vfprintf_i.o)
 .rodata._dtoa_r.str1.1
                0x0800bb17       0x98 /Applications/ArmGNUToolchain/13.2.Rel1/arm-none-eabi/bin/../lib/gcc/arm-none-eabi/13.2.1/../../../../arm-none-eabi/lib/thumb/v7e-m+fp/hard/libc_nano.a(libc_a-dtoa.o)
 .rodata._svfprintf_r.str1.1
                0x0800bb17       0x11 /Applications/ArmGNUToolchain/13.2.Rel1/arm-none-eabi/bin/../lib/gcc/arm-none-eabi/13.2.1/../../../../arm-none-eabi/lib/thumb/v7e-m+fp/hard/libc_nano.a(libc_a-nano-svfprintf.o)
 .rodata._Balloc.str1.1
                0x0800bb17       0x79 /Applications/ArmGNUToolchain/13.2.Rel1/arm-none-eabi/bin/../lib/gcc/arm-none-eabi/13.2.1/../../../../arm-none-eabi/lib/thumb/v7e-m+fp/hard/libc_nano.a(libc_a-mprec.o)
 .rodata.__multadd.str1.1
                0x0800bb17       0x11 /Applications/ArmGNUToolchain/13.2.Rel1/arm-none-eabi/bin/../lib/gcc/arm-none-eabi/13.2.1/../../../../arm-none-eabi/lib/thumb/v7e-m+fp/hard/libc_nano.a(libc_a-mprec.o)
 *fill*         0x0800bb17        0x1 
 .rodata.p05.0  0x0800bb18        0xc /Applications/ArmGNUToolchain/13.2.Rel1/arm-none-eabi/bin/../lib/gcc/arm-none-eabi/13.2.1/../../../../arm-none-eabi/lib/thumb/v7e-m+fp/hard/libc_nano.a(libc_a-mprec.o)
 *fill*         0x0800bb24        0x4 
 .rodata.__mprec_bigtens
                0x0800bb28       0x28 /Applications/ArmGNUToolchain/13.2.Rel1/arm-none-eabi/bin/../lib/gcc/arm-none-eabi/13.2.1/../../../../arm-none-eabi/lib/thumb/v7e-m+fp/hard/libc_nano.a(libc_a-mprec.o)
                0x0800bb28                __mprec_bigtens
 .rodata.__mprec_tens
                0x0800bb50       0xc8 /Applications/ArmGNUToolchain/13.2.Rel1/arm-none-eabi/bin/../lib/gcc/arm-none-eabi/13.2.1/../../../../arm-none-eabi/lib/thumb/v7e-m+fp/hard/libc_nano.a(libc_a-mprec.o)
                0x0800bb50                __mprec_tens
 .rodata._setlocale_r.str1.1
                0x0800bc18        0x9 /Applications/ArmGNUToolchain/13.2.Rel1/arm-none-eabi/bin/../lib/gcc/arm-none-eabi/13.2.1/../../../../arm-none-eabi/lib/thumb/v7e-m+fp/hard/libc_nano.a(libc_a-locale.o)
 .rodata.str1.1
                0x0800bc18        0x2 /Applications/ArmGNUToolchain/13.2.Rel1/arm-none-eabi/bin/../lib/gcc/arm-none-eabi/13.2.1/../../../../arm-none-eabi/lib/thumb/v7e-m+fp/hard/libc_nano.a(libc_a-locale.o)
 .rodata._ctype_
                0x0800bc18      0x101 /Applications/ArmGNUToolchain/13.2.Rel1/arm-none-eabi/bin/../lib/gcc/arm-none-eabi/13.2.1/../../../../arm-none-eabi/lib/thumb/v7e-m+fp/hard/libc_nano.a(libc_a-ctype_.o)
                0x0800bc18                _ctype_
 .rodata.__assert_func.str1.1
                0x0800bd19       0x3d /Applications/ArmGNUToolchain/13.2.Rel1/arm-none-eabi/bin/../lib/gcc/arm-none-eabi/13.2.1/../../../../arm-none-eabi/lib/thumb/v7e-m+fp/hard/libc_nano.a(libc_a-assert.o)
 .rodata._vfprintf_r.str1.1
                0x0800bd19       0x11 /Applications/ArmGNUToolchain/13.2.Rel1/arm-none-eabi/bin/../lib/gcc/arm-none-eabi/13.2.1/../../../../arm-none-eabi/lib/thumb/v7e-m+fp/hard/libc_nano.a(libc_a-nano-vfprintf.o)
                0x0800bd58                        . = ALIGN (0x4)
 *fill*         0x0800bd19        0x3 

.ARM.extab
 *(.ARM.extab* .gnu.linkonce.armextab.*)

.ARM            0x0800bd1c        0x8
                0x0800bd1c                        __exidx_start = .
 *(.ARM.exidx*)
 .ARM.exidx     0x0800bd1c        0x8 /Applications/ArmGNUToolchain/13.2.Rel1/arm-none-eabi/bin/../lib/gcc/arm-none-eabi/13.2.1/../../../../arm-none-eabi/lib/thumb/v7e-m+fp/hard/libc_nano.a(libc_a-memchr.o)
 .ARM.exidx     0x0800bd24        0x0 /Applications/ArmGNUToolchain/13.2.Rel1/arm-none-eabi/bin/../lib/gcc/arm-none-eabi/13.2.1/../../../../arm-none-eabi/lib/thumb/v7e-m+fp/hard/libc_nano.a(libc_a-strlen.o)
                                  0x8 (size before relaxing)
 .ARM.exidx.text.__udivmoddi4
                0x0800bd24        0x0 /Applications/ArmGNUToolchain/13.2.Rel1/arm-none-eabi/bin/../lib/gcc/arm-none-eabi/13.2.1/thumb/v7e-m+fp/hard/libgcc.a(_udivmoddi4.o)
                                  0x8 (size before relaxing)
                0x0800bd24                        __exidx_end = .

.rel.dyn        0x0800bd24        0x0
 .rel.iplt      0x0800bd24        0x0 /Applications/ArmGNUToolchain/13.2.Rel1/arm-none-eabi/bin/../lib/gcc/arm-none-eabi/13.2.1/thumb/v7e-m+fp/hard/crtbegin.o

.preinit_array  0x0800bd24        0x0
                0x0800bd24                        PROVIDE (__preinit_array_start = .)
 *(.preinit_array*)
                0x0800bd24                        PROVIDE (__preinit_array_end = .)

.init_array     0x0800bd24        0x4
                0x0800bd24                        PROVIDE (__init_array_start = .)
 *(SORT_BY_NAME(.init_array.*))
 *(.init_array*)
 .init_array    0x0800bd24        0x4 /Applications/ArmGNUToolchain/13.2.Rel1/arm-none-eabi/bin/../lib/gcc/arm-none-eabi/13.2.1/thumb/v7e-m+fp/hard/crtbegin.o
                0x0800bd28                        PROVIDE (__init_array_end = .)

.fini_array     0x0800bd28        0x4
                [!provide]                        PROVIDE (__fini_array_start = .)
 *(SORT_BY_NAME(.fini_array.*))
 *(.fini_array*)
 .fini_array    0x0800bd28        0x4 /Applications/ArmGNUToolchain/13.2.Rel1/arm-none-eabi/bin/../lib/gcc/arm-none-eabi/13.2.1/thumb/v7e-m+fp/hard/crtbegin.o
                [!provide]                        PROVIDE (__fini_array_end = .)
                0x0800bd2c                        _sidata = LOADADDR (.data)

.data           0x20000000      0x2c4 load address 0x0800bd2c
                0x20000000                        . = ALIGN (0x4)
                0x20000000                        _sdata = .
 *(.data)
 *(.data*)
 .data.USBD_StringSerial
                0x20000000       0x1a build/usbd_desc.o
                0x20000000                USBD_StringSerial
 *fill*         0x2000001a        0x2 
 .data.USBD_LangIDDesc
                0x2000001c        0x4 build/usbd_desc.o
                0x2000001c                USBD_LangIDDesc
 .data.USBD_FS_DeviceDesc
                0x20000020       0x12 build/usbd_desc.o
                0x20000020                USBD_FS_DeviceDesc
 *fill*         0x20000032        0x2 
 .data.FS_Desc  0x20000034       0x1c build/usbd_desc.o
                0x20000034                FS_Desc
 .data.USBD_Interface_fops_FS
                0x20000050       0x14 build/usbd_cdc_if.o
                0x20000050                USBD_Interface_fops_FS
 .data.uwTickFreq
                0x20000064        0x1 build/stm32f4xx_hal.o
                0x20000064                uwTickFreq
 *fill*         0x20000065        0x3 
 .data.uwTickPrio
                0x20000068        0x4 build/stm32f4xx_hal.o
                0x20000068                uwTickPrio
 .data.SystemCoreClock
                0x2000006c        0x4 build/system_stm32f4xx.o
                0x2000006c                SystemCoreClock
 .data.uxCriticalNesting
                0x20000070        0x4 build/port.o
 .data.USBD_CDC_CfgDesc
                0x20000074       0x43 build/usbd_cdc.o
 *fill*         0x200000b7        0x1 
 .data.USBD_CDC
                0x200000b8       0x38 build/usbd_cdc.o
                0x200000b8                USBD_CDC
 .data.USBD_CDC_DeviceQualifierDesc
                0x200000f0        0xa build/usbd_cdc.o
 *fill*         0x200000fa        0x2 
 .data.__sglue  0x200000fc        0xc /Applications/ArmGNUToolchain/13.2.Rel1/arm-none-eabi/bin/../lib/gcc/arm-none-eabi/13.2.1/../../../../arm-none-eabi/lib/thumb/v7e-m+fp/hard/libc_nano.a(libc_a-findfp.o)
                0x200000fc                __sglue
 .data._impure_ptr
                0x20000108        0x4 /Applications/ArmGNUToolchain/13.2.Rel1/arm-none-eabi/bin/../lib/gcc/arm-none-eabi/13.2.1/../../../../arm-none-eabi/lib/thumb/v7e-m+fp/hard/libc_nano.a(libc_a-impure.o)
                0x20000108                _impure_ptr
 .data._impure_data
                0x2000010c       0x4c /Applications/ArmGNUToolchain/13.2.Rel1/arm-none-eabi/bin/../lib/gcc/arm-none-eabi/13.2.1/../../../../arm-none-eabi/lib/thumb/v7e-m+fp/hard/libc_nano.a(libc_a-impure.o)
                0x2000010c                _impure_data
 .data.__global_locale
                0x20000158      0x16c /Applications/ArmGNUToolchain/13.2.Rel1/arm-none-eabi/bin/../lib/gcc/arm-none-eabi/13.2.1/../../../../arm-none-eabi/lib/thumb/v7e-m+fp/hard/libc_nano.a(libc_a-locale.o)
                0x20000158                __global_locale
                0x200002c4                        . = ALIGN (0x4)
                0x200002c4                        _edata = .

.tm_clone_table
                0x200002c4        0x0 load address 0x0800bff0
 .tm_clone_table
                0x200002c4        0x0 /Applications/ArmGNUToolchain/13.2.Rel1/arm-none-eabi/bin/../lib/gcc/arm-none-eabi/13.2.1/thumb/v7e-m+fp/hard/crtbegin.o
 .tm_clone_table
                0x200002c4        0x0 /Applications/ArmGNUToolchain/13.2.Rel1/arm-none-eabi/bin/../lib/gcc/arm-none-eabi/13.2.1/thumb/v7e-m+fp/hard/crtend.o

.igot.plt       0x200002c4        0x0 load address 0x0800bff0
 .igot.plt      0x200002c4        0x0 /Applications/ArmGNUToolchain/13.2.Rel1/arm-none-eabi/bin/../lib/gcc/arm-none-eabi/13.2.1/thumb/v7e-m+fp/hard/crtbegin.o
                0x200002c4                        . = ALIGN (0x4)

.bss            0x200002c8     0x6710 load address 0x0800bff0
                0x200002c8                        _sbss = .
                0x200002c8                        __bss_start__ = _sbss
 *(.bss)
 *(.bss*)
 .bss.completed.1
                0x200002c8        0x1 /Applications/ArmGNUToolchain/13.2.Rel1/arm-none-eabi/bin/../lib/gcc/arm-none-eabi/13.2.1/thumb/v7e-m+fp/hard/crtbegin.o
 *fill*         0x200002c9        0x3 
 .bss.object.0  0x200002cc       0x18 /Applications/ArmGNUToolchain/13.2.Rel1/arm-none-eabi/bin/../lib/gcc/arm-none-eabi/13.2.1/thumb/v7e-m+fp/hard/crtbegin.o
 .bss.xTimerStack
                0x200002e4      0x400 build/freertos.o
 *fill*         0x200006e4        0x4 
 .bss.xTimerTaskTCBBuffer
                0x200006e8      0x180 build/freertos.o
 .bss.xIdleStack
                0x20000868      0x200 build/freertos.o
 .bss.xIdleTaskTCBBuffer
                0x20000a68      0x180 build/freertos.o
 .bss.USBTaskHandle
                0x20000be8        0x4 build/freertos.o
                0x20000be8                USBTaskHandle
 .bss.hi2c2     0x20000bec       0x54 build/i2c.o
                0x20000bec                hi2c2
 .bss.hi2c1     0x20000c40       0x54 build/i2c.o
                0x20000c40                hi2c1
 .bss.hspi1     0x20000c94       0x58 build/spi.o
                0x20000c94                hspi1
 .bss.huart2    0x20000cec       0x48 build/usart.o
                0x20000cec                huart2
 .bss.huart1    0x20000d34       0x48 build/usart.o
                0x20000d34                huart1
 .bss.htim11    0x20000d7c       0x48 build/stm32f4xx_hal_timebase_tim.o
                0x20000d7c                htim11
 .bss.hUsbDeviceFS
                0x20000dc4      0x2dc build/usb_device.o
                0x20000dc4                hUsbDeviceFS
 .bss.USBD_StrDesc
                0x200010a0      0x200 build/usbd_desc.o
                0x200010a0                USBD_StrDesc
 .bss.UserTxBufferFS
                0x200012a0      0x800 build/usbd_cdc_if.o
                0x200012a0                UserTxBufferFS
 .bss.UserRxBufferFS
                0x20001aa0      0x800 build/usbd_cdc_if.o
                0x20001aa0                UserRxBufferFS
 .bss.mem.0     0x200022a0      0x220 build/usbd_conf.o
 .bss.hpcd_USB_OTG_FS
                0x200024c0      0x4e4 build/usbd_conf.o
                0x200024c0                hpcd_USB_OTG_FS
 .bss.uwTick    0x200029a4        0x4 build/stm32f4xx_hal.o
                0x200029a4                uwTick
 .bss.xQueueRegistry
                0x200029a8       0x40 build/queue.o
                0x200029a8                xQueueRegistry
 .bss.uxSchedulerSuspended
                0x200029e8        0x4 build/tasks.o
 .bss.xIdleTaskHandle
                0x200029ec        0x4 build/tasks.o
 .bss.xNextTaskUnblockTime
                0x200029f0        0x4 build/tasks.o
 .bss.uxTaskNumber
                0x200029f4        0x4 build/tasks.o
 .bss.xNumOfOverflows
                0x200029f8        0x4 build/tasks.o
 .bss.xYieldPending
                0x200029fc        0x4 build/tasks.o
 .bss.xPendedTicks
                0x20002a00        0x4 build/tasks.o
 .bss.xSchedulerRunning
                0x20002a04        0x4 build/tasks.o
 .bss.uxTopReadyPriority
                0x20002a08        0x4 build/tasks.o
 .bss.xTickCount
                0x20002a0c        0x4 build/tasks.o